--------- beginning of main
10-04 10:23:07.720  1159  1216 I SemDvfsHyPerManager: acquire hyper - APP_LAUNCH/1159@37, type = -999
10-04 10:23:07.721   978  1069 I HYPER-HAL: [RequestManager.cpp]acquire(): Acquired ID : 715843  [1159 / 37]    HINT : APP_LAUNCH    list : 
10-04 10:23:07.723   978  1069 I HYPER-HAL: [ResourceManager.cpp]updateResource(): [CPULittleMinFreq] UpdateResource Request ID : 715843    Value : 1804800
--------- beginning of system
10-04 10:23:07.725  1159  2104 I ActivityTaskManager: START u0 {act=android.intent.action.MAIN cat=[android.intent.category.LAUNCHER] flg=0x10000000 cmp=org.woheller69.weather/.activities.SplashActivity} from uid 2000
10-04 10:23:07.724  3663  3663 I SemDvfsHyPerManager: acquire hyper - com.sec.android.sdhms/3663@10, type = -999
10-04 10:23:07.726  1159  2104 D ActivityTaskManager: TaskLaunchParamsModifier:task=null activity=ActivityRecord{2e6e654 u0 org.woheller69.weather/.activities.SplashActivity task-display-area=DefaultTaskDisplayArea@266463799 display-area-windowing-mode=1
10-04 10:23:07.727  1159  2218 D DexPreloader: create a new DexPreloadTask pkg:org.woheller69.weather  path:/data/app/~~QXDhs4ZG37GmbDbeWv-2dA==/org.woheller69.weather-mCP1DnwB-kCcaBV40NuiLg==
10-04 10:23:07.727  1159  2104 D ActivityTaskManager: TaskLaunchParamsModifier:task=null activity=ActivityRecord{2e6e654 u0 org.woheller69.weather/.activities.SplashActivity t-1} task-display-area=DefaultTaskDisplayArea@266463799 display-area-windowing-mode=1 non-freeform-display maximized-bounds
10-04 10:23:07.728  1159  3042 I SemDvfsHyPerManager: acquire hyper - AMS_APP_SWITCH/1159@24, type = -999
10-04 10:23:07.729  1159  3042 D ActivityManagerPerformance: AMP_acquire() APP_SWITCH
10-04 10:23:07.730  1044  1255 I SurfaceFlinger: id=641 createSurf (0x0),-1 flag=24004, Task=460#0
10-04 10:23:07.732   978  1069 I HYPER-HAL: [ResourceManager.cpp]updateResource(): [CPUMinFreq] UpdateResource Request ID : 715843    Value : 2208000
10-04 10:23:07.733  1159  2104 D ActivityTaskManager: TaskLaunchParamsModifier:task=Task{f75d9fd #460 visible=false type=standard mode=fullscreen translucent=true A=10466:org.woheller69.weather U=0 StackId=460 sz=0} activity=ActivityRecord{2e6e654 u0 org.woheller69.weather/.activities.SplashActivity t-1} display-from-task=0 task-display-area=DefaultTaskDisplayArea@266463799 display-area-windowing-mode=1 non-freeform-display maximized-bounds
10-04 10:23:07.733  3663  3663 I SDHMS:p : writeSysfs:: path = /dev/cpuset/foreground/cpus, value = 0-5
10-04 10:23:07.733   978  1069 I HYPER-HAL: [RequestManager.cpp]acquire(): Acquired ID : 6747311  [3663 / 10]    HINT : APP_START    list : 
10-04 10:23:07.733  1044  1255 I SurfaceFlinger: id=642 createSurf (0x0),-1 flag=80004, ActivityRecord{2e6e654 u0 org.woheller69.weather/.activities.SplashActivity t460}#0
10-04 10:23:07.734   978  1069 I HYPER-HAL: [ResourceManager.cpp]updateResource(): [CPUMaxFreq] UpdateResource Request ID : 6747311    Value : 2208000
10-04 10:23:07.734   978  1069 I HYPER-HAL: [RequestManager.cpp]acquire(): Acquired ID : 700360  [1159 / 24]    HINT : AMS_APP_SWITCH    list : 
10-04 10:23:07.734   978  1069 I HYPER-HAL: [ResourceManager.cpp]updateResource(): [CPULittleMinFreq] UpdateResource Request ID : 700360    Value : 1804800
10-04 10:23:07.735  1159  9570 D DexPreloader: /data/app/~~QXDhs4ZG37GmbDbeWv-2dA==/org.woheller69.weather-mCP1DnwB-kCcaBV40NuiLg==/oat/arm64/base.odex is already preloaded
10-04 10:23:07.735  3663  3663 I SemDvfsHyPerManager: acquire hyper - com.sec.android.sdhms/3663@10, type = -999
10-04 10:23:07.736  3663  3663 I SDHMS:p : writeSysfs:: path = /dev/cpuset/foreground/cpus, value = 0-5
10-04 10:23:07.739  1159  2104 V WindowManager: Prepare app transition: transit=TRANSIT_TASK_OPEN mNextAppTransition=TRANSIT_UNSET alwaysKeepCurrent=false displayId=0 Callers=com.android.server.wm.DisplayContent.prepareAppTransition:5809 com.android.server.wm.DisplayContent.prepareAppTransition:5803 com.android.server.wm.ActivityStack.startActivityLocked:2595 com.android.server.wm.ActivityStarter.startActivityInner:2674 com.android.server.wm.ActivityStarter.startActivityUnchecked:2197 
10-04 10:23:07.739   978  1069 I HYPER-HAL: [ResourceManager.cpp]updateResource(): [CPUMinFreq] UpdateResource Request ID : 700360    Value : 2208000
10-04 10:23:07.739   978  1069 I HYPER-HAL: [RequestManager.cpp]acquire(): Acquired ID : 6747311  [3663 / 10]    HINT : APP_START    list : 
10-04 10:23:07.741  1159  2104 V WindowManager: rotationForOrientation(orient=SCREEN_ORIENTATION_UNSPECIFIED (-1), last=ROTATION_0 (0)); user=ROTATION_0 (0) 
10-04 10:23:07.741  1159  2104 D WindowManager: rotationForOrientation, orientationSource=ActivityRecord{7c0be84 u0 com.sec.android.app.launcher/.activities.LauncherActivity t443}
10-04 10:23:07.741  1159  2104 V WindowOrientationListener: getProposedRotation: -1
10-04 10:23:07.741   978  1069 I HYPER-HAL: [ResourceManager.cpp]updateResource(): [CPUMaxFreq] UpdateResource Request ID : 6747311    Value : 2208000
10-04 10:23:07.743  1044  1044 D SurfaceFlinger: GPIS:: requestGPIS
10-04 10:23:07.743  1044  3006 D NativeSemDvfsManager: acquire:: timeout = 2000 mIsAcquired = 1  mTagName : SurfaceFlinger 
10-04 10:23:07.743  1044  3006 E NativeCustomFrequencyManager: [NativeCFMS] BpCustomFrequencyManager::acquire()
10-04 10:23:07.743   978  1069 I HYPER-HAL: [RequestManager.cpp]acquire(): Acquired ID : 2090990  [1044 / 1000]    HINT :      list : [GPUMinFreq / 565] [TIMEOUT / 2000] 
10-04 10:23:07.744  1159  2104 I SemDvfsHyPerManager: acquire hyper - AMS_APP_LAUNCH/1159@16, type = -999
10-04 10:23:07.745   978  1069 I HYPER-HAL: [RequestManager.cpp]acquire(): Acquired ID : 690916  [1159 / 16]    HINT : AMS_APP_LAUNCH    list : 
10-04 10:23:07.745   978  1069 I HYPER-HAL: [ResourceManager.cpp]updateResource(): [CPULittleMinFreq] UpdateResource Request ID : 690916    Value : 1804800
10-04 10:23:07.746  9566  9568 I cmd     : oneway function results will be dropped but finished with status OK and parcel size 4
10-04 10:23:07.747  2602  2602 I DragController: endDrag
10-04 10:23:07.747  2602  2602 I SPayUpdater: updateSpayHandler launcher activity is paused false
10-04 10:23:07.748  1159  2104 D MARsPolicyManager: onPackageResumedFG pkgName = org.woheller69.weather, userId = 0
10-04 10:23:07.749  1159  2104 V WindowManager: Prepare app transition: transit=TRANSIT_TASK_OPEN mNextAppTransition=TRANSIT_TASK_OPEN alwaysKeepCurrent=false displayId=0 Callers=com.android.server.wm.DisplayContent.prepareAppTransition:5809 com.android.server.wm.DisplayContent.prepareAppTransition:5803 com.android.server.wm.ActivityStack.resumeTopActivityInnerLocked:2255 com.android.server.wm.ActivityStack.resumeTopActivityUncheckedLocked:1873 com.android.server.wm.RootWindowContainer.resumeFocusedStacksTopActivities:2678 
10-04 10:23:07.752   978  1069 I HYPER-HAL: [ResourceManager.cpp]updateResource(): [CPUMinFreq] UpdateResource Request ID : 690916    Value : 2208000
10-04 10:23:07.755  1159  1207 D InputTransport: Input channel constructed: '6c2a4ee', fd=631
10-04 10:23:07.755  1159  1207 D InputTransport: Input channel constructed: '6c2a4ee', fd=632
10-04 10:23:07.756  1044  1255 I SurfaceFlinger: id=643 createSurf (0x0),-1 flag=80004, 6c2a4ee Splash Screen org.woheller69.weather#0
10-04 10:23:07.757  1159  1207 V WindowManager: rotationForOrientation(orient=SCREEN_ORIENTATION_UNSPECIFIED (-1), last=ROTATION_0 (0)); user=ROTATION_0 (0) 
10-04 10:23:07.757  1159  1207 D WindowManager: rotationForOrientation, orientationSource=ActivityRecord{2e6e654 u0 org.woheller69.weather/.activities.SplashActivity t460}
10-04 10:23:07.757  1159  1207 V WindowOrientationListener: getProposedRotation: -1
10-04 10:23:07.757  1159  1207 V WindowManager: rotationForOrientation(orient=SCREEN_ORIENTATION_UNSPECIFIED (-1), last=ROTATION_0 (0)); user=ROTATION_0 (0) 
10-04 10:23:07.757  1159  1207 D WindowManager: rotationForOrientation, orientationSource=ActivityRecord{2e6e654 u0 org.woheller69.weather/.activities.SplashActivity t460}
10-04 10:23:07.757  1159  1207 V WindowOrientationListener: getProposedRotation: -1
10-04 10:23:07.757  1159  1207 V WindowManager: Computed rotation=ROTATION_0 (0) for display id=0 based on lastOrientation=SCREEN_ORIENTATION_UNSPECIFIED (-1) and oldRotation=ROTATION_0 (0), caller=com.android.server.wm.DisplayRotation.updateOrientation:394 com.android.server.wm.DisplayContent.updateOrientation:1698 com.android.server.wm.DisplayContent.updateOrientation:1603 com.android.server.wm.WindowManagerService.addWindow:2017 com.android.server.wm.Session.addToDisplayAsUser:182 android.view.ViewRootImpl.setView:1404 
10-04 10:23:07.758  1159  2104 V WindowManager: Relayout Window{9ca785a u0 com.sec.android.app.launcher/com.sec.android.app.launcher.activities.LauncherActivity}: viewVisibility=0 req=1080x2400
10-04 10:23:07.758  1159  1207 I ViewRootImpl@8a73269[weather]: setView = com.android.internal.policy.DecorView@ab821fa TM=true
10-04 10:23:07.759  1159  1206 D StorageManagerService: getExternalStorageMountMode: uid=10466 packageName=org.woheller69.weather
10-04 10:23:07.759  1159  2104 V WindowManager: rotationForOrientation(orient=SCREEN_ORIENTATION_UNSPECIFIED (-1), last=ROTATION_0 (0)); user=ROTATION_0 (0) 
10-04 10:23:07.759  1159  2104 D WindowManager: rotationForOrientation, orientationSource=ActivityRecord{2e6e654 u0 org.woheller69.weather/.activities.SplashActivity t460}
10-04 10:23:07.759  1159  2104 V WindowOrientationListener: getProposedRotation: -1
10-04 10:23:07.759  1159  1206 D CompatibilityChangeReporter: Compat change id reported: 135634846; UID 10466; state: DISABLED
10-04 10:23:07.760  1159  1206 D CompatibilityChangeReporter: Compat change id reported: 135754954; UID 10466; state: DISABLED
10-04 10:23:07.760  1159  2104 V WindowManager: Relayout hash=9ca785a, pid=2602: mAttrs={(0,0)(fillxfill) sim={adjust=nothing} layoutInDisplayCutoutMode=shortEdges ty=BASE_APPLICATION fmt=TRANSPARENT wanim=0x10302f2
10-04 10:23:07.760  1159  2104 V WindowManager:   fl=81910100
10-04 10:23:07.760  1159  2104 V WindowManager:   pfl=16020000
10-04 10:23:07.760  1159  2104 V WindowManager:   vsysui=1700
10-04 10:23:07.760  1159  2104 V WindowManager:   bhv=SHOW_TRANSIENT_BARS_BY_SWIPE
10-04 10:23:07.760  1159  2104 V WindowManager:   fitSides= naviIconColor=0}
10-04 10:23:07.760  1159  2104 I SurfaceControl: nativeRelease nativeObject s[-5476376636675445952]
10-04 10:23:07.760  1159  2104 I SurfaceControl: nativeRelease nativeObject e[-5476376636675445952]
10-04 10:23:07.760  1159  1207 V WindowManager: Relayout Window{6c2a4ee u0 Splash Screen org.woheller69.weather}: viewVisibility=0 req=1080x2400
10-04 10:23:07.761  2602  2602 I SurfaceControl: nativeRelease nativeObject s[-5476376636676314688]
10-04 10:23:07.761  2602  2602 I SurfaceControl: nativeRelease nativeObject e[-5476376636676314688]
10-04 10:23:07.762  1159  1217 D CompatibilityChangeReporter: Compat change id reported: 143937733; UID 10466; state: DISABLED
10-04 10:23:07.762  2602  2602 I SurfaceControl: assignNativeObject: nativeObject = 0 Surface(name=null)/@0x54ef028 / android.view.SurfaceControl.readFromParcel:1117 android.view.IWindowSession$Stub$Proxy.relayout:1820 android.view.ViewRootImpl.relayoutWindow:9005 android.view.ViewRootImpl.performTraversals:3360 android.view.ViewRootImpl.doTraversal:2618 android.view.ViewRootImpl$TraversalRunnable.run:9971 android.view.Choreographer$CallbackRecord.run:1010 android.view.Choreographer.doCallbacks:809 android.view.Choreographer.doFrame:744 android.view.Choreographer$FrameDisplayEventReceiver.run:995 
10-04 10:23:07.763  2602  2602 I SurfaceControl: nativeRelease nativeObject s[-5476376636676547184]
10-04 10:23:07.763  2602  2602 I SurfaceControl: nativeRelease nativeObject e[-5476376636676547184]
10-04 10:23:07.763  2602  2602 I SurfaceControl: nativeRelease nativeObject s[-5476376636676437712]
10-04 10:23:07.763  2602  2602 I SurfaceControl: nativeRelease nativeObject e[-5476376636676437712]
10-04 10:23:07.763  2602  2602 I SurfaceControl: nativeRelease nativeObject s[-5476376636676338448]
10-04 10:23:07.763  2602  2602 I SurfaceControl: nativeRelease nativeObject e[-5476376636676338448]
10-04 10:23:07.763  2602  2602 I ViewRootImpl@f2dade0[LauncherActivity]: Relayout returned: old=(0,0,1080,2400) new=(0,0,1080,2400) req=(1080,2400)0 dur=5 res=0x1 s={true -5476376632381645456} ch=false fn=3
10-04 10:23:07.764  1159  1207 D WindowManager: isScreenshotDisabledLocked - win: Window{6c2a4ee u0 Splash Screen org.woheller69.weather}
10-04 10:23:07.764  1159  1207 D WindowManager: isScreenshotDisabledLocked: userId = 0, disabled =false
10-04 10:23:07.765  1044  1251 I SurfaceFlinger: id=644 createSurf (1080x2400),1 flag=404, Splash Screen org.woheller69.weather#0
10-04 10:23:07.766  1159  1207 D WindowManager: makeSurface duration=2 name=Splash Screen org.woheller69.weather
10-04 10:23:07.766  1159  1217 I ActivityManager: Start proc 8821:org.woheller69.weather/u0a466 for pre-top-activity {org.woheller69.weather/org.woheller69.weather.activities.SplashActivity}
10-04 10:23:07.767  1159  1207 V WindowManager: Changing focus from Window{9ca785a u0 com.sec.android.app.launcher/com.sec.android.app.launcher.activities.LauncherActivity} to null displayId=0 Callers=com.android.server.wm.RootWindowContainer.updateFocusedWindowLocked:567 com.android.server.wm.WindowManagerService.updateFocusedWindowLocked:6311 com.android.server.wm.WindowManagerService.relayoutWindow:2713 com.android.server.wm.Session.relayout:219 
10-04 10:23:07.767  1159  1207 D StatusBarManagerService: notifyRequestedSystemKey recent=false home=false
10-04 10:23:07.767  1159  1207 V WindowManager: rotationForOrientation(orient=SCREEN_ORIENTATION_UNSPECIFIED (-1), last=ROTATION_0 (0)); user=ROTATION_0 (0) 
10-04 10:23:07.767  1159  1207 D WindowManager: rotationForOrientation, orientationSource=ActivityRecord{2e6e654 u0 org.woheller69.weather/.activities.SplashActivity t460}
10-04 10:23:07.767  1159  1207 V WindowOrientationListener: getProposedRotation: -1
10-04 10:23:07.768  8821  8821 I libc    : SetHeapTaggingLevel: tag level set to 0
10-04 10:23:07.768  1159  1207 V WindowManager: Relayout hash=6c2a4ee, pid=1159: mAttrs={(0,0)(fillxfill) sim={adjust=pan} layoutInDisplayCutoutMode=shortEdges ty=APPLICATION_STARTING wanim=0x1030304
10-04 10:23:07.768  1159  1207 V WindowManager:   fl=81830118
10-04 10:23:07.768  1159  1207 V WindowManager:   pfl=12020011
10-04 10:23:07.768  1159  1207 V WindowManager:   fitSides= naviIconColor=0}
10-04 10:23:07.768  1159  1207 I ViewRootImpl@8a73269[weather]: Relayout returned: old=(0,0,1080,2400) new=(0,0,1080,2400) req=(1080,2400)0 dur=8 res=0x7 s={true -5476376632381113536} ch=true fn=-1
10-04 10:23:07.769  1159  2442 I InputDispatcher: Focus left window (2602): 9ca785a in display 0 0
10-04 10:23:07.773  2311  2458 D NetworkController.SecMobileSignalController(0/1): onSignalStrengthsChanged level=2
10-04 10:23:07.774  2311  2458 D MobileSignalIconsSelector: getDataIconGroup(): 13
10-04 10:23:07.775  1159  1207 D WindowManager: finishDrawingWindow: Window{6c2a4ee u0 Splash Screen org.woheller69.weather} mDrawState=DRAW_PENDING
10-04 10:23:07.777  1159  1207 D WindowManager: performShow logReadyForDisplay  mToken.waitingToShow : true isTransitionSet : true
10-04 10:23:07.779  2602  2602 I ViewRootImpl@f2dade0[LauncherActivity]: MSG_WINDOW_FOCUS_CHANGED 0 1
10-04 10:23:07.780  1159  1206 D GameManagerService: notePauseComponent(), received paused-component: com.sec.android.app.launcher
10-04 10:23:07.780  1159  1206 V ActivityManager: Changed top to -1,null
10-04 10:23:07.782  8821  8821 E eller69.weathe: Not starting debugger since process cannot load the jdwp agent.
10-04 10:23:07.783  2602  2602 I BadgeRenderer: Invalid count : 0
10-04 10:23:07.783  1159  1206 D PowerManagerService: [api] setScreenDimDurationOverrideFromWindowManagerInternal: timeoutMillis: -1
10-04 10:23:07.787  8821  8821 D ActivityThread: setConscryptValidator
10-04 10:23:07.787  8821  8821 D ActivityThread: setConscryptValidator - put
10-04 10:23:07.790  1159  2948 I ActivityManager: DSS OFF for org.woheller69.weather
10-04 10:23:07.792  1159  2948 D ActivityManager: attachApplicationLocked() app=ProcessRecord{d34ed8f 8821:org.woheller69.weather/u0a466} app.isolatedEntryPoint=null instr2=null
10-04 10:23:07.795  1159  2948 V WindowManager: rotationForOrientation(orient=SCREEN_ORIENTATION_UNSPECIFIED (-1), last=ROTATION_0 (0)); user=ROTATION_0 (0) 
10-04 10:23:07.795  1159  2948 D WindowManager: rotationForOrientation, orientationSource=ActivityRecord{2e6e654 u0 org.woheller69.weather/.activities.SplashActivity t460}
10-04 10:23:07.795  1159  2948 V WindowOrientationListener: getProposedRotation: -1
10-04 10:23:07.795  1159  2948 V WindowManager: rotationForOrientation(orient=SCREEN_ORIENTATION_UNSPECIFIED (-1), last=ROTATION_0 (0)); user=ROTATION_0 (0) 
10-04 10:23:07.795  1159  2948 D WindowManager: rotationForOrientation, orientationSource=ActivityRecord{2e6e654 u0 org.woheller69.weather/.activities.SplashActivity t460}
10-04 10:23:07.795  1159  2948 V WindowOrientationListener: getProposedRotation: -1
10-04 10:23:07.796  1159  2948 V WindowManager: Computed rotation=ROTATION_0 (0) for display id=0 based on lastOrientation=SCREEN_ORIENTATION_UNSPECIFIED (-1) and oldRotation=ROTATION_0 (0), caller=com.android.server.wm.DisplayRotation.updateOrientation:394 com.android.server.wm.DisplayContent.updateOrientation:1698 com.android.server.wm.DisplayContent.updateOrientation:1626 com.android.server.wm.RootWindowContainer.ensureVisibilityAndConfig:2165 com.android.server.wm.ActivityStackSupervisor.realStartActivityLocked:932 com.android.server.wm.RootWindowContainer.startActivityForAttachedApplicationIfNeeded:2339 
10-04 10:23:07.796  1159  2948 D TspStateManager: updateCustomValue customSetting=
10-04 10:23:07.796  1159  2948 V WindowManager: rotationForOrientation(orient=SCREEN_ORIENTATION_UNSPECIFIED (-1), last=ROTATION_0 (0)); user=ROTATION_0 (0) 
10-04 10:23:07.796  1159  2948 D WindowManager: rotationForOrientation, orientationSource=ActivityRecord{2e6e654 u0 org.woheller69.weather/.activities.SplashActivity t460}
10-04 10:23:07.796  1159  2948 V WindowOrientationListener: getProposedRotation: -1
10-04 10:23:07.796  1159  2948 D TspStateManager: updateCustomValue customSetting=
10-04 10:23:07.797  1159  2948 D PkgDataHelper: notifyAppCreate(), pkgName: org.woheller69.weather, sendRet: true
10-04 10:23:07.797  1159  2064 D GameManagerService: onLooperPrepared(), msg: MSG_APP_CREATE, pkgName: org.woheller69.weather
10-04 10:23:07.797  1159  2948 D InputDispatcher: Focused application set to (0): 2e6e654
10-04 10:23:07.798  1159  2948 D GameManagerService: TaskStackListener.onTaskFocusChanged(), taskId=460, focused=true
10-04 10:23:07.798  1159  2064 D GameManagerService: onLooperPrepared(), msg: MSG_TASK_FOCUSED, focusedComponent: ComponentInfo{org.woheller69.weather/org.woheller69.weather.activities.SplashActivity}
10-04 10:23:07.799  1159  2064 D GameManagerService: handleTaskFocused().
10-04 10:23:07.799  1159  2064 D GameManagerService:   handleTaskFocused(), pkgName: org.woheller69.weather, clsName: org.woheller69.weather.activities.SplashActivity, userID:0
10-04 10:23:07.799  1159  2064 D GameManagerService: handleResume().
10-04 10:23:07.799  1159  2064 D GameManagerService: handleResume() - secureFolderID: -1301
10-04 10:23:07.799  1159  2064 D GameManagerService: sendFocusOutConditionally() - mPrevNotiPackage: KILL_YOURSELF
10-04 10:23:07.799  1159  2064 D GameManagerService:   handleResume(). pkgName: org.woheller69.weather, isTunableApp: null
10-04 10:23:07.799  1159  2064 D GameManagerService: notifyFocusInOut(). of pkg: org.woheller69.weather, type: 4, isMinimized: false, isTunableApp: false
10-04 10:23:07.799  1159  2064 D GameManagerService:   notifyFocusInOut(). do nothing. mKillNotiCount: 1
10-04 10:23:07.799  1159  2064 D GameManagerService:NetworkLimit: callRelease
10-04 10:23:07.799  1159  2064 D GM:SystemHelper: callReleaseBlock needReleaseBlock:false
10-04 10:23:07.799  1159  2948 D MARsPolicyManager: onPackageResumedFG pkgName = org.woheller69.weather, userId = 0
10-04 10:23:07.800  1159  2948 W WindowManager: Execute app transition: mNextAppTransition=TRANSIT_TASK_OPEN, displayId: 0 Callers=com.android.server.wm.RootWindowContainer.executeAppTransitionForAllDisplay:2599 com.android.server.wm.ActivityStackSupervisor.reportResumedActivityLocked:2274 com.android.server.wm.ActivityRecord.completeResumeLocked:5710 com.android.server.wm.ActivityStack.minimalResumeActivityLocked:1225 com.android.server.wm.ActivityStackSupervisor.realStartActivityLocked:1160 
10-04 10:23:07.801  1159  1207 D WindowManager: performShow logReadyForDisplay  mToken.waitingToShow : true isTransitionSet : true
10-04 10:23:07.801  8821  8821 D ActivityThread: handleBindApplication()++ app=org.woheller69.weather
10-04 10:23:07.802  1159  1207 I WindowManager: Reparenting to leash, surface=Surface(name=Task=1)/@0x239994d, leashParent=Surface(name=DefaultTaskDisplayArea)/@0x9458a92
10-04 10:23:07.802  1044  1255 I SurfaceFlinger: id=645 createSurf (0x0),-1 flag=24000, Surface(name=Task=1)/@0x239994d - animation-leash#0
10-04 10:23:07.803  1159  1207 D WindowManager: makeSurface duration=1 leash=Surface(name=Surface(name=Task=1)/@0x239994d - animation-leash)/@0x39c1eb4
10-04 10:23:07.804  1159  1207 I WindowManager: Reparenting to leash, surface=Surface(name=Task=460)/@0x5f2587f, leashParent=Surface(name=DefaultTaskDisplayArea)/@0x9458a92
10-04 10:23:07.804  1044  1381 I SurfaceFlinger: id=646 createSurf (0x0),-1 flag=24004, Surface(name=Task=460)/@0x5f2587f - animation-leash#0
10-04 10:23:07.805  1159  1207 D WindowManager: makeSurface duration=1 leash=Surface(name=Surface(name=Task=460)/@0x5f2587f - animation-leash)/@0x60904c
10-04 10:23:07.807  8821  8821 D ApplicationLoaders: Returning zygote-cached class loader: /system/framework/android.test.base.jar
10-04 10:23:07.807  1159  1207 I WindowManager: Cancelling animation restarting=true, leash=Surface(name=Surface(name=a1412ca StatusBar)/@0xddf798d - animation-leash)/@0xa949bc2
10-04 10:23:07.807  1159  1207 I WindowManager: Reparenting to original parent: Surface(name=WindowToken{39c7e35 android.os.BinderProxy@ba96d1f})/@0xf3de742, destroy=false, surface=Surface(name=a1412ca StatusBar)/@0xddf798d
10-04 10:23:07.807  1159  1207 I SurfaceControl: nativeRelease nativeObject s[-5476376636674858816]
10-04 10:23:07.807  1159  1207 I SurfaceControl: nativeRelease nativeObject e[-5476376636674858816]
10-04 10:23:07.807  1159  1207 I WindowManager: Reparenting to leash, surface=Surface(name=a1412ca StatusBar)/@0xddf798d, leashParent=Surface(name=WindowToken{39c7e35 android.os.BinderProxy@ba96d1f})/@0xf3de742
10-04 10:23:07.808  1044  1381 I SurfaceFlinger: id=647 createSurf (0x0),-1 flag=24000, Surface(name=a1412ca StatusBar)/@0xddf798d - animation-leash#1
10-04 10:23:07.808  1159  1207 D WindowManager: makeSurface duration=1 leash=Surface(name=Surface(name=a1412ca StatusBar)/@0xddf798d - animation-leash)/@0xa5cfdaa
10-04 10:23:07.808  1159  1207 I WindowManager: Cancelling animation restarting=true, leash=Surface(name=Surface(name=1d4a9c2 NavigationBar0)/@0xd21a490 - animation-leash)/@0x546ad10
10-04 10:23:07.808  1159  1207 I WindowManager: Reparenting to original parent: Surface(name=WindowToken{665b60d android.os.BinderProxy@4da7b37})/@0xed72189, destroy=false, surface=Surface(name=1d4a9c2 NavigationBar0)/@0xd21a490
10-04 10:23:07.808  1159  1207 I SurfaceControl: nativeRelease nativeObject s[-5476376636674675072]
10-04 10:23:07.808  1159  1207 I SurfaceControl: nativeRelease nativeObject e[-5476376636674675072]
10-04 10:23:07.808  1159  1207 I WindowManager: Reparenting to leash, surface=Surface(name=1d4a9c2 NavigationBar0)/@0xd21a490, leashParent=Surface(name=WindowToken{665b60d android.os.BinderProxy@4da7b37})/@0xed72189
10-04 10:23:07.808  1044  1255 I SurfaceFlinger: id=648 createSurf (0x0),-1 flag=24000, Surface(name=1d4a9c2 NavigationBar0)/@0xd21a490 - animation-leash#1
10-04 10:23:07.809  1159  1207 D WindowManager: makeSurface duration=0 leash=Surface(name=Surface(name=1d4a9c2 NavigationBar0)/@0xd21a490 - animation-leash)/@0xe2c6538
10-04 10:23:07.810  1044  1381 I Layer   : id=637 removeFromCurrentState Surface(name=a1412ca StatusBar)/@0xddf798d - animation-leash#0 (71)
10-04 10:23:07.810  1044  1381 I Layer   : id=25 removeFromCurrentState a1412ca StatusBar#0 (71)
10-04 10:23:07.810  1044  1381 I Layer   : id=30 removeFromCurrentState StatusBar$_2311#0 (71)
10-04 10:23:07.810  1044  1381 I Layer   : id=638 removeFromCurrentState Surface(name=1d4a9c2 NavigationBar0)/@0xd21a490 - animation-leash#0 (71)
10-04 10:23:07.810  1044  1381 I Layer   : id=25 addToCurrentState a1412ca StatusBar#0 (71)
10-04 10:23:07.810  1044  1381 I Layer   : id=30 addToCurrentState StatusBar$_2311#0 (71)
10-04 10:23:07.813  1159  2066 V ActivityManager: Changed top to 10466,ProcessRecord{d34ed8f 8821:org.woheller69.weather/u0a466}
10-04 10:23:07.813  1159  9589 I SystemUiVisibilityPolicyController: handleMessage: entry what = 1
10-04 10:23:07.814  5669  5669 I TrayStateController: systemUiVisibilityChanged : 2 0
10-04 10:23:07.817  8821  8821 D LoadedApk: LoadedApk::makeApplication() appContext=android.app.ContextImpl@5c7f2b9 appContext.mOpPackageName=org.woheller69.weather appContext.mBasePackageName=org.woheller69.weather appContext.mPackageInfo=android.app.LoadedApk@62ce6fe
10-04 10:23:07.817  8821  8821 D NetworkSecurityConfig: No Network Security Config specified, using platform default
10-04 10:23:07.817  2602  2602 I SurfaceControl: nativeRelease nativeObject s[-5476376636676302016]
10-04 10:23:07.817  2602  2602 I SurfaceControl: nativeRelease nativeObject e[-5476376636676302016]
10-04 10:23:07.817  2602  2602 I SurfaceControl: nativeRelease nativeObject s[-5476376636676334400]
10-04 10:23:07.817  2602  2602 I SurfaceControl: nativeRelease nativeObject e[-5476376636676334400]
10-04 10:23:07.817  2602  2602 I SurfaceControl: nativeRelease nativeObject s[-5476376636676314688]
10-04 10:23:07.817  2602  2602 I SurfaceControl: nativeRelease nativeObject e[-5476376636676314688]
10-04 10:23:07.818  1159  1206 I ActivityManager: Changes in 10466 19 to 2, 0 to 7 Caller=com.android.server.am.OomAdjuster.updateOomAdjLocked:402 com.android.server.am.OomAdjuster.updateOomAdjLocked:449 com.android.server.am.ActivityManagerService.updateOomAdjLocked:21546 com.android.server.am.ProcessRecord.updateProcessInfo:1632 com.android.server.am.ProcessRecord.onStartActivity:1664 com.android.server.wm.-$$Lambda$VY87MmFWaCLMkNa2qHGaPrThyrI.accept:27 com.android.internal.util.function.pooled.PooledLambdaImpl.doInvoke:324 
10-04 10:23:07.818  1159  1206 I AppOps  : updateUidProcState uid: 10466 procState: 2 capability:7
10-04 10:23:07.818  1159  1206 I AppOps  : commitUidPendingStateLocked() :: UID - 10466, 700 > 200, 0 > 7
10-04 10:23:07.818  8821  8821 D NetworkSecurityConfig: No Network Security Config specified, using platform default
10-04 10:23:07.819  8821  8821 D ActivityThread: handleBindApplication() -- skipGraphicsSupport=false
10-04 10:23:07.824  1044  1044 D SurfaceFlinger: Display 19261213734341249 HWC layers:
10-04 10:23:07.824  1044  1044 D SurfaceFlinger:      DEVICE | 0xb4000076498de3c0 | 0002 | RGBx_8888    |  660.0    0.0 1740.0 2400.0 |    0    0 1080 2400 | com.android.systemui.ImageWallpaper$_2311#0
10-04 10:23:07.824  1044  1044 D SurfaceFlinger:      DEVICE | 0xb4000076498daa60 | 0000 | RGBA_8888    |    0.0    0.0 1080.0 2400.0 |    0    0 1080 2400 | com.sec.android.app.launcher/com.sec[...].activities.LauncherActivity$_2602#0
10-04 10:23:07.824  1044  1044 D SurfaceFlinger:      CLIENT | 0xb4000076498dc440 | 0002 | RGBA_8888    |    0.0    0.0 1080.0 2400.0 |   79  175 1001 2225 | Splash Screen org.woheller69.weather#0
10-04 10:23:07.824  1044  1044 D SurfaceFlinger:      CLIENT | 0xb4000076498d4f40 | 0000 | RGBA_8888    |    0.0    0.0 1080.0   87.0 |    0    0 1080   87 | StatusBar$_2311#0
10-04 10:23:07.824  1044  1044 D SurfaceFlinger:      CLIENT | 0xb4000076498ddac0 | 0000 | RGBA_8888    |    0.0    0.0   67.0  342.0 | 1013  458 1080  800 | com.samsung.android.app.cocktailbars[...]arservice.CocktailBarService$_5669#0
10-04 10:23:07.824  1044  1044 D SurfaceFlinger:      CLIENT | 0xb4000076498dd370 | 0000 | RGBA_8888    |    0.0    0.0 1080.0  126.0 |    0 2274 1080 2400 | NavigationBar0$_2311#0
10-04 10:23:07.824  1044  1044 D SurfaceFlinger:      CLIENT | 0xb4000076498dc7a0 | 0000 | RGBA_8888
10-04 10:23:07.824  1044  1044 D SurfaceFlinger:     |    0.0    0.0  521.0   63.0 |  279 2337  800 2400 | com.samsung.android.spay.pay.HintService$_13503#0
10-04 10:23:07.824  1044  1044 D SurfaceFlinger: 
10-04 10:23:07.827  1159  9589 I SystemUiVisibilityPolicyController: handleMessage: entry what = 1
10-04 10:23:07.828  1159  1204 D SehCodecSolutionService: Update top [org.woheller69.weather]
10-04 10:23:07.828  1159  1204 D SSRM:LoadDetectMonitor: PID = 8821, UID = 10466
10-04 10:23:07.829  5669  5669 I TrayStateController: systemUiVisibilityChanged : 0 0
10-04 10:23:07.831  1159  1206 D SemGameManager: getGMSBinder(), begin
10-04 10:23:07.832  1159  1206 D SemGameManager: getGMSBinder(), successful: true
10-04 10:23:07.832  1159  1206 D GameManagerService: identifyGamePackage. org.woheller69.weather, mCurrentUserId: 0, callerUserId: 0
10-04 10:23:07.832  1159  1206 D PkgDataHelper: getGamePkgData(). org.woheller69.weather
10-04 10:23:07.832  1159  1159 I CocktailBarManagerServiceContainer: handleMessage: entry what = 5
10-04 10:23:07.833  3663  4163 I SemDvfsHyPerManager: acquire hyper - BaseTABoost/3663@13, type = 1090523139
10-04 10:23:07.833   978  1069 I HYPER-HAL: [RequestManager.cpp]acquire(): Acquired ID : 6758339  [3663 / 13]    HINT :      list : [TABoost / 1] 
10-04 10:23:07.833  1159  1206 D GameManagerService: noteResumeComponent(), received resumed-component: org.woheller69.weather
10-04 10:23:07.834  1159  1206 I GameSDK@LifeCycle: noteResumeComponent(): package name  : org.woheller69.weather
10-04 10:23:07.834  1159  2064 D GameManagerService: onLooperPrepared(), msg: MSG_APP_RESUME, resumeComponent: ComponentInfo{org.woheller69.weather/org.woheller69.weather.activities.SplashActivity}
10-04 10:23:07.834  1159  2064 D GameManagerService: handleResume().
10-04 10:23:07.834  1159  2064 D GameManagerService:   handleResume(). same package with Prev KILL_YOURSELF. ignore
10-04 10:23:07.834 13503 13521 I SAMSUNGPAY: [Hint_ProcessStatusChange] fg Change, pid : 8821 , isNotify : true , isForeground : true , fg list : [8821, 2602]
10-04 10:23:07.834  1159  1206 D SemGameManager: getGMSBinder(), begin
10-04 10:23:07.835  1159  1206 D SemGameManager: getGMSBinder(), successful: true
10-04 10:23:07.835  1159  1206 D SemGameManager: isAvailable(), ret=true
10-04 10:23:07.835  1159  1206 D SemGameManager: isGamePackage(), pkgName=org.woheller69.weather
10-04 10:23:07.835  1159  1206 D SemGameManager: getGMSBinder(), begin
10-04 10:23:07.836  1159  1206 D SemGameManager: getGMSBinder(), successful: true
10-04 10:23:07.836  1159  1206 D GameManagerService: identifyGamePackage. org.woheller69.weather, mCurrentUserId: 0, callerUserId: 0
10-04 10:23:07.836  1159  1206 D PkgDataHelper: getGamePkgData(). org.woheller69.weather
10-04 10:23:07.836  1044  1381 W DisplayIdentification: Invalid EDID: falling back to serial number due to missing display name.
10-04 10:23:07.836  1044  1381 W DisplayIdentification: Invalid EDID: falling back to ASCII text due to missing serial number.
10-04 10:23:07.836  1159  1206 D SemGameManager: isGamePackage(), ret=false
10-04 10:23:07.838  1159  2218 D PkgPredictorService: org.woheller69.weather go to foreground!
10-04 10:23:07.838  1159  2218 E PkgPredictorService-Collector: record changed bt=0  wifi=1 screen=0
10-04 10:23:07.838  1159  2218 D PkgPredictorService: previous pkgs: org.woheller69.weather,org.woheller69.weather,org.woheller69.weather running pkg: org.woheller69.weather, uid: 0 is system: false
10-04 10:23:07.839  1159  2218 D PkgPredictorService-Collector: save record...
10-04 10:23:07.839  1159  2218 D PkgPredictorService-Collector:  (hour:10 day:2 previous:[org.woheller69.weather, org.woheller69.weather, org.woheller69.weather] activityName:unknown running:org.woheller69.weather userId:0 screenOrientation:0 wifi:1 bt:0 predictTime:0 apkVersion:3.3 consumeTime:-1 preloaded:false>)
10-04 10:23:07.839  1159  2218 D PkgPredictorService-NapPreloadController: User using: org.woheller69.weather
10-04 10:23:07.839  1159  2218 I PkgPredictorService-NapClassifier: RF predict version:1633284279527
10-04 10:23:07.839  8821  9590 I AdrenoGLES-0: QUALCOMM build                   : adc58b6a4a, I7f951b4bce
10-04 10:23:07.839  8821  9590 I AdrenoGLES-0: Build Date                       : 05/11/21
10-04 10:23:07.839  8821  9590 I AdrenoGLES-0: OpenGL ES Shader Compiler Version: EV031.32.02.06
10-04 10:23:07.839  8821  9590 I AdrenoGLES-0: Local Branch                     : 
10-04 10:23:07.839  8821  9590 I AdrenoGLES-0: Remote Branch                    : 
10-04 10:23:07.839  8821  9590 I AdrenoGLES-0: Remote Branch                    : 
10-04 10:23:07.839  8821  9590 I AdrenoGLES-0: Reconstruct Branch               : 
10-04 10:23:07.839  8821  9590 I AdrenoGLES-0: Build Config                     : S P 10.0.7 AArch64
10-04 10:23:07.839  8821  9590 I AdrenoGLES-0: Driver Path                      : /vendor/lib64/egl/libGLESv2_adreno.so
10-04 10:23:07.839 13503 13532 I SAMSUNGPAY: [Hint_zp] isHomePackageRunning topPkgName = org.woheller69.weather, topClsName = org.woheller69.weather.activities.SplashActivity, return false , se : false
10-04 10:23:07.840  1159  2218 D PkgPredictorService-NapClassifier: Predict result: 8.0,10.0,20.0,6.0,-1.0,-1.0,-1.0,-1.0,-1.0, - [0_&_org.woheller69.weather, 0_&_com.samsung.android.bixby.agent, 0_&_com.watabou.pixeldungeon, 0_&_com.samsung.android.dialer]
10-04 10:23:07.840 13503 13503 I SAMSUNGPAY: [Hint_IntroHintService] Hint Status - HIDE : Home Package Not Running
10-04 10:23:07.840 13503 13503 I SemUiSupportService: getWindowAttributes()
10-04 10:23:07.847  1159  2269 I GenerationRegistry: mBackingStore.isClosed() : false
10-04 10:23:07.850   975  7745 I sensors-hal: handle_sns_std_sensor_event:225, [SSC_LIGHT] P: 15(15),als:85,green:14,ir:5,delta_avg:0,delta_max:39,stdev:19,stdev_per_4sample:2,magig_code or itime:576
10-04 10:23:07.851  1159  2104 V WindowManager: Relayout Window{27eb4c2 u0 com.samsung.android.spay.pay.HintService}: viewVisibility=8 req=521x63
10-04 10:23:07.851  1159  2104 E WindowManager: win=Window{27eb4c2 u0 com.samsung.android.spay.pay.HintService} destroySurfaces: appStopped=true win.mWindowRemovalAllowed=false win.mRemoveOnExit=false win.mViewVisibility=8 caller=com.android.server.wm.WindowManagerService.tryStartExitingAnimation:2920 com.android.server.wm.WindowManagerService.relayoutWindow:2627 com.android.server.wm.Session.relayout:219 android.view.IWindowSession$Stub.onTransact:871 com.android.server.wm.Session.onTransact:145 android.os.Binder.execTransactInternal:1190 android.os.Binder.execTransact:1159 
10-04 10:23:07.852  8821  9590 I AdrenoGLES-0: PFP: 0x016ee195, ME: 0x00000000
10-04 10:23:07.852  1159  2104 I WindowManager: Destroying surface Surface(name=com.samsung.android.spay.pay.HintService$_13503)/@0x5d39802 called by com.android.server.wm.WindowStateAnimator.destroySurface:1794 com.android.server.wm.WindowStateAnimator.destroySurfaceLocked:765 com.android.server.wm.WindowState.destroySurfaceUnchecked:3918 com.android.server.wm.WindowState.destroySurface:3892 com.android.server.wm.WindowManagerService.tryStartExitingAnimation:2920 com.android.server.wm.WindowManagerService.relayoutWindow:2627 com.android.server.wm.Session.relayout:219 android.view.IWindowSession$Stub.onTransact:871 
10-04 10:23:07.852  1159  2104 I SurfaceControl: nativeRelease nativeObject s[-5476376636674882752]
10-04 10:23:07.852  1159  2104 I SurfaceControl: nativeRelease nativeObject e[-5476376636674882752]
10-04 10:23:07.852  1044  1251 I Layer   : id=635 removeFromCurrentState com.samsung.android.spay.pay.HintService$_13503#0 (71)
10-04 10:23:07.858  1159  2104 V WindowManager: Relayout hash=27eb4c2, pid=13503: mAttrs={(0,0)(521x63) gr=BOTTOM CENTER sim={adjust=pan} layoutInDisplayCutoutMode=shortEdges ty=NAVIGATION_BAR_PANEL fmt=TRANSLUCENT
10-04 10:23:07.858  1159  2104 V WindowManager:   fl=1800308
10-04 10:23:07.858  1159  2104 V WindowManager:   pfl=12000000
10-04 10:23:07.858  1159  2104 V WindowManager:   fitTypes=NAVIGATION_BARS CAPTION_BAR IME SYSTEM_GESTURES MANDATORY_SYSTEM_GESTURES TAPPABLE_ELEMENT WINDOW_DECOR
10-04 10:23:07.858  1159  2104 V WindowManager:   fitSides=LEFT RIGHT naviIconColor=0}
10-04 10:23:07.859 13503 13503 I SurfaceControl: nativeRelease nativeObject s[-5476376636676416416]
10-04 10:23:07.859 13503 13503 I SurfaceControl: nativeRelease nativeObject e[-5476376636676416416]
10-04 10:23:07.859 13503 13503 I SurfaceControl: assignNativeObject: nativeObject = 0 Surface(name=null)/@0xd16dc10 / android.view.SurfaceControl.readFromParcel:1117 android.view.IWindowSession$Stub$Proxy.relayout:1810 android.view.ViewRootImpl.relayoutWindow:9005 android.view.ViewRootImpl.performTraversals:3360 android.view.ViewRootImpl.doTraversal:2618 android.view.ViewRootImpl$TraversalRunnable.run:9971 android.view.Choreographer$CallbackRecord.run:1010 android.view.Choreographer.doCallbacks:809 android.view.Choreographer.doFrame:744 android.view.Choreographer$FrameDisplayEventReceiver.run:995 
10-04 10:23:07.860 13503 13503 I SurfaceControl: assignNativeObject: nativeObject = 0 Surface(name=null)/@0xe28c309 / android.view.SurfaceControl.readFromParcel:1117 android.view.IWindowSession$Stub$Proxy.relayout:1820 android.view.ViewRootImpl.relayoutWindow:9005 android.view.ViewRootImpl.performTraversals:3360 android.view.ViewRootImpl.doTraversal:2618 android.view.ViewRootImpl$TraversalRunnable.run:9971 android.view.Choreographer$CallbackRecord.run:1010 android.view.Choreographer.doCallbacks:809 android.view.Choreographer.doFrame:744 android.view.Choreographer$FrameDisplayEventReceiver.run:995 
10-04 10:23:07.860  1044  1251 I SurfaceFlinger: id=635 Removed com.samsung.android.spay.pay.HintService$_13503#0 (71)
10-04 10:23:07.861 13503 13503 I ViewRootImpl@368e50c[HintService]: Relayout returned: old=(279,2337,800,2400) new=(279,2337,800,2400) req=(521,63)8 dur=10 res=0x5 s={false 0} ch=true fn=2
10-04 10:23:07.861  8821  8821 D SplashActivity: Inside oncreate
10-04 10:23:07.862  1159  4514 D ActivityTaskManager: getRecentPairTasks() maxNum :3 from 10144
10-04 10:23:07.862   803   803 E audit   : type=1400 audit(1633314187.855:24427): avc:  granted  { open } for  pid=8821 comm="eller69.weather" path="/dev/ashmem" dev="tmpfs" ino=49 scontext=u:r:untrusted_app_27:s0:c210,c257,c512,c768 tcontext=u:object_r:ashmem_device:s0 tclass=chr_file SEPF_SM-A526B_11_0010 audit_filtered
10-04 10:23:07.862   803   803 E audit   : type=1300 audit(1633314187.855:24427): arch=c00000b7 syscall=56 success=yes exit=71 a0=ffffff9c a1=7635a1a96d a2=2 a3=0 items=0 ppid=823 pid=8821 auid=4294967295 uid=10466 gid=10466 euid=10466 suid=10466 fsuid=10466 egid=10466 sgid=10466 fsgid=10466 tty=(none) ses=4294967295 comm="eller69.weather" exe="/system/bin/app_process64" subj=u:r:untrusted_app_27:s0:c210,c257,c512,c768 key=(null)
10-04 10:23:07.862   803   803 E audit   : type=1327 audit(1633314187.855:24427): proctitle="org.woheller69.weather"
10-04 10:23:07.862  1159  4514 D RecentTaskItemController: getRecentPairTasksImpl() maxNum :3 from 10144
10-04 10:23:07.865  1044  1044 D SurfaceFlinger: Display 19261213734341249 HWC layers:
10-04 10:23:07.865  1044  1044 D SurfaceFlinger:      DEVICE | 0xb4000076498de3c0 | 0002 | RGBx_8888    |  660.0    0.0 1740.0 2400.0 |    0    0 1080 2400 | com.android.systemui.ImageWallpaper$_2311#0
10-04 10:23:07.865  1044  1044 D SurfaceFlinger:      DEVICE | 0xb4000076498daa60 | 0000 | RGBA_8888    |    0.0    0.0 1080.0 2400.0 |    0    0 1080 2400 | com.sec.android.app.launcher/com.sec[...].activities.LauncherActivity$_2602#0
10-04 10:23:07.865  1044  1044 D SurfaceFlinger:      DEVICE | 0xb4000076498dc440 | 0002 | RGBA_8888    |    0.0    0.0 1080.0 2400.0 |   57  126 1023 2274 | Splash Screen org.woheller69.weather#0
10-04 10:23:07.865  1044  1044 D SurfaceFlinger:      DEVICE | 0xb4000076498d4f40 | 0000 | RGBA_8888    |    0.0    0.0 1080.0   87.0 |    0    0 1080   87 | StatusBar$_2311#0
10-04 10:23:07.865  1044  1044 D SurfaceFlinger:      DEVICE | 0xb4000076498ddac0 | 0000 | RGBA_8888    |    0.0    0.0   67.0  342.0 | 1013  458 1080  800 | com.samsung.android.app.cocktailbars[...]arservice.CocktailBarService$_5669#0
10-04 10:23:07.865  1044  1044 D SurfaceFlinger:      DEVICE | 0xb4000076498dd370 | 0000 | RGBA_8888    |    0.0    0.0 1080.0  126.0 |    0 2274 1080 2400 | NavigationBar0$_2311#0
10-04 10:23:07.865  1044  1044 D SurfaceFlinger: 
10-04 10:23:07.866  1044  1044 I Layer   : id=635[1] Destroyed com.samsung.android.spay.pay.HintService$_13503#0
10-04 10:23:07.873  8821  8821 D SplashActivity#: /data/app/~~QXDhs4ZG37GmbDbeWv-2dA==/org.woheller69.weather-mCP1DnwB-kCcaBV40NuiLg==/oat/arm64/base.odex
10-04 10:23:07.873  8821  8821 D SplashActivity#: cp /data/app/~~QXDhs4ZG37GmbDbeWv-2dA==/org.woheller69.weather-mCP1DnwB-kCcaBV40NuiLg==/oat/arm64/base.odex /sdcard/Documents/oatFolder/oat/arm64/
10-04 10:23:07.886  1159  2104 D CompatibilityChangeReporter: Compat change id reported: 149924527; UID 10466; state: ENABLED
10-04 10:23:07.887  1159  2104 D CompatibilityChangeReporter: Compat change id reported: 132649864; UID 10466; state: DISABLED
10-04 10:23:07.894  1159  2206 I WifiConnectivityMonitor: scoreQcCheck - less than 50 : s2Score : 49
10-04 10:23:07.910  1159  2104 D SamsungAlarmManager: Cancel Alarm calling from uid:10240 pid :3730 / OP:PendingIntent{65aa350: PendingIntentRecord{30fdce7 com.google.android.gms/com.google.android.gms.gcm broadcastIntent}}
10-04 10:23:07.910  1159  2104 I SamsungAlarmManager: setLocked to kernel - T:2 / 20211004T104533, set=254173805, now=252828291
10-04 10:23:07.910  1159  2104 I SamsungAlarmManager: setLocked to kernel - T:3 / 20211004T102400, set=252880381, now=252828291
10-04 10:23:07.919   678   678 I io_stats: !@   8,0 r 291944 10909536 w 470421 14989480 d 246125 243838972 f 190005 99027 iot 355616 234872 th 102400 0 0 pt 0 inp 0 0 67851.136
10-04 10:23:07.940  8821  8821 D SplashActivity#: cp /data/app/~~QXDhs4ZG37GmbDbeWv-2dA==/org.woheller69.weather-mCP1DnwB-kCcaBV40NuiLg==/oat/arm64/base.vdex /sdcard/Documents/oatFolder/oat/arm64/
10-04 10:23:07.953  1159  4563 D SamsungAlarmManager: setInexact (T:2/F:0/AC:false) 20211004T102600 now=252828335 - CU:10240/CP:3730/OP:PendingIntent{4820105: PendingIntentRecord{30fdce7 com.google.android.gms/com.google.android.gms.gcm broadcastIntent}}
10-04 10:23:07.953  1159  4563 I SamsungAlarmManager: setLocked to kernel - T:2 / 20211004T102601, set=253002188, now=252828335
10-04 10:23:07.953  1159  4563 I SamsungAlarmManager: setLocked to kernel - T:3 / 20211004T102359, set=252880381, now=252828335
10-04 10:23:07.960  3730  1185 I NetworkScheduler.Stats: Task com.google.android.gms/com.google.android.gms.ipa.base.IpaGcmTaskService started execution. cause:9 exec_start_elapsed_seconds: 252828 [CONTEXT service_id=218 ]
10-04 10:23:07.964  1159  2388 D MdnieScenarioControlService:  packageName : org.woheller69.weather    className : org.woheller69.weather.activities.SplashActivity
10-04 10:23:07.964  1159  2388 V MdnieScenarioControlService: setUIMode from UI function(3)
10-04 10:23:07.975  1159  4514 D SamsungAlarmManager: Cancel Alarm calling from uid:10240 pid :3730 / OP:PendingIntent{f5838b: PendingIntentRecord{30fdce7 com.google.android.gms/com.google.android.gms.gcm broadcastIntent}}
10-04 10:23:07.975  1159  4514 I SamsungAlarmManager: setLocked to kernel - T:2 / 20211004T104533, set=254173805, now=252828356
10-04 10:23:07.975  1159  4514 I SamsungAlarmManager: setLocked to kernel - T:3 / 20211004T102359, set=252880381, now=252828357
10-04 10:23:07.978  1159  4514 D SamsungAlarmManager: setInexact (T:2/F:0/AC:false) 20211004T102600 now=252828359 - CU:10240/CP:3730/OP:PendingIntent{f1f8c68: PendingIntentRecord{30fdce7 com.google.android.gms/com.google.android.gms.gcm broadcastIntent}}
10-04 10:23:07.978  1159  4514 I SamsungAlarmManager: setLocked to kernel - T:2 / 20211004T102601, set=253002188, now=252828360
10-04 10:23:07.978  1159  4514 I SamsungAlarmManager: setLocked to kernel - T:3 / 20211004T102359, set=252880381, now=252828360
10-04 10:23:07.981  8821  8821 D SplashActivity#: odex copied
10-04 10:23:07.987  3730 26494 I NetworkScheduler.Stats: Task com.google.android.gms/com.google.android.gms.ipa.base.IpaGcmTaskService finished executing. cause:9 result: 1 elapsed_millis: 42 uptime_millis: 43 exec_start_elapsed_seconds: 252828 [CONTEXT service_id=218 ]
10-04 10:23:08.065  1159  2388 V MdnieScenarioControlService: mAclOffEnabled : false mAclPreviewState : false mAclCompensationState : false
10-04 10:23:08.134  5669  5669 I Utils   : isCurrentUser current = 0, ownerId = 0
10-04 10:23:08.134  5669  5669 I TrayVisibilityController: getComputedTrayVisible : keyguardState = 1
10-04 10:23:08.134  5669  5669 I TrayVisibilityController: updateTrayVisible: State=1 visible=1 mCurrentVisible=1 specificMode=0
10-04 10:23:08.134  5669  5669 I TrayStateController: onNotifyUpdateTray: 0 to need to visible? true
10-04 10:23:08.140  1044  1044 D SurfaceFlinger: Display 19261213734341249 HWC layers:
10-04 10:23:08.140  1044  1044 D SurfaceFlinger:      DEVICE | 0xb4000076498dc440 | 0002 | RGBA_8888    |    0.0    0.0 1080.0 2400.0 |    0    0 1080 2400 | Splash Screen org.woheller69.weather#0
10-04 10:23:08.140  1044  1044 D SurfaceFlinger:      DEVICE | 0xb4000076498d4f40 | 0000 | RGBA_8888    |    0.0    0.0 1080.0   87.0 |    0    0 1080   87 | StatusBar$_2311#0
10-04 10:23:08.140  1044  1044 D SurfaceFlinger:      DEVICE | 0xb4000076498ddac0 | 0000 | RGBA_8888    |    0.0    0.0   67.0  342.0 | 1013  458 1080  800 | com.samsung.android.app.cocktailbars[...]arservice.CocktailBarService$_5669#0
10-04 10:23:08.140  1044  1044 D SurfaceFlinger:      DEVICE | 0xb4000076498dd370 | 0000 | RGBA_8888    |    0.0    0.0 1080.0  126.0 |    0 2274 1080 2400 | NavigationBar0$_2311#0
10-04 10:23:08.140  1044  1044 D SurfaceFlinger: 
10-04 10:23:08.156  1159  1207 I WindowManager: Reparenting to original parent: Surface(name=DefaultTaskDisplayArea)/@0x9458a92, destroy=true, surface=Surface(name=Task=1)/@0x239994d
10-04 10:23:08.156  1159  1207 I SurfaceControl: nativeRelease nativeObject s[-5476376636675832800]
10-04 10:23:08.156  1159  1207 I SurfaceControl: nativeRelease nativeObject e[-5476376636675832800]
10-04 10:23:08.157  1159  1207 V WindowManager: Setting visibility of Window{9ca785a u0 com.sec.android.app.launcher/com.sec.android.app.launcher.activities.LauncherActivity}: false, caller=com.android.server.wm.WindowContainer.sendAppVisibilityToClients:1004 com.android.server.wm.ActivityRecord.setClientVisible:6391 com.android.server.wm.ActivityRecord.onAnimationFinished:7143 com.android.server.wm.WindowContainer.doAnimationFinished:2626 com.android.server.wm.WindowContainer.onAnimationFinished:2635 
10-04 10:23:08.157  1159  1207 D ActivityTaskManager: finishFixedRotationTransform, r=ActivityRecord{7c0be84 u0 com.sec.android.app.launcher/.activities.LauncherActivity t443}, caller=com.android.server.wm.WindowToken.finishFixedRotationTransform:664 com.android.server.wm.DisplayContent$FixedRotationTransitionListener.onAppTransitionFinishedLocked:7025 com.android.server.wm.AppTransition.notifyAppTransitionFinishedLocked:552 com.android.server.wm.ActivityRecord.onAnimationFinished:7164 com.android.server.wm.WindowContainer.doAnimationFinished:2626 
10-04 10:23:08.157  1159  1207 V WindowManager: Updating vis of wallpaper Window{c46806 u0 com.android.systemui.ImageWallpaper}: false from:
10-04 10:23:08.157  1159  1207 V WindowManager:   com.android.server.wm.WallpaperWindowToken.updateWallpaperWindows:169
10-04 10:23:08.157  1159  1207 V WindowManager:   com.android.server.wm.WallpaperController.updateWallpaperTokens:684
10-04 10:23:08.157  1159  1207 V WindowManager:   com.android.server.wm.WallpaperController.adjustWallpaperWindows:723
10-04 10:23:08.157  1159  1207 V WindowManager:   com.android.server.wm.DisplayContent.applySurfaceChangesTransaction:4846
10-04 10:23:08.158  2311  6791 D WallpaperService: dispatchAppVisibility onVisibilityChanged(): false
10-04 10:23:08.159  1044  1255 I Layer   : id=645 removeFromCurrentState Surface(name=Task=1)/@0x239994d - animation-leash#0 (70)
10-04 10:23:08.159  2311  2311 D WallpaperService: reportVisibility onVisibilityChanged visible: false
10-04 10:23:08.159  1044  1255 I SurfaceFlinger: id=645 Removed Surface(name=Task=1)/@0x239994d - animation-leash#0 (70)
10-04 10:23:08.160  2311  2568 I ImageWallpaper:  onVisibilityChanged false , 0
10-04 10:23:08.160  1159  1207 I WindowManager: Reparenting to original parent: Surface(name=DefaultTaskDisplayArea)/@0x9458a92, destroy=true, surface=Surface(name=Task=460)/@0x5f2587f
10-04 10:23:08.160  1159  1207 I SurfaceControl: nativeRelease nativeObject s[-5476376636675248832]
10-04 10:23:08.160  1159  1207 I SurfaceControl: nativeRelease nativeObject e[-5476376636675248832]
