10-04 10:23:34.720  1159  2183 I WifiConnectivityMonitor.NetworkCallbackController: sNetworkCallback onCapabilitiesChanged: 601[ Transports: WIFI Capabilities: NOT_METERED&INTERNET&NOT_RESTRICTED&TRUSTED&NOT_VPN&VALIDATED&NOT_ROAMING&FOREGROUND&NOT_CONGESTED&NOT_SUSPENDED LinkUpBandwidth>=86750Kbps LinkDnBandwidth>=122382Kbps SignalStrength: -80 AdministratorUids: [] SSID: "mashi athapattu" RequestorUid: -1 RequestorPackageName: null]
10-04 10:23:34.724 17314 17388 I HBD     : g onCapabilitiesChanged network : 601 current network state : wifi 
10-04 10:23:34.726 21787 21821 I CarrierServices: [4567] clp.d: (PEv2-SM-52336226): DisabledState: event Connectivity event [null]
10-04 10:23:34.727 21787 21823 I CarrierServices: [4569] ccp.c: Connected state: [1], networkType: [WIFI]
10-04 10:23:34.728  1159  2183 D SemWifiSwitchForIndividualAppsService: stopTCPMonitoring : already stopped
10-04 10:23:34.730   975  7745 I sensors-hal: handle_sns_std_sensor_event:225, [SSC_LIGHT] P: 14(14),als:73,green:12,ir:6,delta_avg:1,delta_max:25,stdev:7,stdev_per_4sample:2,magig_code or itime:576
10-04 10:23:34.733 21787 21824 I CarrierServices: [4570] csg.d: RCS Configuration storage in Bugle is disabled by p/h flag, using ProvisioningEngineStateCacheUtil.getProvisioningConfigurationForGivenSimIfExist()
10-04 10:23:34.756  8821  9616 D CacheScan_DexInfo: sidescandb GetTimes Loglength 28000
10-04 10:23:34.756  8821  9616 D CacheScan_DexInfo: sidescandb getLogs
10-04 10:23:34.756  8821  9616 D sidescandb: returned from getLogs
10-04 10:23:34.756  8821  9616 D CacheScan_DexInfo: sidescandb timingCounts 28000
10-04 10:23:34.756  8821  9616 D CacheScan_DexInfo: sidescandb GetAddresses Loglength 28000
10-04 10:23:34.757  8821  9616 D sidescandb:  addresses: 28000
10-04 10:23:34.757  8821  9616 D sidescandb:  logs: 28000
10-04 10:23:34.757  8821  9616 D sidescandb:  times: 28000
10-04 10:23:34.779  8821  9616 D sidescandb: sideChannelValues.size() 28000
10-04 10:23:34.813  1159  1206 D SemGameManager: isForegroundGame(), begin
10-04 10:23:34.814  1159  1206 D GameManagerService: identifyForegroundApp. org.woheller69.weather, mCurrentUserId: 0, callerUserId: 0
10-04 10:23:34.814  1159  1206 D PkgDataHelper: getGamePkgData(). org.woheller69.weather
10-04 10:23:34.814  1159  1206 D SemGameManager: isForegroundGame(), ret=false
10-04 10:23:34.814  1159  9965 D TspStateManager: update cmd=set_grip_data,1,45,7,15,720
10-04 10:23:34.825 17314 17314 I HBD     : g onCapabilityChanged setNetworkState currentNetworkState : wifi, currentActiveNetwork : 601 ,currentNetworkCapabilities : [ Transports: WIFI Capabilities: NOT_METERED&INTERNET&NOT_RESTRICTED&TRUSTED&NOT_VPN&VALIDATED&NOT_ROAMING&FOREGROUND&NOT_CONGESTED&NOT_SUSPENDED LinkUpBandwidth>=86750Kbps LinkDnBandwidth>=122382Kbps SignalStrength: -80 AdministratorUids: [] RequestorUid: -1 RequestorPackageName: null] 
10-04 10:23:35.055  1159  2206 I WifiConnectivityMonitor: scoreQcCheck - less than 50 : s2Score : 49
10-04 10:23:35.099  8821  8821 D SplashActivity#: currentViewId:0
10-04 10:23:35.099  8821  8821 D weather:AddressScan2: #7_1#
10-04 10:23:35.100  1159  4481 I ActivityTaskManager: START u0 {cmp=org.woheller69.weather/.activities.ManageLocationsActivity (has extras)} from uid 10466
10-04 10:23:35.100  1159  4481 D ActivityTaskManager: TaskLaunchParamsModifier:task=null activity=ActivityRecord{24f996 u0 org.woheller69.weather/.activities.ManageLocationsActivity display-area-from-source=DefaultTaskDisplayArea@266463799 task-display-area=DefaultTaskDisplayArea@266463799 display-area-windowing-mode=1
10-04 10:23:35.100  1159  4481 D ActivityTaskManager: TaskLaunchParamsModifier:task=Task{f75d9fd #460 visible=false type=standard mode=fullscreen translucent=true A=10466:org.woheller69.weather U=0 StackId=460 sz=2} activity=ActivityRecord{24f996 u0 org.woheller69.weather/.activities.ManageLocationsActivity t-1} display-from-task=0 task-display-area=DefaultTaskDisplayArea@266463799 display-area-windowing-mode=1 inherit-from-source=fullscreen activity-options-fullscreen=Rect(0, 0 - 0, 0) non-freeform-display maximized-bounds
10-04 10:23:35.100  1159  4481 I SemDvfsHyPerManager: acquire hyper - AMS_ACT_START/1159@15, type = -999
10-04 10:23:35.100  1159  4481 D ActivityManagerPerformance: AMP_acquire() ACT_START
10-04 10:23:35.100   978  1069 I HYPER-HAL: [RequestManager.cpp]acquire(): Acquired ID : 689740  [1159 / 15]    HINT : AMS_ACT_START    list : 
10-04 10:23:35.101  1044  1131 I SurfaceFlinger: id=677 createSurf (0x0),-1 flag=80004, ActivityRecord{24f996 u0 org.woheller69.weather/.activities.ManageLocationsActivity t460}#0
10-04 10:23:35.101   978  1069 I HYPER-HAL: [ResourceManager.cpp]updateResource(): [CPULittleMinFreq] UpdateResource Request ID : 689740    Value : 1804800
10-04 10:23:35.102  1159  4481 V WindowManager: Prepare app transition: transit=TRANSIT_ACTIVITY_OPEN mNextAppTransition=TRANSIT_UNSET alwaysKeepCurrent=false displayId=0 Callers=com.android.server.wm.DisplayContent.prepareAppTransition:5809 com.android.server.wm.DisplayContent.prepareAppTransition:5803 com.android.server.wm.ActivityStack.startActivityLocked:2595 com.android.server.wm.ActivityStarter.startActivityInner:2674 com.android.server.wm.ActivityStarter.startActivityUnchecked:2197 
10-04 10:23:35.102   978  1069 I HYPER-HAL: [ResourceManager.cpp]updateResource(): [CPUMinFreq] UpdateResource Request ID : 689740    Value : 1900800
10-04 10:23:35.104  8821  8821 I ViewRootImpl@475a93c[SplashActivity]: stopped(false) old=false
10-04 10:23:35.104  8821  8821 D SplashActivity: Inside onResume
10-04 10:23:35.107  1159  4481 I ActivityTaskManager: Removing activity ActivityRecord{1f0e827 u0 org.woheller69.weather/.activities.RainViewerActivity t460 f}}(activityDestroyed)  from stack callers=com.android.server.wm.ActivityRecord.destroyed:3608 com.android.server.wm.ActivityTaskManagerService.activityDestroyed:2643 android.app.IActivityTaskManager$Stub.onTransact:2232 android.os.Binder.execTransactInternal:1195 android.os.Binder.execTransact:1159 
10-04 10:23:35.107  1159  4481 I SurfaceControl: nativeRelease nativeObject s[-5476376636675017216]
10-04 10:23:35.107  1159  4481 I SurfaceControl: nativeRelease nativeObject e[-5476376636675017216]
10-04 10:23:35.109  1044  1131 I Layer   : id=676 removeFromCurrentState ActivityRecord{1f0e827 u0 org.woheller69.weather/.activities.RainViewerActivity t460}#0 (64)
10-04 10:23:35.110  1044  1131 I SurfaceFlinger: id=676 Removed ActivityRecord{1f0e827 u0 org.woheller69.weather/.activities.RainViewerActivity t460}#0 (64)
10-04 10:23:35.110  1159  2104 D MARsPolicyManager: onPackageResumedFG pkgName = org.woheller69.weather, userId = 0
10-04 10:23:35.110  1159  2104 V WindowManager: Prepare app transition: transit=TRANSIT_ACTIVITY_OPEN mNextAppTransition=TRANSIT_ACTIVITY_OPEN alwaysKeepCurrent=false displayId=0 Callers=com.android.server.wm.DisplayContent.prepareAppTransition:5809 com.android.server.wm.DisplayContent.prepareAppTransition:5803 com.android.server.wm.ActivityStack.resumeTopActivityInnerLocked:2255 com.android.server.wm.ActivityStack.resumeTopActivityUncheckedLocked:1873 com.android.server.wm.RootWindowContainer.resumeFocusedStacksTopActivities:2678 
10-04 10:23:35.110  1159  2104 W ActivityTaskManager: Tried to set launchTime (0) < mLastActivityLaunchTime (67875721)
10-04 10:23:35.111  1159  2104 V WindowManager: rotationForOrientation(orient=SCREEN_ORIENTATION_UNSPECIFIED (-1), last=ROTATION_0 (0)); user=ROTATION_0 (0) 
10-04 10:23:35.111  1159  2104 D WindowManager: rotationForOrientation, orientationSource=ActivityRecord{24f996 u0 org.woheller69.weather/.activities.ManageLocationsActivity t460}
10-04 10:23:35.111  1159  2104 V WindowOrientationListener: getProposedRotation: -1
10-04 10:23:35.111  1159  2104 V WindowManager: rotationForOrientation(orient=SCREEN_ORIENTATION_UNSPECIFIED (-1), last=ROTATION_0 (0)); user=ROTATION_0 (0) 
10-04 10:23:35.111  1159  2104 D WindowManager: rotationForOrientation, orientationSource=ActivityRecord{24f996 u0 org.woheller69.weather/.activities.ManageLocationsActivity t460}
10-04 10:23:35.111  1159  2104 V WindowOrientationListener: getProposedRotation: -1
10-04 10:23:35.111  1159  2104 V WindowManager: Computed rotation=ROTATION_0 (0) for display id=0 based on lastOrientation=SCREEN_ORIENTATION_UNSPECIFIED (-1) and oldRotation=ROTATION_0 (0), caller=com.android.server.wm.DisplayRotation.updateOrientation:394 com.android.server.wm.DisplayContent.updateOrientation:1698 com.android.server.wm.DisplayContent.updateOrientation:1626 com.android.server.wm.RootWindowContainer.ensureVisibilityAndConfig:2165 com.android.server.wm.ActivityStackSupervisor.realStartActivityLocked:932 com.android.server.wm.ActivityStackSupervisor.startSpecificActivity:1247 
10-04 10:23:35.111  1159  2104 D TspStateManager: updateCustomValue customSetting=
10-04 10:23:35.111  1159  2104 V WindowManager: rotationForOrientation(orient=SCREEN_ORIENTATION_UNSPECIFIED (-1), last=ROTATION_0 (0)); user=ROTATION_0 (0) 
10-04 10:23:35.111  1159  2104 D WindowManager: rotationForOrientation, orientationSource=ActivityRecord{24f996 u0 org.woheller69.weather/.activities.ManageLocationsActivity t460}
10-04 10:23:35.111  1159  2104 V WindowOrientationListener: getProposedRotation: -1
10-04 10:23:35.111  1159  2104 D TspStateManager: updateCustomValue customSetting=
10-04 10:23:35.112  1159  2104 D PkgDataHelper: notifyAppCreate(), pkgName: org.woheller69.weather, sendRet: true
10-04 10:23:35.112  1159  2064 D GameManagerService: onLooperPrepared(), msg: MSG_APP_CREATE, pkgName: org.woheller69.weather
10-04 10:23:35.113  1159  2104 D InputDispatcher: Focused application set to (0): 24f996 
10-04 10:23:35.114  1159  2104 V WindowManager: Changing focus from Window{d699f74 u0 org.woheller69.weather/org.woheller69.weather.activities.SplashActivity} to null displayId=0 Callers=com.android.server.wm.RootWindowContainer.updateFocusedWindowLocked:567 com.android.server.wm.WindowManagerService.updateFocusedWindowLocked:6311 com.android.server.wm.DisplayContent.setFocusedApp:6775 com.android.server.wm.ActivityTaskManagerService.setResumedActivityUncheckLocked:6725 
10-04 10:23:35.114  1159  2104 D StatusBarManagerService: notifyRequestedSystemKey recent=false home=false
10-04 10:23:35.114  1159  2104 D MARsPolicyManager: onPackageResumedFG pkgName = org.woheller69.weather, userId = 0
10-04 10:23:35.115  1159  2104 W WindowManager: Execute app transition: mNextAppTransition=TRANSIT_ACTIVITY_OPEN, displayId: 0 Callers=com.android.server.wm.RootWindowContainer.executeAppTransitionForAllDisplay:2599 com.android.server.wm.ActivityStackSupervisor.reportResumedActivityLocked:2274 com.android.server.wm.ActivityRecord.completeResumeLocked:5710 com.android.server.wm.ActivityStack.minimalResumeActivityLocked:1225 com.android.server.wm.ActivityStackSupervisor.realStartActivityLocked:1160 
10-04 10:23:35.115  1044  1044 I Layer   : id=676[1] Destroyed ActivityRecord{1f0e827 u0 org.woheller69.weather/.activities.RainViewerActivity t460}#0
10-04 10:23:35.118  1159  1206 D GameManagerService: notePauseComponent(), received paused-component: org.woheller69.weather
10-04 10:23:35.122  1159  1159 I CocktailBarManagerServiceContainer: handleMessage: entry what = 5
10-04 10:23:35.123  1159  1206 D GameManagerService: noteResumeComponent(), received resumed-component: org.woheller69.weather
10-04 10:23:35.123  1159  1206 I GameSDK@LifeCycle: noteResumeComponent(): package name  : org.woheller69.weather
10-04 10:23:35.123  1159  2064 D GameManagerService: onLooperPrepared(), msg: MSG_APP_RESUME, resumeComponent: ComponentInfo{org.woheller69.weather/org.woheller69.weather.activities.ManageLocationsActivity}
10-04 10:23:35.123  1159  2064 D GameManagerService: handleResume().
10-04 10:23:35.123  1159  2064 D GameManagerService:   handleResume(). same package with Prev KILL_YOURSELF. ignore
10-04 10:23:35.126  1159  2104 I InputDispatcher: Focus left window (8821): d699f74 in display 0 0
10-04 10:23:35.126  1159  4481 V WindowManager: Relayout Window{d699f74 u0 org.woheller69.weather/org.woheller69.weather.activities.SplashActivity}: viewVisibility=0 req=1080x2400
10-04 10:23:35.128  1159  4481 V WindowManager: Relayout hash=d699f74, pid=8821: mAttrs={(0,0)(fillxfill) sim={adjust=pan forwardNavigation} ty=BASE_APPLICATION wanim=0x1030304
10-04 10:23:35.128  1159  4481 V WindowManager:   fl=81810100
10-04 10:23:35.128  1159  4481 V WindowManager:   pfl=12020000
10-04 10:23:35.128  1159  4481 V WindowManager:   fitSides= naviIconColor=0}
10-04 10:23:35.128  1159  4481 I SurfaceControl: nativeRelease nativeObject s[-5476376636674669264]
10-04 10:23:35.128  1159  4481 I SurfaceControl: nativeRelease nativeObject e[-5476376636674669264]
10-04 10:23:35.129  8821  8821 I SurfaceControl: nativeRelease nativeObject s[510206070992]
10-04 10:23:35.129  8821  8821 I SurfaceControl: nativeRelease nativeObject e[510206070992]
10-04 10:23:35.133  8821  8821 I SurfaceControl: assignNativeObject: nativeObject = 0 Surface(name=null)/@0xa13d96c / android.view.SurfaceControl.readFromParcel:1117 android.view.IWindowSession$Stub$Proxy.relayout:1820 android.view.ViewRootImpl.relayoutWindow:9005 android.view.ViewRootImpl.performTraversals:3360 android.view.ViewRootImpl.doTraversal:2618 android.view.ViewRootImpl$TraversalRunnable.run:9971 android.view.Choreographer$CallbackRecord.run:1010 android.view.Choreographer.doCallbacks:809 android.view.Choreographer.doFrame:744 android.view.Choreographer$FrameDisplayEventReceiver.run:995 
10-04 10:23:35.134  8821  8821 I SurfaceControl: nativeRelease nativeObject s[510206069408]
10-04 10:23:35.134  8821  8821 I SurfaceControl: nativeRelease nativeObject e[510206069408]
10-04 10:23:35.134  8821  8821 I SurfaceControl: nativeRelease nativeObject s[510206075568]
10-04 10:23:35.135  8821  8821 I SurfaceControl: nativeRelease nativeObject e[510206075568]
10-04 10:23:35.135  8821  8821 I SurfaceControl: nativeRelease nativeObject s[510206067296]
10-04 10:23:35.135  8821  8821 I SurfaceControl: nativeRelease nativeObject e[510206067296]
10-04 10:23:35.135  8821  8821 I ViewRootImpl@475a93c[SplashActivity]: Relayout returned: old=(0,0,1080,2400) new=(0,0,1080,2400) req=(1080,2400)0 dur=8 res=0x1 s={true 514500764320} ch=false fn=11
10-04 10:23:35.137  8821  8821 I ViewRootImpl@475a93c[SplashActivity]: MSG_WINDOW_FOCUS_CHANGED 0 1
10-04 10:23:35.146  8821  8821 I DecorView: [INFO] isPopOver=false, config=true
10-04 10:23:35.146  8821  8821 I DecorView: updateCaptionType >> DecorView@f7016fd[], isFloating=false, isApplication=true, hasWindowDecorCaption=false, hasWindowControllerCallback=true
10-04 10:23:35.146  8821  8821 D DecorView: setCaptionType = 0, this = DecorView@f7016fd[]
10-04 10:23:35.158  8821  8821 D weather:AddressScan2: #7_0#
10-04 10:23:35.162  1159  2104 V WindowManager: Prepare app transition: transit=TRANSIT_ACTIVITY_CLOSE mNextAppTransition=TRANSIT_ACTIVITY_OPEN alwaysKeepCurrent=false displayId=0 Callers=com.android.server.wm.DisplayContent.prepareAppTransition:5809 com.android.server.wm.DisplayContent.prepareAppTransition:5803 com.android.server.wm.ActivityRecord.finishIfPossible:3181 com.android.server.wm.ActivityTaskManagerService.finishActivity:2434 android.app.IActivityTaskManager$Stub.onTransact:2140 
10-04 10:23:35.164  1159  2104 I ActivityTaskManager: Remove from unknown app
10-04 10:23:35.168  8821  8821 I ViewRootImpl@475a93c[SplashActivity]: MSG_WINDOW_FOCUS_CHANGED 0 1
10-04 10:23:35.169  1159  2104 D MARsPolicyManager: onPackageResumedFG pkgName = org.woheller69.weather, userId = 0
10-04 10:23:35.169  1159  1206 D GameManagerService: notePauseComponent(), received paused-component: org.woheller69.weather
10-04 10:23:35.169  1159  2104 V WindowManager: Prepare app transition: transit=TRANSIT_ACTIVITY_CLOSE mNextAppTransition=TRANSIT_ACTIVITY_OPEN alwaysKeepCurrent=false displayId=0 Callers=com.android.server.wm.DisplayContent.prepareAppTransition:5809 com.android.server.wm.DisplayContent.prepareAppTransition:5803 com.android.server.wm.ActivityStack.resumeTopActivityInnerLocked:2243 com.android.server.wm.ActivityStack.resumeTopActivityUncheckedLocked:1873 com.android.server.wm.RootWindowContainer.resumeFocusedStacksTopActivities:2678 
10-04 10:23:35.169  1159  2104 D InputDispatcher: Focused application set to (0): 2e6e654
10-04 10:23:35.170  1159  2104 V WindowManager: Changing focus from null to Window{d699f74 u0 org.woheller69.weather/org.woheller69.weather.activities.SplashActivity} displayId=0 Callers=com.android.server.wm.RootWindowContainer.updateFocusedWindowLocked:567 com.android.server.wm.WindowManagerService.updateFocusedWindowLocked:6311 com.android.server.wm.DisplayContent.setFocusedApp:6775 com.android.server.wm.ActivityTaskManagerService.setResumedActivityUncheckLocked:6725 
10-04 10:23:35.170  1159  2104 D StatusBarManagerService: notifyRequestedSystemKey recent=false home=false
10-04 10:23:35.171  1159  2104 V WindowManager: rotationForOrientation(orient=SCREEN_ORIENTATION_UNSPECIFIED (-1), last=ROTATION_0 (0)); user=ROTATION_0 (0) 
10-04 10:23:35.171  1159  2104 D WindowManager: rotationForOrientation, orientationSource=ActivityRecord{2e6e654 u0 org.woheller69.weather/.activities.SplashActivity t460}
10-04 10:23:35.171  1159  2104 V WindowOrientationListener: getProposedRotation: -1
10-04 10:23:35.171  1159  2104 V WindowManager: Computed rotation=ROTATION_0 (0) for display id=0 based on lastOrientation=SCREEN_ORIENTATION_UNSPECIFIED (-1) and oldRotation=ROTATION_0 (0), caller=com.android.server.wm.DisplayRotation.updateOrientation:394 com.android.server.wm.DisplayContent.updateOrientation:1698 com.android.server.wm.DisplayContent.updateOrientation:1626 com.android.server.wm.RootWindowContainer.ensureVisibilityAndConfig:2165 com.android.server.wm.ActivityStack.resumeTopActivityInnerLocked:2340 com.android.server.wm.ActivityStack.resumeTopActivityUncheckedLocked:1873 
10-04 10:23:35.171  1159  2104 D TspStateManager: updateCustomValue customSetting=
10-04 10:23:35.171  1159  2104 D TspStateManager: updateCustomValue customSetting=
10-04 10:23:35.172  1159  2104 D MARsPolicyManager: onPackageResumedFG pkgName = org.woheller69.weather, userId = 0
10-04 10:23:35.172  1159  2104 W WindowManager: Execute app transition: mNextAppTransition=TRANSIT_ACTIVITY_OPEN, displayId: 0 Callers=com.android.server.wm.RootWindowContainer.executeAppTransitionForAllDisplay:2599 com.android.server.wm.ActivityStackSupervisor.reportResumedActivityLocked:2274 com.android.server.wm.ActivityRecord.completeResumeLocked:5710 com.android.server.wm.ActivityStack.resumeTopActivityInnerLocked:2434 com.android.server.wm.ActivityStack.resumeTopActivityUncheckedLocked:1873 
10-04 10:23:35.174  1159  2104 D ActivityTaskManager: finishFixedRotationTransform, r=ActivityRecord{24f996 u0 org.woheller69.weather/.activities.ManageLocationsActivity t460 f}}, caller=com.android.server.wm.WindowToken.finishFixedRotationTransform:664 com.android.server.wm.DisplayContent$FixedRotationTransitionListener.onAppTransitionFinishedLocked:7025 com.android.server.wm.AppTransition.notifyAppTransitionFinishedLocked:552 com.android.server.wm.ActivityRecord.onAnimationFinished:7164 com.android.server.wm.ActivityRecord.postApplyAnimation:5013 
10-04 10:23:35.175  1159  2104 D ActivityTaskManager: finishFixedRotationTransform, r=ActivityRecord{2e6e654 u0 org.woheller69.weather/.activities.SplashActivity t460}, caller=com.android.server.wm.WindowToken.finishFixedRotationTransform:664 com.android.server.wm.DisplayContent$FixedRotationTransitionListener.onAppTransitionFinishedLocked:7025 com.android.server.wm.AppTransition.notifyAppTransitionFinishedLocked:552 com.android.server.wm.DisplayContent.handleAnimatingStoppedAndTransition:5836 com.android.server.wm.RootWindowContainer.checkAppTransitionReady:1265 
10-04 10:23:35.177  8821  8821 D SplashActivity: Inside onActivityResult requestCode 2 resultCode: -1
10-04 10:23:35.184  1159  3853 I InputDispatcher: Focus entered window (8821): d699f74 in display 0 0
10-04 10:23:35.186  1159  1159 I CocktailBarManagerServiceContainer: handleMessage: entry what = 5
10-04 10:23:35.188  1159  1206 D GameManagerService: noteResumeComponent(), received resumed-component: org.woheller69.weather
10-04 10:23:35.188  1159  1206 I GameSDK@LifeCycle: noteResumeComponent(): package name  : org.woheller69.weather
10-04 10:23:35.188  1159  2064 D GameManagerService: onLooperPrepared(), msg: MSG_APP_RESUME, resumeComponent: ComponentInfo{org.woheller69.weather/org.woheller69.weather.activities.SplashActivity}
10-04 10:23:35.188  1159  2064 D GameManagerService: handleResume().
10-04 10:23:35.188  1159  2064 D GameManagerService:   handleResume(). same package with Prev KILL_YOURSELF. ignore
10-04 10:23:35.313  1159  3042 D ActivityManagerPerformance: AMP_release() ACT_RESUME
10-04 10:23:35.315   978  1069 I HYPER-HAL: [ResourceManager.cpp]removeResource(): [CPUMinFreq] RemoveResource Request ID : 694450
10-04 10:23:35.315   978  1069 I HYPER-HAL: [RequestManager.cpp]releaseLocked(): Released ID : 694450
10-04 10:23:35.488  5669  5669 I Utils   : isCurrentUser current = 0, ownerId = 0
10-04 10:23:35.488  5669  5669 I TrayVisibilityController: getComputedTrayVisible : keyguardState = 1
10-04 10:23:35.488  5669  5669 I TrayVisibilityController: updateTrayVisible: State=1 visible=1 mCurrentVisible=1 specificMode=0
10-04 10:23:35.488  5669  5669 I TrayStateController: onNotifyUpdateTray: 0 to need to visible? true
10-04 10:23:35.672  1159  1206 D SemGameManager: isForegroundGame(), begin
10-04 10:23:35.672  1159  1206 D GameManagerService: identifyForegroundApp. org.woheller69.weather, mCurrentUserId: 0, callerUserId: 0
10-04 10:23:35.672  1159  1206 D PkgDataHelper: getGamePkgData(). org.woheller69.weather
10-04 10:23:35.672  1159  1206 D SemGameManager: isForegroundGame(), ret=false
10-04 10:23:35.691   975  7745 I sensors-hal: handle_sns_std_sensor_event:225, [SSC_LIGHT] P: 14(15),als:73,green:12,ir:5,delta_avg:0,delta_max:26,stdev:7,stdev_per_4sample:2,magig_code or itime:576
10-04 10:23:35.911  8821  8821 D SplashActivity#: currentViewId:1
10-04 10:23:35.911  8821  8821 D weather:AddressScan2: #4_1#
10-04 10:23:35.912  1159  3853 I ActivityTaskManager: START u0 {cmp=org.woheller69.weather/.activities.RainViewerActivity (has extras)} from uid 10466
10-04 10:23:35.912  1159  3853 D ActivityTaskManager: TaskLaunchParamsModifier:task=null activity=ActivityRecord{257240f u0 org.woheller69.weather/.activities.RainViewerActivity display-area-from-source=DefaultTaskDisplayArea@266463799 task-display-area=DefaultTaskDisplayArea@266463799 display-area-windowing-mode=1
10-04 10:23:35.912  1159  3853 D ActivityTaskManager: TaskLaunchParamsModifier:task=Task{f75d9fd #460 visible=false type=standard mode=fullscreen translucent=true A=10466:org.woheller69.weather U=0 StackId=460 sz=2} activity=ActivityRecord{257240f u0 org.woheller69.weather/.activities.RainViewerActivity t-1} display-from-task=0 task-display-area=DefaultTaskDisplayArea@266463799 display-area-windowing-mode=1 inherit-from-source=fullscreen activity-options-fullscreen=Rect(0, 0 - 0, 0) non-freeform-display maximized-bounds
10-04 10:23:35.913  1044  1131 I SurfaceFlinger: id=678 createSurf (0x0),-1 flag=80004, ActivityRecord{257240f u0 org.woheller69.weather/.activities.RainViewerActivity t460}#0
10-04 10:23:35.914  1159  3853 V WindowManager: Prepare app transition: transit=TRANSIT_ACTIVITY_OPEN mNextAppTransition=TRANSIT_UNSET alwaysKeepCurrent=false displayId=0 Callers=com.android.server.wm.DisplayContent.prepareAppTransition:5809 com.android.server.wm.DisplayContent.prepareAppTransition:5803 com.android.server.wm.ActivityStack.startActivityLocked:2595 com.android.server.wm.ActivityStarter.startActivityInner:2674 com.android.server.wm.ActivityStarter.startActivityUnchecked:2197 
10-04 10:23:35.918  8821  8821 I ViewRootImpl@475a93c[SplashActivity]: stopped(false) old=false
10-04 10:23:35.918  8821  8821 D SplashActivity: Inside onResume
10-04 10:23:35.919  1159  4514 I ActivityTaskManager: Removing activity ActivityRecord{24f996 u0 org.woheller69.weather/.activities.ManageLocationsActivity t460 f}}(activityDestroyed)  from stack callers=com.android.server.wm.ActivityRecord.destroyed:3608 com.android.server.wm.ActivityTaskManagerService.activityDestroyed:2643 android.app.IActivityTaskManager$Stub.onTransact:2232 android.os.Binder.execTransactInternal:1195 android.os.Binder.execTransact:1159 
10-04 10:23:35.920  1159  4514 I SurfaceControl: nativeRelease nativeObject s[-5476376636675045552]
10-04 10:23:35.920  1159  4514 I SurfaceControl: nativeRelease nativeObject e[-5476376636675045552]
10-04 10:23:35.921  1159  4481 D MARsPolicyManager: onPackageResumedFG pkgName = org.woheller69.weather, userId = 0
10-04 10:23:35.921  1159  4481 V WindowManager: Prepare app transition: transit=TRANSIT_ACTIVITY_OPEN mNextAppTransition=TRANSIT_ACTIVITY_OPEN alwaysKeepCurrent=false displayId=0 Callers=com.android.server.wm.DisplayContent.prepareAppTransition:5809 com.android.server.wm.DisplayContent.prepareAppTransition:5803 com.android.server.wm.ActivityStack.resumeTopActivityInnerLocked:2255 com.android.server.wm.ActivityStack.resumeTopActivityUncheckedLocked:1873 com.android.server.wm.RootWindowContainer.resumeFocusedStacksTopActivities:2678 
10-04 10:23:35.921  1159  4481 W ActivityTaskManager: Tried to set launchTime (0) < mLastActivityLaunchTime (67878329)
10-04 10:23:35.921  1159  4481 V WindowManager: rotationForOrientation(orient=SCREEN_ORIENTATION_UNSPECIFIED (-1), last=ROTATION_0 (0)); user=ROTATION_0 (0) 
10-04 10:23:35.921  1159  4481 D WindowManager: rotationForOrientation, orientationSource=ActivityRecord{257240f u0 org.woheller69.weather/.activities.RainViewerActivity t460}
10-04 10:23:35.921  1159  4481 V WindowOrientationListener: getProposedRotation: -1
10-04 10:23:35.922  1159  4481 V WindowManager: rotationForOrientation(orient=SCREEN_ORIENTATION_UNSPECIFIED (-1), last=ROTATION_0 (0)); user=ROTATION_0 (0) 
10-04 10:23:35.922  1159  4481 D WindowManager: rotationForOrientation, orientationSource=ActivityRecord{257240f u0 org.woheller69.weather/.activities.RainViewerActivity t460}
10-04 10:23:35.922  1159  4481 V WindowOrientationListener: getProposedRotation: -1
10-04 10:23:35.922  1159  4481 V WindowManager: Computed rotation=ROTATION_0 (0) for display id=0 based on lastOrientation=SCREEN_ORIENTATION_UNSPECIFIED (-1) and oldRotation=ROTATION_0 (0), caller=com.android.server.wm.DisplayRotation.updateOrientation:394 com.android.server.wm.DisplayContent.updateOrientation:1698 com.android.server.wm.DisplayContent.updateOrientation:1626 com.android.server.wm.RootWindowContainer.ensureVisibilityAndConfig:2165 com.android.server.wm.ActivityStackSupervisor.realStartActivityLocked:932 com.android.server.wm.ActivityStackSupervisor.startSpecificActivity:1247 
10-04 10:23:35.922  1159  4481 D TspStateManager: updateCustomValue customSetting=
10-04 10:23:35.922  1159  4481 V WindowManager: rotationForOrientation(orient=SCREEN_ORIENTATION_UNSPECIFIED (-1), last=ROTATION_0 (0)); user=ROTATION_0 (0) 
10-04 10:23:35.922  1159  4481 D WindowManager: rotationForOrientation, orientationSource=ActivityRecord{257240f u0 org.woheller69.weather/.activities.RainViewerActivity t460}
10-04 10:23:35.922  1159  4481 V WindowOrientationListener: getProposedRotation: -1
10-04 10:23:35.923  1159  4481 D TspStateManager: updateCustomValue customSetting=
10-04 10:23:35.923  1159  4481 D PkgDataHelper: notifyAppCreate(), pkgName: org.woheller69.weather, sendRet: true
10-04 10:23:35.923  1159  2064 D GameManagerService: onLooperPrepared(), msg: MSG_APP_CREATE, pkgName: org.woheller69.weather
10-04 10:23:35.923  1159  4481 D InputDispatcher: Focused application set to (0): 257240f
10-04 10:23:35.924  1159  4481 V WindowManager: Changing focus from Window{d699f74 u0 org.woheller69.weather/org.woheller69.weather.activities.SplashActivity} to null displayId=0 Callers=com.android.server.wm.RootWindowContainer.updateFocusedWindowLocked:567 com.android.server.wm.WindowManagerService.updateFocusedWindowLocked:6311 com.android.server.wm.DisplayContent.setFocusedApp:6775 com.android.server.wm.ActivityTaskManagerService.setResumedActivityUncheckLocked:6725 
10-04 10:23:35.924  1159  4481 D StatusBarManagerService: notifyRequestedSystemKey recent=false home=false
10-04 10:23:35.924  1159  4481 D MARsPolicyManager: onPackageResumedFG pkgName = org.woheller69.weather, userId = 0
10-04 10:23:35.925  1159  4481 W WindowManager: Execute app transition: mNextAppTransition=TRANSIT_ACTIVITY_OPEN, displayId: 0 Callers=com.android.server.wm.RootWindowContainer.executeAppTransitionForAllDisplay:2599 com.android.server.wm.ActivityStackSupervisor.reportResumedActivityLocked:2274 com.android.server.wm.ActivityRecord.completeResumeLocked:5710 com.android.server.wm.ActivityStack.minimalResumeActivityLocked:1225 com.android.server.wm.ActivityStackSupervisor.realStartActivityLocked:1160 
10-04 10:23:35.926  1044  1132 I Layer   : id=677 removeFromCurrentState ActivityRecord{24f996 u0 org.woheller69.weather/.activities.ManageLocationsActivity t460}#0 (64)
10-04 10:23:35.926  8821  8821 I ViewRootImpl@475a93c[SplashActivity]: MSG_WINDOW_FOCUS_CHANGED 1 1
10-04 10:23:35.926  8821  8821 D InputMethodManager: prepareNavigationBarInfo() DecorView@75efae0[SplashActivity]
10-04 10:23:35.926  8821  8821 D InputMethodManager: getNavigationBarColor() -16711423
10-04 10:23:35.927  8821  8821 D InputMethodManager: prepareNavigationBarInfo() DecorView@75efae0[SplashActivity]
10-04 10:23:35.927  8821  8821 D InputMethodManager: getNavigationBarColor() -16711423
10-04 10:23:35.927  8821  8821 V InputMethodManager: Starting input: tba=org.woheller69.weather ic=null mNaviBarColor -16711423 mIsGetNaviBarColorSuccess true , NavVisible : true , NavTrans : false
10-04 10:23:35.927  8821  8821 D InputMethodManager: startInputInner - Id : 0
10-04 10:23:35.927  8821  8821 I InputMethodManager: startInputInner - mService.startInputOrWindowGainedFocus
10-04 10:23:35.927  1159  2104 D InputMethodManagerService: mSecureKeypadEnabled = false
10-04 10:23:35.927  1159  2104 D InputMethodManagerService: mDesktopModeManager null!
10-04 10:23:35.927  1159  2104 V InputMethodManagerService: getDisplayIdOfInputMethodWindowToBeAdded : 0
10-04 10:23:35.927  1159  2104 D InputMethodManagerService: checkDisplayOfStartInputAndUpdateKeyboard display Id 0last 0
10-04 10:23:35.927  1159  2104 D InputTransport: Input channel constructed: 'ClientS', fd=632
10-04 10:23:35.927  1159  2104 D InputTransport: Input channel destroyed: 'ClientS', fd=632
10-04 10:23:35.929  8821  8821 D InputTransport: Input channel constructed: 'ClientS', fd=86
10-04 10:23:35.929  8821  8821 D InputTransport: Input channel destroyed: 'ClientS', fd=82
10-04 10:23:35.929 17314 17314 I HBD     : HoneyBoardService onFinishInput 
10-04 10:23:35.929  1044  1132 I SurfaceFlinger: id=677 Removed ActivityRecord{24f996 u0 org.woheller69.weather/.activities.ManageLocationsActivity t460}#0 (64)
10-04 10:23:35.929 17314 17314 I HBD     : a IC have been unbinded,  InputConnectionWrapper{idHash=#3d068c3 mMissingMethods=}
10-04 10:23:35.929 17314 17314 I HBD     : HoneyBoardService [PF_CL][onFinishInput]  336718 ns 
10-04 10:23:35.930 17314 17314 I HBD     : HoneyBoardService [IMI] onStartInput - caller pid : 8821 , caller uid : 10466 
10-04 10:23:35.930 17314 17314 I HBD     : i updateConfigs 
10-04 10:23:35.930 17314 17314 I HBD     : i isEnabledNightMode : true 
10-04 10:23:35.930 17314 17314 I HBD     : a IC have been binded, InputConnectionWrapper{idHash=#3d068c3 mMissingMethods=} 
10-04 10:23:35.930 17314 17314 I HBD     : h [EditorInputType]setPrivateImeOptionsToTable privateImeOptions ( null )
10-04 10:23:35.930 17314 17314 I HBD     : b incognitoMode : false 
10-04 10:23:35.930 17314 17314 I HBD     : a needOff = true , isForceOff = false, isNullInputClass : true 
10-04 10:23:35.930 17314 17314 I HBD     : h getDefaultInputRange : UNKNOWN 
10-04 10:23:35.930 17314 17314 I HBD     : h getDefaultInputRange : UNKNOWN 
10-04 10:23:35.930 17314 17314 I HBD     : h getDefaultInputRange : UNKNOWN 
10-04 10:23:35.932  1044  1044 I Layer   : id=677[1] Destroyed ActivityRecord{24f996 u0 org.woheller69.weather/.activities.ManageLocationsActivity t460}#0
10-04 10:23:35.931  1159  4514 D SdpManagerService: Not an enterprise user : 0
10-04 10:23:35.934 17314 17314 I HBD     : h getDefaultInputRange : UNKNOWN 
10-04 10:23:35.934 17314 17314 I HBD     : a currentState : 0 
10-04 10:23:35.935  1159  1206 D GameManagerService: notePauseComponent(), received paused-component: org.woheller69.weather
10-04 10:23:35.935 17314 17314 I HBD     : h load selected json info : {"version":"1.0","currentLanguageOrder":0,"selected":[{"activeOptionList":["auto_replace","auto_spacing"],"engName":"English","id":65538,"inputType":"qwerty","isUsed":true}]} 
10-04 10:23:35.935  8821  8821 D RainViewerActivity: Inside onCreate
10-04 10:23:35.935  8821  8821 D weather:AddressScan2: #4_0#
10-04 10:23:35.935  8821  8821 D configMap rain extras.getString("targetMethods") : ChildB.methodB,ChildC.methodC
10-04 10:23:35.935  8821  8821 D configMap rain : [ChildB.methodB, ChildC.methodC] 30 100 2
10-04 10:23:35.935  8821  8821 D delay:  : 0
10-04 10:23:35.935  8821  8821 D weather:AddressScan2: #4_1_1#
10-04 10:23:35.936 17314 17314 I HBD     : a [UpdatePolicy] [post] a: 0 cl: 65538 kit: [0/0] vt: 0 ir: 1 
10-04 10:23:35.936  8821  8821 D weather:AddressScan2: #4_1_0#0
10-04 10:23:35.936  8821  8821 D delay:  : 91
10-04 10:23:35.936 17314 17314 I HBD     : HoneyBoardService [PF_OP][onStartInput]  6588958 ns 
10-04 10:23:35.943  1159  1159 I CocktailBarManagerServiceContainer: handleMessage: entry what = 5
10-04 10:23:35.944  1159  4481 I InputDispatcher: Focus left window (8821): d699f74 in display 0 0
10-04 10:23:35.945  1159  1206 D GameManagerService: noteResumeComponent(), received resumed-component: org.woheller69.weather
10-04 10:23:35.945  1159  1206 I GameSDK@LifeCycle: noteResumeComponent(): package name  : org.woheller69.weather
10-04 10:23:35.945  1159  2064 D GameManagerService: onLooperPrepared(), msg: MSG_APP_RESUME, resumeComponent: ComponentInfo{org.woheller69.weather/org.woheller69.weather.activities.RainViewerActivity}
10-04 10:23:35.945  1159  2064 D GameManagerService: handleResume().
10-04 10:23:35.945  1159  2064 D GameManagerService:   handleResume(). same package with Prev KILL_YOURSELF. ignore
10-04 10:23:35.985   678   678 I io_stats: !@   8,0 r 291965 10909640 w 471167 15088260 d 246383 243954964 f 190165 99111 iot 356264 235470 th 102400 0 0 pt 0 inp 0 0 67879.202
10-04 10:23:36.027  8821  8821 D weather:AddressScan2: #4_2_1#
10-04 10:23:36.107  8821  8821 D weather:AddressScan2: #4_2_0#61964
10-04 10:23:36.107  8821  8821 D delay:  : 9
10-04 10:23:36.116  8821  8821 D weather:AddressScan2: #4_1_1#
10-04 10:23:36.116  8821  8821 D weather:AddressScan2: #4_1_0#0
10-04 10:23:36.116  8821  8821 D delay:  : 6
10-04 10:23:36.122  8821  8821 D weather:AddressScan2: #4_2_1#
10-04 10:23:36.245  5669  5669 I Utils   : isCurrentUser current = 0, ownerId = 0
10-04 10:23:36.245  5669  5669 I TrayVisibilityController: getComputedTrayVisible : keyguardState = 1
10-04 10:23:36.245  5669  5669 I TrayVisibilityController: updateTrayVisible: State=1 visible=1 mCurrentVisible=1 specificMode=0
10-04 10:23:36.245  5669  5669 I TrayStateController: onNotifyUpdateTray: 0 to need to visible? true
10-04 10:23:36.425  1159  9989 D TspStateManager: update cmd=set_grip_data,1,45,7,24,720
10-04 10:23:36.547  1159  3475 E TaskPersister: File error accessing recents directory (directory doesn't exist?).
10-04 10:23:36.551   975  7747 I sensors-hal: handle_sns_client_event:84, auto_rotation_event: mode:255, type:1:0
10-04 10:23:36.650   975  7745 I sensors-hal: handle_sns_std_sensor_event:225, [SSC_LIGHT] P: 14(14),als:73,green:12,ir:5,delta_avg:1,delta_max:26,stdev:10,stdev_per_4sample:3,magig_code or itime:576
10-04 10:23:36.779  8821  9616 D CacheScan_DexInfo: sidescandb GetTimes Loglength 27968
10-04 10:23:36.779  8821  9616 D CacheScan_DexInfo: sidescandb getLogs
10-04 10:23:36.780  8821  9616 D sidescandb: returned from getLogs
10-04 10:23:36.780  8821  9616 D CacheScan_DexInfo: sidescandb timingCounts 27968
10-04 10:23:36.780  8821  9616 D CacheScan_DexInfo: sidescandb GetAddresses Loglength 27968
10-04 10:23:36.780  8821  9616 D sidescandb:  addresses: 27968
10-04 10:23:36.780  8821  9616 D sidescandb:  logs: 27968
10-04 10:23:36.780  8821  9616 D sidescandb:  times: 27968
10-04 10:23:36.802  8821  9616 D sidescandb: sideChannelValues.size() 27968
10-04 10:23:36.979  8821  9581 I eller69.weathe: Background concurrent copying GC freed 283325(10MB) AllocSpace objects, 4(772KB) LOS objects, 49% free, 10MB/20MB, paused 187us total 109.641ms
10-04 10:23:37.101  1159  3042 I SemDvfsHyPerManager: acquire hyper - AMS_RESUME_TAIL/1159@17, type = -999
10-04 10:23:37.101  1159  3042 I SemDvfsHyPerManager: acquire hyper - AMS_ACT_LAZY/1159@18, type = -999
10-04 10:23:37.101  1159  3042 D ActivityManagerPerformance: AMP_acquire() TAIL
10-04 10:23:37.101   978  1069 I HYPER-HAL: [RequestManager.cpp]acquire(): Acquired ID : 692093  [1159 / 17]    HINT : AMS_RESUME_TAIL    list : 
10-04 10:23:37.101  1159  3042 D ActivityManagerPerformance: AMP_release() ACT_START
10-04 10:23:37.103   978  1069 I HYPER-HAL: [ResourceManager.cpp]updateResource(): [CPUMinFreq] UpdateResource Request ID : 692093    Value : 1248000
10-04 10:23:37.103   978  1069 I HYPER-HAL: [RequestManager.cpp]acquire(): Acquired ID : 693271  [1159 / 18]    HINT : AMS_ACT_LAZY    list : 
10-04 10:23:37.103   978  1069 I HYPER-HAL: [ResourceManager.cpp]removeResource(): [CPULittleMinFreq] RemoveResource Request ID : 689740
10-04 10:23:37.105   978  1069 I HYPER-HAL: [ResourceManager.cpp]removeResource(): [CPUMinFreq] RemoveResource Request ID : 689740
10-04 10:23:37.105   978  1069 I HYPER-HAL: [RequestManager.cpp]releaseLocked(): Released ID : 689740
10-04 10:23:37.316  8821  8821 D weather:AddressScan2: #4_2_0#18762
10-04 10:23:37.318  8821  8821 I DecorView: [INFO] isPopOver=false, config=true
10-04 10:23:37.318  8821  8821 I DecorView: updateCaptionType >> DecorView@7288fc4[], isFloating=false, isApplication=true, hasWindowDecorCaption=false, hasWindowControllerCallback=true
10-04 10:23:37.318  8821  8821 D DecorView: setCaptionType = 0, this = DecorView@7288fc4[]
10-04 10:23:37.332  8821  8821 V AutofillManager: receiver results: flags=7 enabled=true, enabledForAugmentedOnly: false
10-04 10:23:37.404   978 10000 I HYPER-HAL: [ResourceManager.cpp]removeResource(): [CPUMinFreq] RemoveResource Request ID : 692093
10-04 10:23:37.404   978 10000 I HYPER-HAL: [RequestManager.cpp]releaseLocked(): Released ID : 692093
10-04 10:23:37.611   975  7745 I sensors-hal: handle_sns_std_sensor_event:225, [SSC_LIGHT] P: 14(15),als:73,green:12,ir:6,delta_avg:0,delta_max:24,stdev:11,stdev_per_4sample:3,magig_code or itime:576
10-04 10:23:37.990   678   678 I io_stats: !@   8,0 r 291965 10909640 w 471204 15090024 d 246383 243954964 f 190171 99117 iot 356276 235485 th 102400 0 0 pt 0 inp 0 0 67881.206
10-04 10:23:38.069  1159  2206 I WifiConnectivityMonitor: scoreQcCheck - less than 50 : s2Score : 50
10-04 10:23:38.227  8821  8821 D RainViewerActivity: Inside onStart
10-04 10:23:38.229  1159  4481 V WindowManager: Prepare app transition: transit=TRANSIT_ACTIVITY_CLOSE mNextAppTransition=TRANSIT_ACTIVITY_OPEN alwaysKeepCurrent=false displayId=0 Callers=com.android.server.wm.DisplayContent.prepareAppTransition:5809 com.android.server.wm.DisplayContent.prepareAppTransition:5803 com.android.server.wm.ActivityRecord.finishIfPossible:3181 com.android.server.wm.ActivityTaskManagerService.finishActivity:2434 android.app.IActivityTaskManager$Stub.onTransact:2140 
10-04 10:23:38.232  1159  4481 I ActivityTaskManager: Remove from unknown app
10-04 10:23:38.235  1159  2060 I InputDispatcher: d699f74 org.woheller69.weather/org.woheller69.weather.activities.SplashActivity (server) spent 2290ms [seq=17079] processing FocusEvent(hasFocus=false)
10-04 10:23:38.236  1159  4481 D MARsPolicyManager: onPackageResumedFG pkgName = org.woheller69.weather, userId = 0
10-04 10:23:38.236  1159  4481 I SemDvfsHyPerManager: acquire hyper - AMS_ACT_RESUME/1159@19, type = -999
10-04 10:23:38.236  1159  1206 D GameManagerService: notePauseComponent(), received paused-component: org.woheller69.weather
10-04 10:23:38.236  1159  4481 D ActivityManagerPerformance: AMP_acquire() ACT_RESUME
10-04 10:23:38.236   978  1069 I HYPER-HAL: [RequestManager.cpp]acquire(): Acquired ID : 694450  [1159 / 19]    HINT : AMS_ACT_RESUME    list : 
10-04 10:23:38.237  1159  4481 V WindowManager: Prepare app transition: transit=TRANSIT_ACTIVITY_CLOSE mNextAppTransition=TRANSIT_ACTIVITY_OPEN alwaysKeepCurrent=false displayId=0 Callers=com.android.server.wm.DisplayContent.prepareAppTransition:5809 com.android.server.wm.DisplayContent.prepareAppTransition:5803 com.android.server.wm.ActivityStack.resumeTopActivityInnerLocked:2243 com.android.server.wm.ActivityStack.resumeTopActivityUncheckedLocked:1873 com.android.server.wm.RootWindowContainer.resumeFocusedStacksTopActivities:2678 
10-04 10:23:38.237  1159  4481 D InputDispatcher: Focused application set to (0): 2e6e654
10-04 10:23:38.238  1159  4481 V WindowManager: Changing focus from null to Window{d699f74 u0 org.woheller69.weather/org.woheller69.weather.activities.SplashActivity} displayId=0 Callers=com.android.server.wm.RootWindowContainer.updateFocusedWindowLocked:567 com.android.server.wm.WindowManagerService.updateFocusedWindowLocked:6311 com.android.server.wm.DisplayContent.setFocusedApp:6775 com.android.server.wm.ActivityTaskManagerService.setResumedActivityUncheckLocked:6725 
10-04 10:23:38.238  1159  4481 D StatusBarManagerService: notifyRequestedSystemKey recent=false home=false
10-04 10:23:38.238  1159  4481 V WindowManager: rotationForOrientation(orient=SCREEN_ORIENTATION_UNSPECIFIED (-1), last=ROTATION_0 (0)); user=ROTATION_0 (0) 
10-04 10:23:38.238  1159  4481 D WindowManager: rotationForOrientation, orientationSource=ActivityRecord{2e6e654 u0 org.woheller69.weather/.activities.SplashActivity t460}
10-04 10:23:38.238  1159  4481 V WindowOrientationListener: getProposedRotation: -1
10-04 10:23:38.238  1159  4481 V WindowManager: Computed rotation=ROTATION_0 (0) for display id=0 based on lastOrientation=SCREEN_ORIENTATION_UNSPECIFIED (-1) and oldRotation=ROTATION_0 (0), caller=com.android.server.wm.DisplayRotation.updateOrientation:394 com.android.server.wm.DisplayContent.updateOrientation:1698 com.android.server.wm.DisplayContent.updateOrientation:1626 com.android.server.wm.RootWindowContainer.ensureVisibilityAndConfig:2165 com.android.server.wm.ActivityStack.resumeTopActivityInnerLocked:2340 com.android.server.wm.ActivityStack.resumeTopActivityUncheckedLocked:1873 
10-04 10:23:38.239  1159  4481 D TspStateManager: updateCustomValue customSetting=
10-04 10:23:38.239   978  1069 I HYPER-HAL: [ResourceManager.cpp]updateResource(): [CPUMinFreq] UpdateResource Request ID : 694450    Value : 1766400
10-04 10:23:38.239  1159  4481 D TspStateManager: updateCustomValue customSetting=
10-04 10:23:38.239  1159  4481 D MARsPolicyManager: onPackageResumedFG pkgName = org.woheller69.weather, userId = 0
10-04 10:23:38.240  1159  4481 W WindowManager: Execute app transition: mNextAppTransition=TRANSIT_ACTIVITY_OPEN, displayId: 0 Callers=com.android.server.wm.RootWindowContainer.executeAppTransitionForAllDisplay:2599 com.android.server.wm.ActivityStackSupervisor.reportResumedActivityLocked:2274 com.android.server.wm.ActivityRecord.completeResumeLocked:5710 com.android.server.wm.ActivityStack.resumeTopActivityInnerLocked:2434 com.android.server.wm.ActivityStack.resumeTopActivityUncheckedLocked:1873 
10-04 10:23:38.241  1159  4481 D ActivityTaskManager: finishFixedRotationTransform, r=ActivityRecord{257240f u0 org.woheller69.weather/.activities.RainViewerActivity t460 f}}, caller=com.android.server.wm.WindowToken.finishFixedRotationTransform:664 com.android.server.wm.DisplayContent$FixedRotationTransitionListener.onAppTransitionFinishedLocked:7025 com.android.server.wm.AppTransition.notifyAppTransitionFinishedLocked:552 com.android.server.wm.ActivityRecord.onAnimationFinished:7164 com.android.server.wm.ActivityRecord.postApplyAnimation:5013 
10-04 10:23:38.242  1159  4481 D ActivityTaskManager: finishFixedRotationTransform, r=ActivityRecord{2e6e654 u0 org.woheller69.weather/.activities.SplashActivity t460}, caller=com.android.server.wm.WindowToken.finishFixedRotationTransform:664 com.android.server.wm.DisplayContent$FixedRotationTransitionListener.onAppTransitionFinishedLocked:7025 com.android.server.wm.AppTransition.notifyAppTransitionFinishedLocked:552 com.android.server.wm.DisplayContent.handleAnimatingStoppedAndTransition:5836 com.android.server.wm.RootWindowContainer.checkAppTransitionReady:1265 
10-04 10:23:38.245  8821  8821 I ViewRootImpl@475a93c[SplashActivity]: MSG_WINDOW_FOCUS_CHANGED 0 1
10-04 10:23:38.245  8821  8821 D SplashActivity: Inside onActivityResult requestCode 1 resultCode: 0
10-04 10:23:38.263  1159  4514 I InputDispatcher: Focus entered window (8821): d699f74 in display 0 0
10-04 10:23:38.265  1159  1159 I CocktailBarManagerServiceContainer: handleMessage: entry what = 5
10-04 10:23:38.267  1159  1206 D GameManagerService: noteResumeComponent(), received resumed-component: org.woheller69.weather
10-04 10:23:38.267  1159  1206 I GameSDK@LifeCycle: noteResumeComponent(): package name  : org.woheller69.weather
10-04 10:23:38.267  1159  2064 D GameManagerService: onLooperPrepared(), msg: MSG_APP_RESUME, resumeComponent: ComponentInfo{org.woheller69.weather/org.woheller69.weather.activities.SplashActivity}
10-04 10:23:38.267  1159  2064 D GameManagerService: handleResume().
10-04 10:23:38.267  1159  2064 D GameManagerService:   handleResume(). same package with Prev KILL_YOURSELF. ignore
10-04 10:23:38.567  5669  5669 I Utils   : isCurrentUser current = 0, ownerId = 0
10-04 10:23:38.567  5669  5669 I TrayVisibilityController: getComputedTrayVisible : keyguardState = 1
10-04 10:23:38.568  5669  5669 I TrayVisibilityController: updateTrayVisible: State=1 visible=1 mCurrentVisible=1 specificMode=0
10-04 10:23:38.568  5669  5669 I TrayStateController: onNotifyUpdateTray: 0 to need to visible? true
10-04 10:23:38.570   975  7745 I sensors-hal: handle_sns_std_sensor_event:225, [SSC_LIGHT] P: 14(14),als:74,green:12,ir:6,delta_avg:0,delta_max:26,stdev:9,stdev_per_4sample:2,magig_code or itime:576
10-04 10:23:38.739  8821  8821 D SplashActivity#: currentViewId:0
10-04 10:23:38.739  1159  1206 D SemGameManager: isForegroundGame(), begin
10-04 10:23:38.739  8821  8821 D weather:AddressScan2: #7_1#
10-04 10:23:38.739  1159  1206 D GameManagerService: identifyForegroundApp. org.woheller69.weather, mCurrentUserId: 0, callerUserId: 0
10-04 10:23:38.739  1159  1206 D PkgDataHelper: getGamePkgData(). org.woheller69.weather
10-04 10:23:38.739  1159  1206 D SemGameManager: isForegroundGame(), ret=false
10-04 10:23:38.740  1159  4514 I ActivityTaskManager: START u0 {cmp=org.woheller69.weather/.activities.ManageLocationsActivity (has extras)} from uid 10466
10-04 10:23:38.741  1159 10022 D TspStateManager: update cmd=set_grip_data,1,45,7,15,720
10-04 10:23:38.741  1159  4514 D ActivityTaskManager: TaskLaunchParamsModifier:task=null activity=ActivityRecord{b42e4cc u0 org.woheller69.weather/.activities.ManageLocationsActivity display-area-from-source=DefaultTaskDisplayArea@266463799 task-display-area=DefaultTaskDisplayArea@266463799 display-area-windowing-mode=1
10-04 10:23:38.741  1159  4514 D ActivityTaskManager: TaskLaunchParamsModifier:task=Task{f75d9fd #460 visible=false type=standard mode=fullscreen translucent=true A=10466:org.woheller69.weather U=0 StackId=460 sz=2} activity=ActivityRecord{b42e4cc u0 org.woheller69.weather/.activities.ManageLocationsActivity t-1} display-from-task=0 task-display-area=DefaultTaskDisplayArea@266463799 display-area-windowing-mode=1 inherit-from-source=fullscreen activity-options-fullscreen=Rect(0, 0 - 0, 0) non-freeform-display maximized-bounds
10-04 10:23:38.741  1159  4514 I SemDvfsHyPerManager: acquire hyper - AMS_ACT_START/1159@15, type = -999
10-04 10:23:38.742  1159  4514 D ActivityManagerPerformance: AMP_acquire() ACT_START
10-04 10:23:38.742   978  1069 I HYPER-HAL: [RequestManager.cpp]acquire(): Acquired ID : 689740  [1159 / 15]    HINT : AMS_ACT_START    list : 
10-04 10:23:38.743  1044  1131 I SurfaceFlinger: id=679 createSurf (0x0),-1 flag=80004, ActivityRecord{b42e4cc u0 org.woheller69.weather/.activities.ManageLocationsActivity t460}#0
10-04 10:23:38.743   978  1069 I HYPER-HAL: [ResourceManager.cpp]updateResource(): [CPULittleMinFreq] UpdateResource Request ID : 689740    Value : 1804800
10-04 10:23:38.744  1159  4514 V WindowManager: Prepare app transition: transit=TRANSIT_ACTIVITY_OPEN mNextAppTransition=TRANSIT_UNSET alwaysKeepCurrent=false displayId=0 Callers=com.android.server.wm.DisplayContent.prepareAppTransition:5809 com.android.server.wm.DisplayContent.prepareAppTransition:5803 com.android.server.wm.ActivityStack.startActivityLocked:2595 com.android.server.wm.ActivityStarter.startActivityInner:2674 com.android.server.wm.ActivityStarter.startActivityUnchecked:2197 
10-04 10:23:38.745   978  1069 I HYPER-HAL: [ResourceManager.cpp]updateResource(): [CPUMinFreq] UpdateResource Request ID : 689740    Value : 1900800
10-04 10:23:38.746  8821  8821 I ViewRootImpl@475a93c[SplashActivity]: stopped(false) old=false
10-04 10:23:38.746  8821  8821 D SplashActivity: Inside onResume
