10-04 10:23:17.491  1159  1207 I WindowManager: Destroying surface Surface(name=Toast$_8821)/@0x84c65d5 called by com.android.server.wm.WindowStateAnimator.destroySurface:1794 com.android.server.wm.WindowStateAnimator.destroySurfaceLocked:765 com.android.server.wm.WindowState.destroySurfaceUnchecked:3918 com.android.server.wm.RootWindowContainer.performSurfacePlacementNoTrace:1111 com.android.server.wm.RootWindowContainer.performSurfacePlacement:958 com.android.server.wm.WindowSurfacePlacer.performSurfacePlacementLoop:182 com.android.server.wm.WindowSurfacePlacer.performSurfacePlacement:131 com.android.server.wm.WindowSurfacePlacer.performSurfacePlacement:120 
10-04 10:23:17.491  1159  1207 I SurfaceControl: nativeRelease nativeObject s[-5476376636674436944]
10-04 10:23:17.491  1159  1207 I SurfaceControl: nativeRelease nativeObject e[-5476376636674436944]
10-04 10:23:17.492  1044  1132 I Layer   : id=658 removeFromCurrentState Toast$_8821#0 (67)
10-04 10:23:17.492  1044  1132 I SurfaceFlinger: id=658 Removed Toast$_8821#0 (67)
10-04 10:23:17.492  1159  1207 I SurfaceControl: nativeRelease nativeObject s[-5476376636675414624]
10-04 10:23:17.492  1159  1207 I SurfaceControl: nativeRelease nativeObject e[-5476376636675414624]
10-04 10:23:17.492  1159  1207 I SurfaceControl: nativeRelease nativeObject s[-5476376636674726992]
10-04 10:23:17.492  1159  1207 I SurfaceControl: nativeRelease nativeObject e[-5476376636674726992]
10-04 10:23:17.496  1044  1044 I Layer   : id=658[1] Destroyed Toast$_8821#0
10-04 10:23:17.496  1044  1044 I Layer   : id=666[1] Destroyed Surface(name=9b1e7d4 Toast)/@0xc22a5be - animation-leash#0
10-04 10:23:17.497  1044  1131 I Layer   : id=657 removeFromCurrentState 9b1e7d4 Toast#0 (65)
10-04 10:23:17.498  1044  1131 I Layer   : id=651 removeFromCurrentState WindowToken{3135437 android.os.Binder@f255d36}#0 (65)
10-04 10:23:17.498  1044  1131 I SurfaceFlinger: id=657 Removed 9b1e7d4 Toast#0 (65)
10-04 10:23:17.498  1044  1131 I SurfaceFlinger: id=651 Removed WindowToken{3135437 android.os.Binder@f255d36}#0 (65)
10-04 10:23:17.499  1159  1206 D SemGameManager: isForegroundGame(), begin
10-04 10:23:17.499  1159  1206 D GameManagerService: identifyForegroundApp. org.woheller69.weather, mCurrentUserId: 0, callerUserId: 0
10-04 10:23:17.499  1159  1206 D PkgDataHelper: getGamePkgData(). org.woheller69.weather
10-04 10:23:17.499  1159  1206 D SemGameManager: isForegroundGame(), ret=false
10-04 10:23:17.504  1159  9706 D TspStateManager: update cmd=set_grip_data,1,45,7,15,720
10-04 10:23:17.504  1044  1044 I Layer   : id=651[1] Destroyed WindowToken{3135437 android.os.Binder@f255d36}#0
10-04 10:23:17.504  1044  1044 I Layer   : id=657[1] Destroyed 9b1e7d4 Toast#0
10-04 10:23:17.621  8821  8821 D SplashActivity#: currentViewId:0
10-04 10:23:17.621  8821  8821 D weather:AddressScan2: #7_1#
10-04 10:23:17.622  1159  2269 I ActivityTaskManager: START u0 {cmp=org.woheller69.weather/.activities.ManageLocationsActivity (has extras)} from uid 10466
10-04 10:23:17.622  1159  2269 D ActivityTaskManager: TaskLaunchParamsModifier:task=null activity=ActivityRecord{8d19378 u0 org.woheller69.weather/.activities.ManageLocationsActivity display-area-from-source=DefaultTaskDisplayArea@266463799 task-display-area=DefaultTaskDisplayArea@266463799 display-area-windowing-mode=1
10-04 10:23:17.622  1159  2269 D ActivityTaskManager: TaskLaunchParamsModifier:task=Task{f75d9fd #460 visible=false type=standard mode=fullscreen translucent=true A=10466:org.woheller69.weather U=0 StackId=460 sz=2} activity=ActivityRecord{8d19378 u0 org.woheller69.weather/.activities.ManageLocationsActivity t-1} display-from-task=0 task-display-area=DefaultTaskDisplayArea@266463799 display-area-windowing-mode=1 inherit-from-source=fullscreen activity-options-fullscreen=Rect(0, 0 - 0, 0) non-freeform-display maximized-bounds
10-04 10:23:17.622  1159  2269 I SemDvfsHyPerManager: acquire hyper - AMS_ACT_START/1159@15, type = -999
10-04 10:23:17.622  1159  2269 D ActivityManagerPerformance: AMP_acquire() ACT_START
10-04 10:23:17.622   978  1069 I HYPER-HAL: [RequestManager.cpp]acquire(): Acquired ID : 689740  [1159 / 15]    HINT : AMS_ACT_START    list : 
10-04 10:23:17.623  1044  1131 I SurfaceFlinger: id=667 createSurf (0x0),-1 flag=80004, ActivityRecord{8d19378 u0 org.woheller69.weather/.activities.ManageLocationsActivity t460}#0
10-04 10:23:17.623   978  1069 I HYPER-HAL: [ResourceManager.cpp]updateResource(): [CPULittleMinFreq] UpdateResource Request ID : 689740    Value : 1804800
10-04 10:23:17.624  1159  2269 V WindowManager: Prepare app transition: transit=TRANSIT_ACTIVITY_OPEN mNextAppTransition=TRANSIT_UNSET alwaysKeepCurrent=false displayId=0 Callers=com.android.server.wm.DisplayContent.prepareAppTransition:5809 com.android.server.wm.DisplayContent.prepareAppTransition:5803 com.android.server.wm.ActivityStack.startActivityLocked:2595 com.android.server.wm.ActivityStarter.startActivityInner:2674 com.android.server.wm.ActivityStarter.startActivityUnchecked:2197 
10-04 10:23:17.624   978  1069 I HYPER-HAL: [ResourceManager.cpp]updateResource(): [CPUMinFreq] UpdateResource Request ID : 689740    Value : 1900800
10-04 10:23:17.626  8821  8821 I ViewRootImpl@475a93c[SplashActivity]: stopped(false) old=false
10-04 10:23:17.626  8821  8821 D SplashActivity: Inside onResume
10-04 10:23:17.632  1159  2269 I ActivityTaskManager: Removing activity ActivityRecord{b9ae946 u0 org.woheller69.weather/.activities.RainViewerActivity t460 f}}(activityDestroyed)  from stack callers=com.android.server.wm.ActivityRecord.destroyed:3608 com.android.server.wm.ActivityTaskManagerService.activityDestroyed:2643 android.app.IActivityTaskManager$Stub.onTransact:2232 android.os.Binder.execTransactInternal:1195 android.os.Binder.execTransact:1159 
10-04 10:23:17.632  1159  2269 I SurfaceControl: nativeRelease nativeObject s[-5476376636675521984]
10-04 10:23:17.632  1159  2269 I SurfaceControl: nativeRelease nativeObject e[-5476376636675521984]
10-04 10:23:17.633  1159  2948 D MARsPolicyManager: onPackageResumedFG pkgName = org.woheller69.weather, userId = 0
10-04 10:23:17.634  1159  2948 V WindowManager: Prepare app transition: transit=TRANSIT_ACTIVITY_OPEN mNextAppTransition=TRANSIT_ACTIVITY_OPEN alwaysKeepCurrent=false displayId=0 Callers=com.android.server.wm.DisplayContent.prepareAppTransition:5809 com.android.server.wm.DisplayContent.prepareAppTransition:5803 com.android.server.wm.ActivityStack.resumeTopActivityInnerLocked:2255 com.android.server.wm.ActivityStack.resumeTopActivityUncheckedLocked:1873 com.android.server.wm.RootWindowContainer.resumeFocusedStacksTopActivities:2678 
10-04 10:23:17.634  1159  2948 W ActivityTaskManager: Tried to set launchTime (0) < mLastActivityLaunchTime (67857748)
10-04 10:23:17.634  1159  2948 V WindowManager: rotationForOrientation(orient=SCREEN_ORIENTATION_UNSPECIFIED (-1), last=ROTATION_0 (0)); user=ROTATION_0 (0) 
10-04 10:23:17.634  1159  2948 D WindowManager: rotationForOrientation, orientationSource=ActivityRecord{8d19378 u0 org.woheller69.weather/.activities.ManageLocationsActivity t460}
10-04 10:23:17.634  1159  2948 V WindowOrientationListener: getProposedRotation: -1
10-04 10:23:17.634  1159  2948 V WindowManager: rotationForOrientation(orient=SCREEN_ORIENTATION_UNSPECIFIED (-1), last=ROTATION_0 (0)); user=ROTATION_0 (0) 
10-04 10:23:17.634  1159  2948 D WindowManager: rotationForOrientation, orientationSource=ActivityRecord{8d19378 u0 org.woheller69.weather/.activities.ManageLocationsActivity t460}
10-04 10:23:17.634  1159  2948 V WindowOrientationListener: getProposedRotation: -1
10-04 10:23:17.634  1159  2948 V WindowManager: Computed rotation=ROTATION_0 (0) for display id=0 based on lastOrientation=SCREEN_ORIENTATION_UNSPECIFIED (-1) and oldRotation=ROTATION_0 (0), caller=com.android.server.wm.DisplayRotation.updateOrientation:394 com.android.server.wm.DisplayContent.updateOrientation:1698 com.android.server.wm.DisplayContent.updateOrientation:1626 com.android.server.wm.RootWindowContainer.ensureVisibilityAndConfig:2165 com.android.server.wm.ActivityStackSupervisor.realStartActivityLocked:932 com.android.server.wm.ActivityStackSupervisor.startSpecificActivity:1247 
10-04 10:23:17.635  1159  2948 D TspStateManager: updateCustomValue customSetting=
10-04 10:23:17.635  1159  2948 V WindowManager: rotationForOrientation(orient=SCREEN_ORIENTATION_UNSPECIFIED (-1), last=ROTATION_0 (0)); user=ROTATION_0 (0) 
10-04 10:23:17.635  1159  2948 D WindowManager: rotationForOrientation, orientationSource=ActivityRecord{8d19378 u0 org.woheller69.weather/.activities.ManageLocationsActivity t460}
10-04 10:23:17.635  1159  2948 V WindowOrientationListener: getProposedRotation: -1
10-04 10:23:17.635  1159  2948 D TspStateManager: updateCustomValue customSetting=
10-04 10:23:17.635  1159  2948 D PkgDataHelper: notifyAppCreate(), pkgName: org.woheller69.weather, sendRet: true
10-04 10:23:17.636  1159  2064 D GameManagerService: onLooperPrepared(), msg: MSG_APP_CREATE, pkgName: org.woheller69.weather
10-04 10:23:17.637  1159  2948 D InputDispatcher: Focused application set to (0): 8d19378
10-04 10:23:17.638  1159  2948 V WindowManager: Changing focus from Window{d699f74 u0 org.woheller69.weather/org.woheller69.weather.activities.SplashActivity} to null displayId=0 Callers=com.android.server.wm.RootWindowContainer.updateFocusedWindowLocked:567 com.android.server.wm.WindowManagerService.updateFocusedWindowLocked:6311 com.android.server.wm.DisplayContent.setFocusedApp:6775 com.android.server.wm.ActivityTaskManagerService.setResumedActivityUncheckLocked:6725 
10-04 10:23:17.638  1159  2948 D StatusBarManagerService: notifyRequestedSystemKey recent=false home=false
10-04 10:23:17.638  1159  2948 D MARsPolicyManager: onPackageResumedFG pkgName = org.woheller69.weather, userId = 0
10-04 10:23:17.639  1159  2948 W WindowManager: Execute app transition: mNextAppTransition=TRANSIT_ACTIVITY_OPEN, displayId: 0 Callers=com.android.server.wm.RootWindowContainer.executeAppTransitionForAllDisplay:2599 com.android.server.wm.ActivityStackSupervisor.reportResumedActivityLocked:2274 com.android.server.wm.ActivityRecord.completeResumeLocked:5710 com.android.server.wm.ActivityStack.minimalResumeActivityLocked:1225 com.android.server.wm.ActivityStackSupervisor.realStartActivityLocked:1160 
10-04 10:23:17.640  1044  1132 I Layer   : id=663 removeFromCurrentState ActivityRecord{b9ae946 u0 org.woheller69.weather/.activities.RainViewerActivity t460}#0 (64)
10-04 10:23:17.641  1044  1132 I SurfaceFlinger: id=663 Removed ActivityRecord{b9ae946 u0 org.woheller69.weather/.activities.RainViewerActivity t460}#0 (64)
10-04 10:23:17.642  1159  1206 D GameManagerService: notePauseComponent(), received paused-component: org.woheller69.weather
10-04 10:23:17.644  1159  2948 V WindowManager: Relayout Window{d699f74 u0 org.woheller69.weather/org.woheller69.weather.activities.SplashActivity}: viewVisibility=0 req=1080x2400
10-04 10:23:17.645  1044  1044 I Layer   : id=663[1] Destroyed ActivityRecord{b9ae946 u0 org.woheller69.weather/.activities.RainViewerActivity t460}#0
10-04 10:23:17.648  1159  2948 V WindowManager: Relayout hash=d699f74, pid=8821: mAttrs={(0,0)(fillxfill) sim={adjust=pan forwardNavigation} ty=BASE_APPLICATION wanim=0x1030304
10-04 10:23:17.648  1159  2948 V WindowManager:   fl=81810100
10-04 10:23:17.648  1159  2948 V WindowManager:   pfl=12020000
10-04 10:23:17.648  1159  2948 V WindowManager:   fitSides= naviIconColor=0}
10-04 10:23:17.648  1159  2948 I SurfaceControl: nativeRelease nativeObject s[-5476376636674334512]
10-04 10:23:17.648  1159  2948 I SurfaceControl: nativeRelease nativeObject e[-5476376636674334512]
10-04 10:23:17.649  8821  8821 I SurfaceControl: nativeRelease nativeObject s[510206114288]
10-04 10:23:17.649  8821  8821 I SurfaceControl: nativeRelease nativeObject e[510206114288]
10-04 10:23:17.650  8821  8821 I SurfaceControl: assignNativeObject: nativeObject = 0 Surface(name=null)/@0xa13d96c / android.view.SurfaceControl.readFromParcel:1117 android.view.IWindowSession$Stub$Proxy.relayout:1820 android.view.ViewRootImpl.relayoutWindow:9005 android.view.ViewRootImpl.performTraversals:3360 android.view.ViewRootImpl.doTraversal:2618 android.view.ViewRootImpl$TraversalRunnable.run:9971 android.view.Choreographer$CallbackRecord.run:1010 android.view.Choreographer.doCallbacks:809 android.view.Choreographer.doFrame:744 android.view.Choreographer$FrameDisplayEventReceiver.run:995 
10-04 10:23:17.650  8821  8821 I SurfaceControl: nativeRelease nativeObject s[510206081376]
10-04 10:23:17.650  8821  8821 I SurfaceControl: nativeRelease nativeObject e[510206081376]
10-04 10:23:17.650  8821  8821 I SurfaceControl: nativeRelease nativeObject s[510206079440]
10-04 10:23:17.650  8821  8821 I SurfaceControl: nativeRelease nativeObject e[510206079440]
10-04 10:23:17.650  8821  8821 I SurfaceControl: nativeRelease nativeObject s[510206086656]
10-04 10:23:17.650  8821  8821 I SurfaceControl: nativeRelease nativeObject e[510206086656]
10-04 10:23:17.650  8821  8821 I ViewRootImpl@475a93c[SplashActivity]: Relayout returned: old=(0,0,1080,2400) new=(0,0,1080,2400) req=(1080,2400)0 dur=7 res=0x1 s={true 514500764320} ch=false fn=3
10-04 10:23:17.651  8821  8821 I ViewRootImpl@475a93c[SplashActivity]: MSG_WINDOW_FOCUS_CHANGED 1 1
10-04 10:23:17.652  8821  8821 D InputMethodManager: prepareNavigationBarInfo() DecorView@75efae0[SplashActivity]
10-04 10:23:17.652  8821  8821 D InputMethodManager: getNavigationBarColor() -16711423
10-04 10:23:17.652  8821  8821 D InputMethodManager: prepareNavigationBarInfo() DecorView@75efae0[SplashActivity]
10-04 10:23:17.652  8821  8821 D InputMethodManager: getNavigationBarColor() -16711423
10-04 10:23:17.652  8821  8821 V InputMethodManager: Starting input: tba=org.woheller69.weather ic=null mNaviBarColor -16711423 mIsGetNaviBarColorSuccess true , NavVisible : true , NavTrans : false
10-04 10:23:17.652  8821  8821 D InputMethodManager: startInputInner - Id : 0
10-04 10:23:17.652  8821  8821 I InputMethodManager: startInputInner - mService.startInputOrWindowGainedFocus
10-04 10:23:17.652  1159  2948 D InputMethodManagerService: mSecureKeypadEnabled = false
10-04 10:23:17.652  1159  2948 D InputMethodManagerService: mDesktopModeManager null!
10-04 10:23:17.652  1159  2948 V InputMethodManagerService: getDisplayIdOfInputMethodWindowToBeAdded : 0
10-04 10:23:17.654  1159  2269 I InputDispatcher: Focus left window (8821): d699f74 in display 0 0
10-04 10:23:17.656  1159  1159 I CocktailBarManagerServiceContainer: handleMessage: entry what = 5
10-04 10:23:17.659  1159  2948 D InputMethodManagerService: checkDisplayOfStartInputAndUpdateKeyboard display Id 0last 0
10-04 10:23:17.659  1159  2948 D InputTransport: Input channel constructed: 'ClientS', fd=632
10-04 10:23:17.659  1159  2948 D InputTransport: Input channel destroyed: 'ClientS', fd=632
10-04 10:23:17.659  8821  8821 D InputTransport: Input channel constructed: 'ClientS', fd=87
10-04 10:23:17.659  8821  8821 D InputTransport: Input channel destroyed: 'ClientS', fd=89
10-04 10:23:17.661 17314 17314 I HBD     : HoneyBoardService onFinishInput 
10-04 10:23:17.662 17314 17314 I HBD     : a IC have been unbinded,  InputConnectionWrapper{idHash=#3d068c3 mMissingMethods=}
10-04 10:23:17.662 17314 17314 I HBD     : HoneyBoardService [PF_CL][onFinishInput]  602344 ns 
10-04 10:23:17.662 17314 17314 I HBD     : HoneyBoardService [IMI] onStartInput - caller pid : 8821 , caller uid : 10466 
10-04 10:23:17.662 17314 17314 I HBD     : i updateConfigs 
10-04 10:23:17.662 17314 17314 I HBD     : i isEnabledNightMode : true 
10-04 10:23:17.662  1159  1206 D GameManagerService: noteResumeComponent(), received resumed-component: org.woheller69.weather
10-04 10:23:17.662 17314 17314 I HBD     : a IC have been binded, InputConnectionWrapper{idHash=#3d068c3 mMissingMethods=} 
10-04 10:23:17.663  1159  1206 I GameSDK@LifeCycle: noteResumeComponent(): package name  : org.woheller69.weather
10-04 10:23:17.663  1159  2064 D GameManagerService: onLooperPrepared(), msg: MSG_APP_RESUME, resumeComponent: ComponentInfo{org.woheller69.weather/org.woheller69.weather.activities.ManageLocationsActivity}
10-04 10:23:17.663  1159  2064 D GameManagerService: handleResume().
10-04 10:23:17.663  1159  2064 D GameManagerService:   handleResume(). same package with Prev KILL_YOURSELF. ignore
10-04 10:23:17.664 17314 17314 I HBD     : h [EditorInputType]setPrivateImeOptionsToTable privateImeOptions ( null )
10-04 10:23:17.664 17314 17314 I HBD     : b incognitoMode : false 
10-04 10:23:17.664 17314 17314 I HBD     : a needOff = true , isForceOff = false, isNullInputClass : true 
10-04 10:23:17.665 17314 17314 I HBD     : h getDefaultInputRange : UNKNOWN 
10-04 10:23:17.665 17314 17314 I HBD     : h getDefaultInputRange : UNKNOWN 
10-04 10:23:17.665 17314 17314 I HBD     : h getDefaultInputRange : UNKNOWN 
10-04 10:23:17.667  1159  2948 D SdpManagerService: Not an enterprise user : 0
10-04 10:23:17.667 17314 17314 I HBD     : h getDefaultInputRange : UNKNOWN 
10-04 10:23:17.667 17314 17314 I HBD     : a currentState : 0 
10-04 10:23:17.669 17314 17314 I HBD     : h load selected json info : {"version":"1.0","currentLanguageOrder":0,"selected":[{"activeOptionList":["auto_replace","auto_spacing"],"engName":"English","id":65538,"inputType":"qwerty","isUsed":true}]} 
10-04 10:23:17.669 17314 17314 I HBD     : a [UpdatePolicy] [post] a: 0 cl: 65538 kit: [0/0] vt: 0 ir: 1 
10-04 10:23:17.669  8821  8821 I DecorView: [INFO] isPopOver=false, config=true
10-04 10:23:17.670  8821  8821 I DecorView: updateCaptionType >> DecorView@7c05cde[], isFloating=false, isApplication=true, hasWindowDecorCaption=false, hasWindowControllerCallback=true
10-04 10:23:17.670  8821  8821 D DecorView: setCaptionType = 0, this = DecorView@7c05cde[]
10-04 10:23:17.670 17314 17314 I HBD     : HoneyBoardService [PF_OP][onStartInput]  7868073 ns 
10-04 10:23:17.682  8821  8821 D weather:AddressScan2: #7_0#
10-04 10:23:17.684  1159  2104 V WindowManager: Prepare app transition: transit=TRANSIT_ACTIVITY_CLOSE mNextAppTransition=TRANSIT_ACTIVITY_OPEN alwaysKeepCurrent=false displayId=0 Callers=com.android.server.wm.DisplayContent.prepareAppTransition:5809 com.android.server.wm.DisplayContent.prepareAppTransition:5803 com.android.server.wm.ActivityRecord.finishIfPossible:3181 com.android.server.wm.ActivityTaskManagerService.finishActivity:2434 android.app.IActivityTaskManager$Stub.onTransact:2140 
10-04 10:23:17.685  1159  2104 I ActivityTaskManager: Remove from unknown app
10-04 10:23:17.688  8821  8821 I ViewRootImpl@475a93c[SplashActivity]: MSG_WINDOW_FOCUS_CHANGED 0 1
10-04 10:23:17.689  1159  2948 D MARsPolicyManager: onPackageResumedFG pkgName = org.woheller69.weather, userId = 0
10-04 10:23:17.690  1159  2948 V WindowManager: Prepare app transition: transit=TRANSIT_ACTIVITY_CLOSE mNextAppTransition=TRANSIT_ACTIVITY_OPEN alwaysKeepCurrent=false displayId=0 Callers=com.android.server.wm.DisplayContent.prepareAppTransition:5809 com.android.server.wm.DisplayContent.prepareAppTransition:5803 com.android.server.wm.ActivityStack.resumeTopActivityInnerLocked:2243 com.android.server.wm.ActivityStack.resumeTopActivityUncheckedLocked:1873 com.android.server.wm.RootWindowContainer.resumeFocusedStacksTopActivities:2678 
10-04 10:23:17.690  1159  2948 D InputDispatcher: Focused application set to (0): 2e6e654
10-04 10:23:17.690  1159  2948 V WindowManager: Changing focus from null to Window{d699f74 u0 org.woheller69.weather/org.woheller69.weather.activities.SplashActivity} displayId=0 Callers=com.android.server.wm.RootWindowContainer.updateFocusedWindowLocked:567 com.android.server.wm.WindowManagerService.updateFocusedWindowLocked:6311 com.android.server.wm.DisplayContent.setFocusedApp:6775 com.android.server.wm.ActivityTaskManagerService.setResumedActivityUncheckLocked:6725 
10-04 10:23:17.691  1159  2948 D StatusBarManagerService: notifyRequestedSystemKey recent=false home=false
10-04 10:23:17.691  1159  2948 V WindowManager: rotationForOrientation(orient=SCREEN_ORIENTATION_UNSPECIFIED (-1), last=ROTATION_0 (0)); user=ROTATION_0 (0) 
10-04 10:23:17.691  1159  2948 D WindowManager: rotationForOrientation, orientationSource=ActivityRecord{2e6e654 u0 org.woheller69.weather/.activities.SplashActivity t460}
10-04 10:23:17.691  1159  2948 V WindowOrientationListener: getProposedRotation: -1
10-04 10:23:17.691  1159  2948 V WindowManager: Computed rotation=ROTATION_0 (0) for display id=0 based on lastOrientation=SCREEN_ORIENTATION_UNSPECIFIED (-1) and oldRotation=ROTATION_0 (0), caller=com.android.server.wm.DisplayRotation.updateOrientation:394 com.android.server.wm.DisplayContent.updateOrientation:1698 com.android.server.wm.DisplayContent.updateOrientation:1626 com.android.server.wm.RootWindowContainer.ensureVisibilityAndConfig:2165 com.android.server.wm.ActivityStack.resumeTopActivityInnerLocked:2340 com.android.server.wm.ActivityStack.resumeTopActivityUncheckedLocked:1873 
10-04 10:23:17.691  1159  2948 D TspStateManager: updateCustomValue customSetting=
10-04 10:23:17.692  1159  2948 D TspStateManager: updateCustomValue customSetting=
10-04 10:23:17.692  1159  2948 D MARsPolicyManager: onPackageResumedFG pkgName = org.woheller69.weather, userId = 0
10-04 10:23:17.692  1159  2948 W WindowManager: Execute app transition: mNextAppTransition=TRANSIT_ACTIVITY_OPEN, displayId: 0 Callers=com.android.server.wm.RootWindowContainer.executeAppTransitionForAllDisplay:2599 com.android.server.wm.ActivityStackSupervisor.reportResumedActivityLocked:2274 com.android.server.wm.ActivityRecord.completeResumeLocked:5710 com.android.server.wm.ActivityStack.resumeTopActivityInnerLocked:2434 com.android.server.wm.ActivityStack.resumeTopActivityUncheckedLocked:1873 
10-04 10:23:17.694  1159  2948 D ActivityTaskManager: finishFixedRotationTransform, r=ActivityRecord{8d19378 u0 org.woheller69.weather/.activities.ManageLocationsActivity t460 f}}, caller=com.android.server.wm.WindowToken.finishFixedRotationTransform:664 com.android.server.wm.DisplayContent$FixedRotationTransitionListener.onAppTransitionFinishedLocked:7025 com.android.server.wm.AppTransition.notifyAppTransitionFinishedLocked:552 com.android.server.wm.ActivityRecord.onAnimationFinished:7164 com.android.server.wm.ActivityRecord.postApplyAnimation:5013 
10-04 10:23:17.695  1159  1206 D GameManagerService: notePauseComponent(), received paused-component: org.woheller69.weather
10-04 10:23:17.695  1159  2948 D ActivityTaskManager: finishFixedRotationTransform, r=ActivityRecord{2e6e654 u0 org.woheller69.weather/.activities.SplashActivity t460}, caller=com.android.server.wm.WindowToken.finishFixedRotationTransform:664 com.android.server.wm.DisplayContent$FixedRotationTransitionListener.onAppTransitionFinishedLocked:7025 com.android.server.wm.AppTransition.notifyAppTransitionFinishedLocked:552 com.android.server.wm.DisplayContent.handleAnimatingStoppedAndTransition:5836 com.android.server.wm.RootWindowContainer.checkAppTransitionReady:1265 
10-04 10:23:17.697  8821  8821 D SplashActivity: Inside onActivityResult requestCode 2 resultCode: -1
10-04 10:23:17.705  1159  1159 I CocktailBarManagerServiceContainer: handleMessage: entry what = 5
10-04 10:23:17.708  1159  1206 D GameManagerService: noteResumeComponent(), received resumed-component: org.woheller69.weather
10-04 10:23:17.708  1159  1206 I GameSDK@LifeCycle: noteResumeComponent(): package name  : org.woheller69.weather
10-04 10:23:17.709  1159  2064 D GameManagerService: onLooperPrepared(), msg: MSG_APP_RESUME, resumeComponent: ComponentInfo{org.woheller69.weather/org.woheller69.weather.activities.SplashActivity}
10-04 10:23:17.709  1159  2064 D GameManagerService: handleResume().
10-04 10:23:17.709  1159  2064 D GameManagerService:   handleResume(). same package with Prev KILL_YOURSELF. ignore
10-04 10:23:17.721  1159  2269 I InputDispatcher: Focus entered window (8821): d699f74 in display 0 0
10-04 10:23:17.743  1159  1206 W ActivityTaskManager: Launch timeout has expired, giving up wake lock!
10-04 10:23:17.801  1159  1206 D ActivityManagerPerformance: AMP_release() ACT_RESUME
10-04 10:23:17.801  1159  1206 I SemDvfsHyPerManager: acquire hyper - AMS_RESUME_TAIL/1159@17, type = -999
10-04 10:23:17.801  1159  1206 I SemDvfsHyPerManager: acquire hyper - AMS_ACT_LAZY/1159@18, type = -999
10-04 10:23:17.801  1159  1206 D ActivityManagerPerformance: AMP_acquire() TAIL
10-04 10:23:17.801  1159  1206 D ActivityManagerPerformance: AMP_release() ACT_START
10-04 10:23:17.807   978  1069 I HYPER-HAL: [ResourceManager.cpp]removeResource(): [CPUMinFreq] RemoveResource Request ID : 694450
10-04 10:23:17.807   978  1069 I HYPER-HAL: [RequestManager.cpp]releaseLocked(): Released ID : 694450
10-04 10:23:17.807   978  1069 I HYPER-HAL: [RequestManager.cpp]acquire(): Acquired ID : 692093  [1159 / 17]    HINT : AMS_RESUME_TAIL    list : 
10-04 10:23:17.811   978  1069 I HYPER-HAL: [ResourceManager.cpp]updateResource(): [CPUMinFreq] UpdateResource Request ID : 692093    Value : 1248000
10-04 10:23:17.811   978  1069 I HYPER-HAL: [RequestManager.cpp]acquire(): Acquired ID : 693271  [1159 / 18]    HINT : AMS_ACT_LAZY    list : 
10-04 10:23:17.811   978  1069 I HYPER-HAL: [ResourceManager.cpp]removeResource(): [CPULittleMinFreq] RemoveResource Request ID : 689740
10-04 10:23:17.813   978  1069 I HYPER-HAL: [ResourceManager.cpp]removeResource(): [CPUMinFreq] RemoveResource Request ID : 689740
10-04 10:23:17.813   978  1069 I HYPER-HAL: [RequestManager.cpp]releaseLocked(): Released ID : 689740
10-04 10:23:17.892   682   682 I android.system.suspend@1.0-service: !@Released: PowerManagerService.WakeLocks(10278ms)
10-04 10:23:17.950   678   678 I io_stats: !@   8,0 r 291965 10909640 w 470877 15066796 d 246383 243954964 f 190114 99060 iot 356096 235328 th 102400 0 0 pt 0 inp 0 0 67861.167
10-04 10:23:17.999   975  7747 I sensors-hal: handle_sns_client_event:84, auto_rotation_event: mode:255, type:1:0
10-04 10:23:18.003  2311  2458 D NetworkController.SecMobileSignalController(0/1): onSignalStrengthsChanged level=3
10-04 10:23:18.003  2311  2458 D MobileSignalIconsSelector: getDataIconGroup(): 13
10-04 10:23:18.015  5669  5669 I Utils   : isCurrentUser current = 0, ownerId = 0
10-04 10:23:18.015  5669  5669 I TrayVisibilityController: getComputedTrayVisible : keyguardState = 1
10-04 10:23:18.016  5669  5669 I TrayVisibilityController: updateTrayVisible: State=1 visible=1 mCurrentVisible=1 specificMode=0
10-04 10:23:18.016  5669  5669 I TrayStateController: onNotifyUpdateTray: 0 to need to visible? true
10-04 10:23:18.112   978  9715 I HYPER-HAL: [ResourceManager.cpp]removeResource(): [CPUMinFreq] RemoveResource Request ID : 692093
10-04 10:23:18.112   978  9715 I HYPER-HAL: [RequestManager.cpp]releaseLocked(): Released ID : 692093
10-04 10:23:18.191  1159  1206 D SemGameManager: isForegroundGame(), begin
10-04 10:23:18.192  1159  1206 D GameManagerService: identifyForegroundApp. org.woheller69.weather, mCurrentUserId: 0, callerUserId: 0
10-04 10:23:18.192  1159  1206 D PkgDataHelper: getGamePkgData(). org.woheller69.weather
10-04 10:23:18.192  1159  1206 D SemGameManager: isForegroundGame(), ret=false
10-04 10:23:18.259 21235 21354 I WorkerManager: dispose()
10-04 10:23:18.259 21235 21354 W A       : Queue length for executor EventBus is now 11. Perhaps some tasks are too long, or the pool is too small.
10-04 10:23:18.411   975  7745 I sensors-hal: handle_sns_std_sensor_event:225, [SSC_LIGHT] P: 14(15),als:71,green:12,ir:5,delta_avg:0,delta_max:24,stdev:9,stdev_per_4sample:2,magig_code or itime:576
10-04 10:23:18.496  8821  8821 D SplashActivity#: currentViewId:1
10-04 10:23:18.496  8821  8821 D weather:AddressScan2: #4_1#
10-04 10:23:18.497  1159  2269 I ActivityTaskManager: START u0 {cmp=org.woheller69.weather/.activities.RainViewerActivity (has extras)} from uid 10466
10-04 10:23:18.497  1159  2269 D ActivityTaskManager: TaskLaunchParamsModifier:task=null activity=ActivityRecord{98ccaa8 u0 org.woheller69.weather/.activities.RainViewerActivity display-area-from-source=DefaultTaskDisplayArea@266463799 task-display-area=DefaultTaskDisplayArea@266463799 display-area-windowing-mode=1
10-04 10:23:18.497  1159  2269 D ActivityTaskManager: TaskLaunchParamsModifier:task=Task{f75d9fd #460 visible=false type=standard mode=fullscreen translucent=true A=10466:org.woheller69.weather U=0 StackId=460 sz=2} activity=ActivityRecord{98ccaa8 u0 org.woheller69.weather/.activities.RainViewerActivity t-1} display-from-task=0 task-display-area=DefaultTaskDisplayArea@266463799 display-area-windowing-mode=1 inherit-from-source=fullscreen activity-options-fullscreen=Rect(0, 0 - 0, 0) non-freeform-display maximized-bounds
10-04 10:23:18.497  1159  2269 I SemDvfsHyPerManager: acquire hyper - AMS_ACT_START/1159@15, type = -999
10-04 10:23:18.497  1159  2269 D ActivityManagerPerformance: AMP_acquire() ACT_START
10-04 10:23:18.498  1044  1132 I SurfaceFlinger: id=668 createSurf (0x0),-1 flag=80004, ActivityRecord{98ccaa8 u0 org.woheller69.weather/.activities.RainViewerActivity t460}#0
10-04 10:23:18.498   978  1069 I HYPER-HAL: [RequestManager.cpp]acquire(): Acquired ID : 689740  [1159 / 15]    HINT : AMS_ACT_START    list : 
10-04 10:23:18.499   978  1069 I HYPER-HAL: [ResourceManager.cpp]updateResource(): [CPULittleMinFreq] UpdateResource Request ID : 689740    Value : 1804800
10-04 10:23:18.499  1159  2269 V WindowManager: Prepare app transition: transit=TRANSIT_ACTIVITY_OPEN mNextAppTransition=TRANSIT_UNSET alwaysKeepCurrent=false displayId=0 Callers=com.android.server.wm.DisplayContent.prepareAppTransition:5809 com.android.server.wm.DisplayContent.prepareAppTransition:5803 com.android.server.wm.ActivityStack.startActivityLocked:2595 com.android.server.wm.ActivityStarter.startActivityInner:2674 com.android.server.wm.ActivityStarter.startActivityUnchecked:2197 
10-04 10:23:18.502   978  1069 I HYPER-HAL: [ResourceManager.cpp]updateResource(): [CPUMinFreq] UpdateResource Request ID : 689740    Value : 1900800
10-04 10:23:18.503  8821  8821 I ViewRootImpl@475a93c[SplashActivity]: stopped(false) old=false
10-04 10:23:18.503  8821  8821 D SplashActivity: Inside onResume
10-04 10:23:18.508  1159  2948 I ActivityTaskManager: Removing activity ActivityRecord{8d19378 u0 org.woheller69.weather/.activities.ManageLocationsActivity t460 f}}(activityDestroyed)  from stack callers=com.android.server.wm.ActivityRecord.destroyed:3608 com.android.server.wm.ActivityTaskManagerService.activityDestroyed:2643 android.app.IActivityTaskManager$Stub.onTransact:2232 android.os.Binder.execTransactInternal:1195 android.os.Binder.execTransact:1159 
10-04 10:23:18.509  1159  2948 I SurfaceControl: nativeRelease nativeObject s[-5476376636674616112]
10-04 10:23:18.509  1159  2948 I SurfaceControl: nativeRelease nativeObject e[-5476376636674616112]
10-04 10:23:18.511  1159  2269 D MARsPolicyManager: onPackageResumedFG pkgName = org.woheller69.weather, userId = 0
10-04 10:23:18.511  1159  2269 V WindowManager: Prepare app transition: transit=TRANSIT_ACTIVITY_OPEN mNextAppTransition=TRANSIT_ACTIVITY_OPEN alwaysKeepCurrent=false displayId=0 Callers=com.android.server.wm.DisplayContent.prepareAppTransition:5809 com.android.server.wm.DisplayContent.prepareAppTransition:5803 com.android.server.wm.ActivityStack.resumeTopActivityInnerLocked:2255 com.android.server.wm.ActivityStack.resumeTopActivityUncheckedLocked:1873 com.android.server.wm.RootWindowContainer.resumeFocusedStacksTopActivities:2678 
10-04 10:23:18.511  1159  2269 W ActivityTaskManager: Tried to set launchTime (0) < mLastActivityLaunchTime (67860852)
10-04 10:23:18.511  1159  2269 V WindowManager: rotationForOrientation(orient=SCREEN_ORIENTATION_UNSPECIFIED (-1), last=ROTATION_0 (0)); user=ROTATION_0 (0) 
10-04 10:23:18.512  1159  2269 D WindowManager: rotationForOrientation, orientationSource=ActivityRecord{98ccaa8 u0 org.woheller69.weather/.activities.RainViewerActivity t460}
10-04 10:23:18.512  1159  2269 V WindowOrientationListener: getProposedRotation: -1
10-04 10:23:18.512  1159  2269 V WindowManager: rotationForOrientation(orient=SCREEN_ORIENTATION_UNSPECIFIED (-1), last=ROTATION_0 (0)); user=ROTATION_0 (0) 
10-04 10:23:18.512  1159  2269 D WindowManager: rotationForOrientation, orientationSource=ActivityRecord{98ccaa8 u0 org.woheller69.weather/.activities.RainViewerActivity t460}
10-04 10:23:18.512  1159  2269 V WindowOrientationListener: getProposedRotation: -1
10-04 10:23:18.512  1159  2269 V WindowManager: Computed rotation=ROTATION_0 (0) for display id=0 based on lastOrientation=SCREEN_ORIENTATION_UNSPECIFIED (-1) and oldRotation=ROTATION_0 (0), caller=com.android.server.wm.DisplayRotation.updateOrientation:394 com.android.server.wm.DisplayContent.updateOrientation:1698 com.android.server.wm.DisplayContent.updateOrientation:1626 com.android.server.wm.RootWindowContainer.ensureVisibilityAndConfig:2165 com.android.server.wm.ActivityStackSupervisor.realStartActivityLocked:932 com.android.server.wm.ActivityStackSupervisor.startSpecificActivity:1247 
10-04 10:23:18.512  1159  2269 D TspStateManager: updateCustomValue customSetting=
10-04 10:23:18.512  1159  2269 V WindowManager: rotationForOrientation(orient=SCREEN_ORIENTATION_UNSPECIFIED (-1), last=ROTATION_0 (0)); user=ROTATION_0 (0) 
10-04 10:23:18.512  1159  2269 D WindowManager: rotationForOrientation, orientationSource=ActivityRecord{98ccaa8 u0 org.woheller69.weather/.activities.RainViewerActivity t460}
10-04 10:23:18.512  1159  2269 V WindowOrientationListener: getProposedRotation: -1
10-04 10:23:18.512  1159  2269 D TspStateManager: updateCustomValue customSetting=
10-04 10:23:18.513  1159  2269 D PkgDataHelper: notifyAppCreate(), pkgName: org.woheller69.weather, sendRet: true
10-04 10:23:18.513  1159  2064 D GameManagerService: onLooperPrepared(), msg: MSG_APP_CREATE, pkgName: org.woheller69.weather
10-04 10:23:18.513  1159  2269 D InputDispatcher: Focused application set to (0): 98ccaa8
10-04 10:23:18.514  1159  2269 V WindowManager: Changing focus from Window{d699f74 u0 org.woheller69.weather/org.woheller69.weather.activities.SplashActivity} to null displayId=0 Callers=com.android.server.wm.RootWindowContainer.updateFocusedWindowLocked:567 com.android.server.wm.WindowManagerService.updateFocusedWindowLocked:6311 com.android.server.wm.DisplayContent.setFocusedApp:6775 com.android.server.wm.ActivityTaskManagerService.setResumedActivityUncheckLocked:6725 
10-04 10:23:18.514  1159  2269 D StatusBarManagerService: notifyRequestedSystemKey recent=false home=false
10-04 10:23:18.514  1159  2269 D MARsPolicyManager: onPackageResumedFG pkgName = org.woheller69.weather, userId = 0
10-04 10:23:18.514  1159  2269 W WindowManager: Execute app transition: mNextAppTransition=TRANSIT_ACTIVITY_OPEN, displayId: 0 Callers=com.android.server.wm.RootWindowContainer.executeAppTransitionForAllDisplay:2599 com.android.server.wm.ActivityStackSupervisor.reportResumedActivityLocked:2274 com.android.server.wm.ActivityRecord.completeResumeLocked:5710 com.android.server.wm.ActivityStack.minimalResumeActivityLocked:1225 com.android.server.wm.ActivityStackSupervisor.realStartActivityLocked:1160 
10-04 10:23:18.516  1044  1255 I Layer   : id=667 removeFromCurrentState ActivityRecord{8d19378 u0 org.woheller69.weather/.activities.ManageLocationsActivity t460}#0 (64)
10-04 10:23:18.516  1044  1255 I SurfaceFlinger: id=667 Removed ActivityRecord{8d19378 u0 org.woheller69.weather/.activities.ManageLocationsActivity t460}#0 (64)
10-04 10:23:18.519  1159  1206 D GameManagerService: notePauseComponent(), received paused-component: org.woheller69.weather
10-04 10:23:18.519  1159  2948 V WindowManager: Relayout Window{d699f74 u0 org.woheller69.weather/org.woheller69.weather.activities.SplashActivity}: viewVisibility=0 req=1080x2400
10-04 10:23:18.520  1044  1044 I Layer   : id=667[1] Destroyed ActivityRecord{8d19378 u0 org.woheller69.weather/.activities.ManageLocationsActivity t460}#0
10-04 10:23:18.522  1159  2948 V WindowManager: Relayout hash=d699f74, pid=8821: mAttrs={(0,0)(fillxfill) sim={adjust=pan forwardNavigation} ty=BASE_APPLICATION wanim=0x1030304
10-04 10:23:18.522  1159  2948 V WindowManager:   fl=81810100
10-04 10:23:18.522  1159  2948 V WindowManager:   pfl=12020000
10-04 10:23:18.522  1159  2948 V WindowManager:   fitSides= naviIconColor=0}
10-04 10:23:18.522  1159  2948 I SurfaceControl: nativeRelease nativeObject s[-5476376636674334512]
10-04 10:23:18.522  1159  2948 I SurfaceControl: nativeRelease nativeObject e[-5476376636674334512]
10-04 10:23:18.523  8821  8821 I SurfaceControl: nativeRelease nativeObject s[510206116400]
10-04 10:23:18.523  8821  8821 I SurfaceControl: nativeRelease nativeObject e[510206116400]
10-04 10:23:18.524  8821  8821 I SurfaceControl: assignNativeObject: nativeObject = 0 Surface(name=null)/@0xa13d96c / android.view.SurfaceControl.readFromParcel:1117 android.view.IWindowSession$Stub$Proxy.relayout:1820 android.view.ViewRootImpl.relayoutWindow:9005 android.view.ViewRootImpl.performTraversals:3360 android.view.ViewRootImpl.doTraversal:2618 android.view.ViewRootImpl$TraversalRunnable.run:9971 android.view.Choreographer$CallbackRecord.run:1010 android.view.Choreographer.doCallbacks:809 android.view.Choreographer.doFrame:744 android.view.Choreographer$FrameDisplayEventReceiver.run:995 
10-04 10:23:18.524  8821  8821 I SurfaceControl: nativeRelease nativeObject s[510206102848]
10-04 10:23:18.524  8821  8821 I SurfaceControl: nativeRelease nativeObject e[510206102848]
10-04 10:23:18.524  8821  8821 I SurfaceControl: nativeRelease nativeObject s[510206108128]
10-04 10:23:18.524  8821  8821 I SurfaceControl: nativeRelease nativeObject e[510206108128]
10-04 10:23:18.524  8821  8821 I SurfaceControl: nativeRelease nativeObject s[510206114288]
10-04 10:23:18.524  8821  8821 I SurfaceControl: nativeRelease nativeObject e[510206114288]
10-04 10:23:18.525  8821  8821 I ViewRootImpl@475a93c[SplashActivity]: Relayout returned: old=(0,0,1080,2400) new=(0,0,1080,2400) req=(1080,2400)0 dur=6 res=0x1 s={true 514500764320} ch=false fn=4
10-04 10:23:18.526  8821  8821 I ViewRootImpl@475a93c[SplashActivity]: MSG_WINDOW_FOCUS_CHANGED 1 1
10-04 10:23:18.526  8821  8821 D InputMethodManager: prepareNavigationBarInfo() DecorView@75efae0[SplashActivity]
10-04 10:23:18.526  8821  8821 D InputMethodManager: getNavigationBarColor() -16711423
10-04 10:23:18.526  8821  8821 D InputMethodManager: prepareNavigationBarInfo() DecorView@75efae0[SplashActivity]
10-04 10:23:18.526  8821  8821 D InputMethodManager: getNavigationBarColor() -16711423
10-04 10:23:18.526  8821  8821 V InputMethodManager: Starting input: tba=org.woheller69.weather ic=null mNaviBarColor -16711423 mIsGetNaviBarColorSuccess true , NavVisible : true , NavTrans : false
10-04 10:23:18.527  8821  8821 D InputMethodManager: startInputInner - Id : 0
10-04 10:23:18.527  8821  8821 I InputMethodManager: startInputInner - mService.startInputOrWindowGainedFocus
10-04 10:23:18.529  1159  2948 I InputDispatcher: Focus left window (8821): d699f74 in display 0 0
10-04 10:23:18.530  1159  4514 D InputMethodManagerService: mSecureKeypadEnabled = false
10-04 10:23:18.532  1159  4514 D InputMethodManagerService: mDesktopModeManager null!
10-04 10:23:18.532  1159  4514 V InputMethodManagerService: getDisplayIdOfInputMethodWindowToBeAdded : 0
10-04 10:23:18.532  1159  4514 D InputMethodManagerService: checkDisplayOfStartInputAndUpdateKeyboard display Id 0last 0
10-04 10:23:18.532  1159  4514 D InputTransport: Input channel constructed: 'ClientS', fd=657
10-04 10:23:18.532  1159  4514 D InputTransport: Input channel destroyed: 'ClientS', fd=657
10-04 10:23:18.533  8821  8821 D InputTransport: Input channel constructed: 'ClientS', fd=89
10-04 10:23:18.533  8821  8821 D InputTransport: Input channel destroyed: 'ClientS', fd=87
10-04 10:23:18.535 17314 17314 I HBD     : HoneyBoardService onFinishInput 
10-04 10:23:18.535 17314 17314 I HBD     : a IC have been unbinded,  InputConnectionWrapper{idHash=#3d068c3 mMissingMethods=}
10-04 10:23:18.535 17314 17314 I HBD     : HoneyBoardService [PF_CL][onFinishInput]  399844 ns 
10-04 10:23:18.536 17314 17314 I HBD     : HoneyBoardService [IMI] onStartInput - caller pid : 8821 , caller uid : 10466 
10-04 10:23:18.537 17314 17314 I HBD     : i updateConfigs 
10-04 10:23:18.537 17314 17314 I HBD     : i isEnabledNightMode : true 
10-04 10:23:18.537 17314 17314 I HBD     : a IC have been binded, InputConnectionWrapper{idHash=#3d068c3 mMissingMethods=} 
10-04 10:23:18.537 17314 17314 I HBD     : h [EditorInputType]setPrivateImeOptionsToTable privateImeOptions ( null )
10-04 10:23:18.537 17314 17314 I HBD     : b incognitoMode : false 
10-04 10:23:18.537 17314 17314 I HBD     : a needOff = true , isForceOff = false, isNullInputClass : true 
10-04 10:23:18.537 17314 17314 I HBD     : h getDefaultInputRange : UNKNOWN 
10-04 10:23:18.538 17314 17314 I HBD     : h getDefaultInputRange : UNKNOWN 
10-04 10:23:18.538 17314 17314 I HBD     : h getDefaultInputRange : UNKNOWN 
10-04 10:23:18.538  1159  2948 D SdpManagerService: Not an enterprise user : 0
10-04 10:23:18.539 17314 17314 I HBD     : h getDefaultInputRange : UNKNOWN 
10-04 10:23:18.541 17314 17314 I HBD     : a currentState : 0 
10-04 10:23:18.542  8821  9616 D CacheScan_DexInfo: sidescandb GetTimes Loglength 26384
10-04 10:23:18.542  8821  9616 D CacheScan_DexInfo: sidescandb getLogs
10-04 10:23:18.542  8821  9616 D sidescandb: returned from getLogs
10-04 10:23:18.542  8821  9616 D CacheScan_DexInfo: sidescandb timingCounts 26384
10-04 10:23:18.542  8821  9616 D CacheScan_DexInfo: sidescandb GetAddresses Loglength 26384
10-04 10:23:18.543 17314 17314 I HBD     : h load selected json info : {"version":"1.0","currentLanguageOrder":0,"selected":[{"activeOptionList":["auto_replace","auto_spacing"],"engName":"English","id":65538,"inputType":"qwerty","isUsed":true}]} 
10-04 10:23:18.543  8821  9616 D sidescandb:  addresses: 26384
10-04 10:23:18.543  8821  9616 D sidescandb:  logs: 26384
10-04 10:23:18.543  8821  9616 D sidescandb:  times: 26384
10-04 10:23:18.543 17314 17314 I HBD     : a [UpdatePolicy] [post] a: 0 cl: 65538 kit: [0/0] vt: 0 ir: 1 
10-04 10:23:18.544 17314 17314 I HBD     : HoneyBoardService [PF_OP][onStartInput]  7269323 ns 
10-04 10:23:18.544  1159  1159 I CocktailBarManagerServiceContainer: handleMessage: entry what = 5
10-04 10:23:18.547  1159  1206 D GameManagerService: noteResumeComponent(), received resumed-component: org.woheller69.weather
10-04 10:23:18.548  1159  1206 I GameSDK@LifeCycle: noteResumeComponent(): package name  : org.woheller69.weather
10-04 10:23:18.548  1159  2064 D GameManagerService: onLooperPrepared(), msg: MSG_APP_RESUME, resumeComponent: ComponentInfo{org.woheller69.weather/org.woheller69.weather.activities.RainViewerActivity}
10-04 10:23:18.548  1159  2064 D GameManagerService: handleResume().
10-04 10:23:18.548  1159  2064 D GameManagerService:   handleResume(). same package with Prev KILL_YOURSELF. ignore
10-04 10:23:18.558  8821  8821 D RainViewerActivity: Inside onCreate
10-04 10:23:18.558  8821  8821 D weather:AddressScan2: #4_0#
10-04 10:23:18.558  8821  8821 D configMap rain extras.getString("targetMethods") : ChildB.methodB,ChildC.methodC
10-04 10:23:18.559  8821  8821 D configMap rain : [ChildB.methodB, ChildC.methodC] 30 100 2
10-04 10:23:18.559  8821  8821 D delay:  : 0
10-04 10:23:18.559  8821  8821 D weather:AddressScan2: #4_1_1#
10-04 10:23:18.559  8821  8821 D weather:AddressScan2: #4_1_0#0
10-04 10:23:18.559  8821  8821 D delay:  : 28
10-04 10:23:18.576  8821  9616 D sidescandb: sideChannelValues.size() 26384
10-04 10:23:18.587  8821  8821 D weather:AddressScan2: #4_2_1#
10-04 10:23:18.662  1159  9621 I SystemUiVisibilityPolicyController: handleMessage: entry what = 101
10-04 10:23:18.846  5669  5669 I Utils   : isCurrentUser current = 0, ownerId = 0
10-04 10:23:18.846  5669  5669 I TrayVisibilityController: getComputedTrayVisible : keyguardState = 1
10-04 10:23:18.846  5669  5669 I TrayVisibilityController: updateTrayVisible: State=1 visible=1 mCurrentVisible=1 specificMode=0
10-04 10:23:18.846  5669  5669 I TrayStateController: onNotifyUpdateTray: 0 to need to visible? true
10-04 10:23:18.968  2311  2458 D NetworkController.SecMobileSignalController(0/1): onSignalStrengthsChanged level=3
10-04 10:23:18.968  2311  2458 D MobileSignalIconsSelector: getDataIconGroup(): 13
10-04 10:23:19.014  1159  9727 D TspStateManager: update cmd=set_grip_data,1,45,7,24,720
10-04 10:23:19.370   975  7745 I sensors-hal: handle_sns_std_sensor_event:225, [SSC_LIGHT] P: 14(14),als:71,green:12,ir:5,delta_avg:0,delta_max:26,stdev:6,stdev_per_4sample:2,magig_code or itime:576
10-04 10:23:19.393  8821  8821 D weather:AddressScan2: #4_2_0#29233
10-04 10:23:19.393  8821  8821 D delay:  : 29
10-04 10:23:19.422  8821  8821 D weather:AddressScan2: #4_1_1#
10-04 10:23:19.422  8821  8821 D weather:AddressScan2: #4_1_0#0
10-04 10:23:19.422  8821  8821 D delay:  : 184
10-04 10:23:19.434  2246  2246 I wpa_supplicant: Heartbeat 10242
10-04 10:23:19.606  8821  8821 D weather:AddressScan2: #4_2_1#
10-04 10:23:19.793  8821  8821 D weather:AddressScan2: #4_2_0#56764
10-04 10:23:19.794  8821  8821 I DecorView: [INFO] isPopOver=false, config=true
10-04 10:23:19.794  8821  8821 I DecorView: updateCaptionType >> DecorView@f38b9ce[], isFloating=false, isApplication=true, hasWindowDecorCaption=false, hasWindowControllerCallback=true
10-04 10:23:19.794  8821  8821 D DecorView: setCaptionType = 0, this = DecorView@f38b9ce[]
10-04 10:23:19.802  8821  8821 V AutofillManager: receiver results: flags=7 enabled=true, enabledForAugmentedOnly: false
10-04 10:23:19.806  8821  8821 D RainViewerActivity: Inside onStart
10-04 10:23:19.806  1159  4514 V WindowManager: Prepare app transition: transit=TRANSIT_ACTIVITY_CLOSE mNextAppTransition=TRANSIT_ACTIVITY_OPEN alwaysKeepCurrent=false displayId=0 Callers=com.android.server.wm.DisplayContent.prepareAppTransition:5809 com.android.server.wm.DisplayContent.prepareAppTransition:5803 com.android.server.wm.ActivityRecord.finishIfPossible:3181 com.android.server.wm.ActivityTaskManagerService.finishActivity:2434 android.app.IActivityTaskManager$Stub.onTransact:2140 
10-04 10:23:19.807  1159  4514 I ActivityTaskManager: Remove from unknown app
10-04 10:23:19.812  8821  8821 I ViewRootImpl@475a93c[SplashActivity]: MSG_WINDOW_FOCUS_CHANGED 0 1
10-04 10:23:19.815  1159  1206 D GameManagerService: notePauseComponent(), received paused-component: org.woheller69.weather
10-04 10:23:19.816  1159  2104 D MARsPolicyManager: onPackageResumedFG pkgName = org.woheller69.weather, userId = 0
10-04 10:23:19.816  1159  2104 V WindowManager: Prepare app transition: transit=TRANSIT_ACTIVITY_CLOSE mNextAppTransition=TRANSIT_ACTIVITY_OPEN alwaysKeepCurrent=false displayId=0 Callers=com.android.server.wm.DisplayContent.prepareAppTransition:5809 com.android.server.wm.DisplayContent.prepareAppTransition:5803 com.android.server.wm.ActivityStack.resumeTopActivityInnerLocked:2243 com.android.server.wm.ActivityStack.resumeTopActivityUncheckedLocked:1873 com.android.server.wm.RootWindowContainer.resumeFocusedStacksTopActivities:2678 
10-04 10:23:19.816  1159  2104 D InputDispatcher: Focused application set to (0): 2e6e654
10-04 10:23:19.817  1159  2104 V WindowManager: Changing focus from null to Window{d699f74 u0 org.woheller69.weather/org.woheller69.weather.activities.SplashActivity} displayId=0 Callers=com.android.server.wm.RootWindowContainer.updateFocusedWindowLocked:567 com.android.server.wm.WindowManagerService.updateFocusedWindowLocked:6311 com.android.server.wm.DisplayContent.setFocusedApp:6775 com.android.server.wm.ActivityTaskManagerService.setResumedActivityUncheckLocked:6725 
10-04 10:23:19.817  1159  2104 D StatusBarManagerService: notifyRequestedSystemKey recent=false home=false
10-04 10:23:19.817  1159  2104 V WindowManager: rotationForOrientation(orient=SCREEN_ORIENTATION_UNSPECIFIED (-1), last=ROTATION_0 (0)); user=ROTATION_0 (0) 
10-04 10:23:19.817  1159  2104 D WindowManager: rotationForOrientation, orientationSource=ActivityRecord{2e6e654 u0 org.woheller69.weather/.activities.SplashActivity t460}
10-04 10:23:19.817  1159  2104 V WindowOrientationListener: getProposedRotation: -1
10-04 10:23:19.817  1159  2104 V WindowManager: Computed rotation=ROTATION_0 (0) for display id=0 based on lastOrientation=SCREEN_ORIENTATION_UNSPECIFIED (-1) and oldRotation=ROTATION_0 (0), caller=com.android.server.wm.DisplayRotation.updateOrientation:394 com.android.server.wm.DisplayContent.updateOrientation:1698 com.android.server.wm.DisplayContent.updateOrientation:1626 com.android.server.wm.RootWindowContainer.ensureVisibilityAndConfig:2165 com.android.server.wm.ActivityStack.resumeTopActivityInnerLocked:2340 com.android.server.wm.ActivityStack.resumeTopActivityUncheckedLocked:1873 
10-04 10:23:19.818  1159  2104 D TspStateManager: updateCustomValue customSetting=
10-04 10:23:19.818  1159  2104 D TspStateManager: updateCustomValue customSetting=
10-04 10:23:19.818  1159  2104 D MARsPolicyManager: onPackageResumedFG pkgName = org.woheller69.weather, userId = 0
10-04 10:23:19.819  1159  2104 W WindowManager: Execute app transition: mNextAppTransition=TRANSIT_ACTIVITY_OPEN, displayId: 0 Callers=com.android.server.wm.RootWindowContainer.executeAppTransitionForAllDisplay:2599 com.android.server.wm.ActivityStackSupervisor.reportResumedActivityLocked:2274 com.android.server.wm.ActivityRecord.completeResumeLocked:5710 com.android.server.wm.ActivityStack.resumeTopActivityInnerLocked:2434 com.android.server.wm.ActivityStack.resumeTopActivityUncheckedLocked:1873 
