10-04 10:23:14.393  8821  9614 D CacheScan_ARMAGEDDON: index 171, Hit 3, Miss 0
10-04 10:23:14.393  8821  9614 D CacheScan_ARMAGEDDON: index 172, Hit 1, Miss 0
10-04 10:23:14.394  8821  9614 D CacheScan_ARMAGEDDON: index 173, Hit 2, Miss 0
10-04 10:23:14.394  8821  9614 D CacheScan_ARMAGEDDON: index 174, Hit 1, Miss 0
10-04 10:23:14.394  8821  9614 D CacheScan_ARMAGEDDON: index 175, Hit 0, Miss 0
10-04 10:23:14.394  8821  9614 D CacheScan_ARMAGEDDON: index 176, Hit 0, Miss 0
10-04 10:23:14.395  8821  9614 D CacheScan_ARMAGEDDON: index 177, Hit 1, Miss 0
10-04 10:23:14.395  8821  9614 D CacheScan_ARMAGEDDON: index 178, Hit 0, Miss 0
10-04 10:23:14.395  8821  9614 D CacheScan_ARMAGEDDON: index 179, Hit 0, Miss 0
10-04 10:23:14.396  8821  9614 D CacheScan_ARMAGEDDON: index 180, Hit 1, Miss 0
10-04 10:23:14.397  8821  9614 D CacheScan_ARMAGEDDON: index 181, Hit 0, Miss 0
10-04 10:23:14.397  8821  9614 D CacheScan_ARMAGEDDON: index 182, Hit 1, Miss 0
10-04 10:23:14.397  8821  9614 D CacheScan_ARMAGEDDON: index 183, Hit 0, Miss 0
10-04 10:23:14.398  8821  9614 D CacheScan_ARMAGEDDON: index 184, Hit 2, Miss 4
10-04 10:23:14.398  8821  9614 D CacheScan_ARMAGEDDON: index 185, Hit 0, Miss 0
10-04 10:23:14.398  8821  9614 D CacheScan_ARMAGEDDON: index 186, Hit 0, Miss 0
10-04 10:23:14.398  8821  9614 D CacheScan_ARMAGEDDON: index 187, Hit 0, Miss 0
10-04 10:23:14.399  8821  9614 D CacheScan_ARMAGEDDON: index 188, Hit 0, Miss 0
10-04 10:23:14.399  8821  9614 D CacheScan_ARMAGEDDON: index 189, Hit 0, Miss 0
10-04 10:23:14.399  8821  9614 D CacheScan_ARMAGEDDON: index 190, Hit 0, Miss 0
10-04 10:23:14.399  8821  9614 D CacheScan_ARMAGEDDON: index 191, Hit 0, Miss 0
10-04 10:23:14.400  8821  9614 D CacheScan_ARMAGEDDON: index 192, Hit 0, Miss 1
10-04 10:23:14.400  8821  9614 D CacheScan_ARMAGEDDON: index 193, Hit 0, Miss 0
10-04 10:23:14.401  8821  9614 D CacheScan_ARMAGEDDON: index 194, Hit 0, Miss 0
10-04 10:23:14.401  8821  9614 D CacheScan_ARMAGEDDON: index 195, Hit 0, Miss 0
10-04 10:23:14.401  8821  9614 D CacheScan_ARMAGEDDON: index 196, Hit 0, Miss 0
10-04 10:23:14.402  8821  9614 D CacheScan_ARMAGEDDON: index 197, Hit 0, Miss 1
10-04 10:23:14.402  8821  9614 D CacheScan_ARMAGEDDON: index 198, Hit 0, Miss 0
10-04 10:23:14.402  8821  9614 D CacheScan_ARMAGEDDON: index 199, Hit 0, Miss 0
10-04 10:23:14.402  8821  9614 D CacheScan_ARMAGEDDON: cache 1000, mem 1000, max cache -1033330, max mem -134940295
10-04 10:23:14.402  8821  9614 D CacheScan_ARMAGEDDON: Currently the threshold is 1000
10-04 10:23:14.402  8821  9614 D CacheScan: Threshold Level is at 0.2
10-04 10:23:14.402  8821  9614 D AddressScan: Initialize CacheScan
10-04 10:23:14.402  8821  9614 D AddressScan: pid 8821
10-04 10:23:14.409  8821  9614 D AddressScan: odc Optional[75df8de000-75e0354000 r-xp 0019e000 fd:0a 25645                          /data/app/~~QXDhs4ZG37GmbDbeWv-2dA==/org.woheller69.weather-mCP1DnwB-kCcaBV40NuiLg==/oat/arm64/base.odex]
10-04 10:23:14.409  8821  9614 D OdexScan::: exec memory begin: 75df8de000
10-04 10:23:14.409  8821  9614 D OdexScan::: exec memory end: 75e0354000
10-04 10:23:14.409  8821  9614 D OdexScan::: exec offset: 19d000
10-04 10:23:14.409  8821  9614 D AddressScan: %%%% spLASH! getOdexBeginAddress8821
10-04 10:23:14.416  8821  9614 D AddressScan: %%%% spLASH! odc Optional[75df740000]
10-04 10:23:14.416  8821  9614 D AddressScan: Odex starting Address: 75df740000
10-04 10:23:14.416  8821  9614 D AddressScan: Odex x starting Address: 75dfa7b000
10-04 10:23:14.416  8821  9614 D CacheScan_DexInfo: adjust_threshold1 threshold before 1000 
10-04 10:23:14.421  8821  9614 D CacheScan_DexInfo: adjust_threshold1 final threshold 146 
10-04 10:23:14.422  8821  9614 D odex    :  end of for
10-04 10:23:14.422  8821  9614 D AddressScan: odex scanned offsets:506260094976,506266225072,506266251304,506269357500,506269358760,506269365620,506269366648,506269368096,506269371752,506269372908,506269373840,506272320060,506272320320,506272328800,506272329768,506272339348,506272340208,506272340964,506272341548,506272342248,506272344356
10-04 10:23:14.492  8821  8821 D SplashActivity#: currentViewId:1
10-04 10:23:14.492  8821  8821 D weather:AddressScan2: #4_1#
10-04 10:23:14.494  1159  4563 I ActivityTaskManager: START u0 {cmp=org.woheller69.weather/.activities.RainViewerActivity (has extras)} from uid 10466
10-04 10:23:14.495  1159  4563 D ActivityTaskManager: TaskLaunchParamsModifier:task=null activity=ActivityRecord{b9ae946 u0 org.woheller69.weather/.activities.RainViewerActivity display-area-from-source=DefaultTaskDisplayArea@266463799 task-display-area=DefaultTaskDisplayArea@266463799 display-area-windowing-mode=1
10-04 10:23:14.495  1159  4563 D ActivityTaskManager: TaskLaunchParamsModifier:task=Task{f75d9fd #460 visible=false type=standard mode=fullscreen translucent=true A=10466:org.woheller69.weather U=0 StackId=460 sz=2} activity=ActivityRecord{b9ae946 u0 org.woheller69.weather/.activities.RainViewerActivity t-1} display-from-task=0 task-display-area=DefaultTaskDisplayArea@266463799 display-area-windowing-mode=1 inherit-from-source=fullscreen activity-options-fullscreen=Rect(0, 0 - 0, 0) non-freeform-display maximized-bounds
10-04 10:23:14.495  1159  4563 I SemDvfsHyPerManager: acquire hyper - AMS_ACT_START/1159@15, type = -999
10-04 10:23:14.495  1159  4563 D ActivityManagerPerformance: AMP_acquire() ACT_START
10-04 10:23:14.495   978  1069 I HYPER-HAL: [RequestManager.cpp]acquire(): Acquired ID : 689740  [1159 / 15]    HINT : AMS_ACT_START    list : 
10-04 10:23:14.496   978  1069 I HYPER-HAL: [ResourceManager.cpp]updateResource(): [CPULittleMinFreq] UpdateResource Request ID : 689740    Value : 1804800
10-04 10:23:14.496  1044  1131 I SurfaceFlinger: id=663 createSurf (0x0),-1 flag=80004, ActivityRecord{b9ae946 u0 org.woheller69.weather/.activities.RainViewerActivity t460}#0
10-04 10:23:14.497   978  1069 I HYPER-HAL: [ResourceManager.cpp]updateResource(): [CPUMinFreq] UpdateResource Request ID : 689740    Value : 1900800
10-04 10:23:14.499  1159  4563 V WindowManager: Prepare app transition: transit=TRANSIT_ACTIVITY_OPEN mNextAppTransition=TRANSIT_UNSET alwaysKeepCurrent=false displayId=0 Callers=com.android.server.wm.DisplayContent.prepareAppTransition:5809 com.android.server.wm.DisplayContent.prepareAppTransition:5803 com.android.server.wm.ActivityStack.startActivityLocked:2595 com.android.server.wm.ActivityStarter.startActivityInner:2674 com.android.server.wm.ActivityStarter.startActivityUnchecked:2197 
10-04 10:23:14.503  8821  8821 I ViewRootImpl@475a93c[SplashActivity]: stopped(false) old=false
10-04 10:23:14.503  8821  8821 D SplashActivity: Inside onResume
10-04 10:23:14.507  8821  8821 I Choreographer: Skipped 98 frames!  The application may be doing too much work on its main thread.
10-04 10:23:14.507  1159  2269 V WindowManager: Relayout Window{9b1e7d4 u0 Toast}: viewVisibility=0 req=666x108
10-04 10:23:14.509  1159  2269 V WindowManager: Relayout hash=9b1e7d4, pid=8821: mAttrs={(0,168)(wrapxwrap) gr=BOTTOM CENTER sim={adjust=pan} ty=TOAST fmt=TRANSLUCENT wanim=0x1030004
10-04 10:23:14.509  1159  2269 V WindowManager:   fl=1000098
10-04 10:23:14.509  1159  2269 V WindowManager:   pfl=12000000
10-04 10:23:14.509  1159  2269 V WindowManager:   fitTypes=STATUS_BARS NAVIGATION_BARS CAPTION_BAR
10-04 10:23:14.509  1159  2269 V WindowManager:   fitIgnoreVis naviIconColor=0}
10-04 10:23:14.509  1159  2269 I SurfaceControl: nativeRelease nativeObject s[-5476376636675347920]
10-04 10:23:14.509  1159  2269 I SurfaceControl: nativeRelease nativeObject e[-5476376636675347920]
10-04 10:23:14.510  8821  8821 I SurfaceControl: nativeRelease nativeObject s[510206114288]
10-04 10:23:14.510  8821  8821 I SurfaceControl: nativeRelease nativeObject e[510206114288]
10-04 10:23:14.511  8821  8821 I SurfaceControl: assignNativeObject: nativeObject = 0 Surface(name=null)/@0x7fe1c44 / android.view.SurfaceControl.readFromParcel:1117 android.view.IWindowSession$Stub$Proxy.relayout:1820 android.view.ViewRootImpl.relayoutWindow:9005 android.view.ViewRootImpl.performTraversals:3360 android.view.ViewRootImpl.doTraversal:2618 android.view.ViewRootImpl$TraversalRunnable.run:9971 android.view.Choreographer$CallbackRecord.run:1010 android.view.Choreographer.doCallbacks:809 android.view.Choreographer.doFrame:744 android.view.Choreographer$FrameDisplayEventReceiver.run:995 
10-04 10:23:14.511  8821  8821 I ViewRootImpl@a77c5b1[Toast]: Relayout returned: old=(207,1998,873,2106) new=(207,1998,873,2106) req=(666,108)0 dur=4 res=0x1 s={true 514500807920} ch=false fn=2
10-04 10:23:14.514  8821  9590 I OpenGLRenderer: Davey! duration=831ms; Flags=1, IntendedVsync=67856900482047, Vsync=67857717148681, OldestInputEvent=9223372036854775807, NewestInputEvent=0, HandleInputStart=67857724630103, AnimationStart=67857724631353, PerformTraversalsStart=67857724632186, DrawStart=67857730143436, SyncQueued=67857730159999, SyncStart=67857730348697, IssueDrawCommandsStart=67857730426717, SwapBuffers=67857731323228, FrameCompleted=67857731720832, DequeueBufferDuration=361823, QueueBufferDuration=257291, GpuCompleted=4575657221408423936, 
10-04 10:23:14.515  1159  2269 V WindowManager: Relayout Window{d699f74 u0 org.woheller69.weather/org.woheller69.weather.activities.SplashActivity}: viewVisibility=0 req=1080x2400
10-04 10:23:14.520  1159  2269 V WindowManager: Relayout hash=d699f74, pid=8821: mAttrs={(0,0)(fillxfill) sim={adjust=pan} ty=BASE_APPLICATION wanim=0x1030304
10-04 10:23:14.520  1159  2269 V WindowManager:   fl=81810100
10-04 10:23:14.520  1159  2269 V WindowManager:   pfl=12020000
10-04 10:23:14.520  1159  2269 V WindowManager:   fitSides= naviIconColor=0}
10-04 10:23:14.520  1159  2269 I SurfaceControl: nativeRelease nativeObject s[-5476376636675347920]
10-04 10:23:14.520  1159  2269 I SurfaceControl: nativeRelease nativeObject e[-5476376636675347920]
10-04 10:23:14.521  8821  8821 I SurfaceControl: nativeRelease nativeObject s[510206102848]
10-04 10:23:14.521  8821  8821 I SurfaceControl: nativeRelease nativeObject e[510206102848]
10-04 10:23:14.521  8821  8821 I SurfaceControl: assignNativeObject: nativeObject = 0 Surface(name=null)/@0xa13d96c / android.view.SurfaceControl.readFromParcel:1117 android.view.IWindowSession$Stub$Proxy.relayout:1820 android.view.ViewRootImpl.relayoutWindow:9005 android.view.ViewRootImpl.performTraversals:3360 android.view.ViewRootImpl.doTraversal:2618 android.view.ViewRootImpl$TraversalRunnable.run:9971 android.view.Choreographer$CallbackRecord.run:1010 android.view.Choreographer.doCallbacks:809 android.view.Choreographer.doFrame:744 android.view.Choreographer$FrameDisplayEventReceiver.run:995 
10-04 10:23:14.522  8821  8821 I SurfaceControl: nativeRelease nativeObject s[510206121680]
10-04 10:23:14.522  8821  8821 I SurfaceControl: nativeRelease nativeObject e[510206121680]
10-04 10:23:14.522  8821  8821 I SurfaceControl: nativeRelease nativeObject s[510206123088]
10-04 10:23:14.522  8821  8821 I SurfaceControl: nativeRelease nativeObject e[510206123088]
10-04 10:23:14.522  8821  8821 I ViewRootImpl@475a93c[SplashActivity]: Relayout returned: old=(0,0,1080,2400) new=(0,0,1080,2400) req=(1080,2400)0 dur=8 res=0x1 s={true 514500764320} ch=false fn=3
10-04 10:23:14.523  1159  2269 D WindowManager: finishDrawingWindow: Window{9b1e7d4 u0 Toast} mDrawState=HAS_DRAWN
10-04 10:23:14.524  1159  4563 I ActivityTaskManager: Removing activity ActivityRecord{5da414f u0 org.woheller69.weather/.activities.ManageLocationsActivity t460 f}}(activityDestroyed)  from stack callers=com.android.server.wm.ActivityRecord.destroyed:3608 com.android.server.wm.ActivityTaskManagerService.activityDestroyed:2643 android.app.IActivityTaskManager$Stub.onTransact:2232 android.os.Binder.execTransactInternal:1195 android.os.Binder.execTransact:1159 
10-04 10:23:14.524  1159  4563 I SurfaceControl: nativeRelease nativeObject s[-5476376636675721216]
10-04 10:23:14.524  1159  4563 I SurfaceControl: nativeRelease nativeObject e[-5476376636675721216]
10-04 10:23:14.526  1044  1132 I Layer   : id=649 removeFromCurrentState ActivityRecord{5da414f u0 org.woheller69.weather/.activities.ManageLocationsActivity t460}#0 (67)
10-04 10:23:14.526  1044  1132 I SurfaceFlinger: id=649 Removed ActivityRecord{5da414f u0 org.woheller69.weather/.activities.ManageLocationsActivity t460}#0 (67)
10-04 10:23:14.527  1159  4514 D MARsPolicyManager: onPackageResumedFG pkgName = org.woheller69.weather, userId = 0
10-04 10:23:14.528  1159  4514 V WindowManager: Prepare app transition: transit=TRANSIT_ACTIVITY_OPEN mNextAppTransition=TRANSIT_ACTIVITY_OPEN alwaysKeepCurrent=false displayId=0 Callers=com.android.server.wm.DisplayContent.prepareAppTransition:5809 com.android.server.wm.DisplayContent.prepareAppTransition:5803 com.android.server.wm.ActivityStack.resumeTopActivityInnerLocked:2255 com.android.server.wm.ActivityStack.resumeTopActivityUncheckedLocked:1873 com.android.server.wm.RootWindowContainer.resumeFocusedStacksTopActivities:2678 
10-04 10:23:14.528  1159  4514 W ActivityTaskManager: Tried to set launchTime (0) < mLastActivityLaunchTime (67856722)
10-04 10:23:14.529  1159  4514 V WindowManager: rotationForOrientation(orient=SCREEN_ORIENTATION_UNSPECIFIED (-1), last=ROTATION_0 (0)); user=ROTATION_0 (0) 
10-04 10:23:14.529  1159  4514 D WindowManager: rotationForOrientation, orientationSource=ActivityRecord{b9ae946 u0 org.woheller69.weather/.activities.RainViewerActivity t460}
10-04 10:23:14.529  1159  4514 V WindowOrientationListener: getProposedRotation: -1
10-04 10:23:14.529  1159  4514 V WindowManager: rotationForOrientation(orient=SCREEN_ORIENTATION_UNSPECIFIED (-1), last=ROTATION_0 (0)); user=ROTATION_0 (0) 
10-04 10:23:14.529  1159  4514 D WindowManager: rotationForOrientation, orientationSource=ActivityRecord{b9ae946 u0 org.woheller69.weather/.activities.RainViewerActivity t460}
10-04 10:23:14.529  1159  4514 V WindowOrientationListener: getProposedRotation: -1
10-04 10:23:14.529  1159  4514 V WindowManager: Computed rotation=ROTATION_0 (0) for display id=0 based on lastOrientation=SCREEN_ORIENTATION_UNSPECIFIED (-1) and oldRotation=ROTATION_0 (0), caller=com.android.server.wm.DisplayRotation.updateOrientation:394 com.android.server.wm.DisplayContent.updateOrientation:1698 com.android.server.wm.DisplayContent.updateOrientation:1626 com.android.server.wm.RootWindowContainer.ensureVisibilityAndConfig:2165 com.android.server.wm.ActivityStackSupervisor.realStartActivityLocked:932 com.android.server.wm.ActivityStackSupervisor.startSpecificActivity:1247 
10-04 10:23:14.530  1159  4514 D TspStateManager: updateCustomValue customSetting=
10-04 10:23:14.530  1159  4514 V WindowManager: rotationForOrientation(orient=SCREEN_ORIENTATION_UNSPECIFIED (-1), last=ROTATION_0 (0)); user=ROTATION_0 (0) 
10-04 10:23:14.530  1159  4514 D WindowManager: rotationForOrientation, orientationSource=ActivityRecord{b9ae946 u0 org.woheller69.weather/.activities.RainViewerActivity t460}
10-04 10:23:14.530  1159  4514 V WindowOrientationListener: getProposedRotation: -1
10-04 10:23:14.530  1159  4514 D TspStateManager: updateCustomValue customSetting=
10-04 10:23:14.531  1159  4514 D PkgDataHelper: notifyAppCreate(), pkgName: org.woheller69.weather, sendRet: true
10-04 10:23:14.532  1159  2064 D GameManagerService: onLooperPrepared(), msg: MSG_APP_CREATE, pkgName: org.woheller69.weather
10-04 10:23:14.532  1044  1044 I Layer   : id=649[1] Destroyed ActivityRecord{5da414f u0 org.woheller69.weather/.activities.ManageLocationsActivity t460}#0
10-04 10:23:14.536  1159  4514 D InputDispatcher: Focused application set to (0): b9ae946
10-04 10:23:14.538  1159  4514 V WindowManager: Changing focus from Window{d699f74 u0 org.woheller69.weather/org.woheller69.weather.activities.SplashActivity} to null displayId=0 Callers=com.android.server.wm.RootWindowContainer.updateFocusedWindowLocked:567 com.android.server.wm.WindowManagerService.updateFocusedWindowLocked:6311 com.android.server.wm.DisplayContent.setFocusedApp:6775 com.android.server.wm.ActivityTaskManagerService.setResumedActivityUncheckLocked:6725 
10-04 10:23:14.538  1159  4514 D StatusBarManagerService: notifyRequestedSystemKey recent=false home=false
10-04 10:23:14.539  1159  4514 D MARsPolicyManager: onPackageResumedFG pkgName = org.woheller69.weather, userId = 0
10-04 10:23:14.540  1159  4514 W WindowManager: Execute app transition: mNextAppTransition=TRANSIT_ACTIVITY_OPEN, displayId: 0 Callers=com.android.server.wm.RootWindowContainer.executeAppTransitionForAllDisplay:2599 com.android.server.wm.ActivityStackSupervisor.reportResumedActivityLocked:2274 com.android.server.wm.ActivityRecord.completeResumeLocked:5710 com.android.server.wm.ActivityStack.minimalResumeActivityLocked:1225 com.android.server.wm.ActivityStackSupervisor.realStartActivityLocked:1160 
10-04 10:23:14.543  8821  8821 I ViewRootImpl@475a93c[SplashActivity]: MSG_WINDOW_FOCUS_CHANGED 1 1
10-04 10:23:14.543  8821  8821 D InputMethodManager: prepareNavigationBarInfo() DecorView@75efae0[SplashActivity]
10-04 10:23:14.544  8821  8821 D InputMethodManager: getNavigationBarColor() -16711423
10-04 10:23:14.544  8821  8821 D InputMethodManager: prepareNavigationBarInfo() DecorView@75efae0[SplashActivity]
10-04 10:23:14.544  8821  8821 D InputMethodManager: getNavigationBarColor() -16711423
10-04 10:23:14.544  8821  8821 V InputMethodManager: Starting input: tba=org.woheller69.weather ic=null mNaviBarColor -16711423 mIsGetNaviBarColorSuccess true , NavVisible : true , NavTrans : false
10-04 10:23:14.544  8821  8821 D InputMethodManager: startInputInner - Id : 0
10-04 10:23:14.544  8821  8821 I InputMethodManager: startInputInner - mService.startInputOrWindowGainedFocus
10-04 10:23:14.546  1159  4563 D InputMethodManagerService: mSecureKeypadEnabled = false
10-04 10:23:14.547  1159  4563 V InputMethodManagerService: Unspecified window will hide input
10-04 10:23:14.547  1159  4563 V InputMethodManagerService: hideCurrentInputLocked : shouldHideSoftInput is false
10-04 10:23:14.547  1159  4563 D InputMethodManagerService: mDesktopModeManager null!
10-04 10:23:14.547  1159  4563 V InputMethodManagerService: getDisplayIdOfInputMethodWindowToBeAdded : 0
10-04 10:23:14.548  1159  4563 V InputMethodManagerService: Hide switching menu
10-04 10:23:14.548  1159  4563 D SamsungIMMSHWKeyboard: isConnectedDexOnPC false
10-04 10:23:14.548  1159  4563 D InputMethodManagerService: isImeSwitcherDisabledPackage : false
10-04 10:23:14.548  1159  1206 D GameManagerService: notePauseComponent(), received paused-component: org.woheller69.weather
10-04 10:23:14.548  1159  4563 V InputMethodManagerService: Creating new session for client ClientState{105e034 uid=10466 pid=8821 displayId=0}
10-04 10:23:14.548  1159  4563 D InputTransport: Input channel constructed: 'ClientS', fd=631
10-04 10:23:14.548  1159  4563 D InputTransport: Input channel constructed: 'ClientS', fd=632
10-04 10:23:14.548  1159  4563 D InputTransport: Input channel destroyed: 'ClientS', fd=632
10-04 10:23:14.550  1159  3853 I InputDispatcher: Focus left window (8821): d699f74 in display 0 0
10-04 10:23:14.552  1159  2269 D InputMethodManagerService: checkDisplayOfStartInputAndUpdateKeyboard display Id 0last 0
10-04 10:23:14.552  1159  2269 D InputTransport: Input channel constructed: 'ClientS', fd=632
10-04 10:23:14.552  1159  2269 D InputTransport: Input channel destroyed: 'ClientS', fd=632
10-04 10:23:14.552  8821  9586 D InputTransport: Input channel constructed: 'ClientS', fd=89
10-04 10:23:14.554  1159  4514 I WindowManager: Cancelling animation restarting=true, leash=Surface(name=Surface(name=b7d7543 InputMethod)/@0xa8c443e - animation-leash)/@0x2b0742b
10-04 10:23:14.554  1159  4514 I WindowManager: Reparenting to original parent: Surface(name=WindowToken{c1e4cbb android.os.Binder@1fe954a})/@0x78229f, destroy=false, surface=Surface(name=b7d7543 InputMethod)/@0xa8c443e
10-04 10:23:14.554  1159  4514 I SurfaceControl: nativeRelease nativeObject s[-5476376636675291248]
10-04 10:23:14.554  1159  4514 I SurfaceControl: nativeRelease nativeObject e[-5476376636675291248]
10-04 10:23:14.554  1159  4514 I WindowManager: Reparenting to leash, surface=Surface(name=b7d7543 InputMethod)/@0xa8c443e, leashParent=Surface(name=WindowToken{c1e4cbb android.os.Binder@1fe954a})/@0x78229f
10-04 10:23:14.554  1044  1255 I SurfaceFlinger: id=664 createSurf (0x0),-1 flag=24004, Surface(name=b7d7543 InputMethod)/@0xa8c443e - animation-leash#0
10-04 10:23:14.555  1159  4514 D WindowManager: makeSurface duration=1 leash=Surface(name=Surface(name=b7d7543 InputMethod)/@0xa8c443e - animation-leash)/@0xa35dca3
10-04 10:23:14.555 17314 17314 I HBD     : HoneyBoardService onFinishInput 
10-04 10:23:14.556 17314 17314 I HBD     : a IC have been unbinded,  InputConnectionWrapper{idHash=#b17e57d mMissingMethods=}
10-04 10:23:14.556 17314 17314 I HBD     : HoneyBoardService [PF_CL][onFinishInput]  543334 ns 
10-04 10:23:14.556 17314 17314 I HBD     : HoneyBoardService [IMI] onStartInput - caller pid : 8821 , caller uid : 10466 
10-04 10:23:14.556 17314 17314 I HBD     : i updateConfigs 
10-04 10:23:14.556 17314 17314 I HBD     : i isEnabledNightMode : true 
10-04 10:23:14.556 17314 17314 I HBD     : a IC have been binded, InputConnectionWrapper{idHash=#3d068c3 mMissingMethods=} 
10-04 10:23:14.556 17314 17314 I HBD     : h [EditorInputType]setPrivateImeOptionsToTable privateImeOptions ( null )
10-04 10:23:14.557 17314 17314 I HBD     : b incognitoMode : false 
10-04 10:23:14.557 17314 17314 I HBD     : a needOff = true , isForceOff = false, isNullInputClass : true 
10-04 10:23:14.557 17314 17314 I HBD     : h getDefaultInputRange : UNKNOWN 
10-04 10:23:14.557 17314 17314 I HBD     : h getDefaultInputRange : UNKNOWN 
10-04 10:23:14.557 17314 17314 I HBD     : h getDefaultInputRange : UNKNOWN 
10-04 10:23:14.557  1159  4514 D SdpManagerService: Not an enterprise user : 0
10-04 10:23:14.558 17314 17314 I HBD     : h getDefaultInputRange : UNKNOWN 
10-04 10:23:14.558 17314 17314 I HBD     : a currentState : 0 
10-04 10:23:14.558  1044  1255 I Layer   : id=640 removeFromCurrentState Surface(name=b7d7543 InputMethod)/@0xa8c443e - animation-leash#1 (67)
10-04 10:23:14.560  8821  8821 D RainViewerActivity: Inside onCreate
10-04 10:23:14.560  8821  8821 D weather:AddressScan2: #4_0#
10-04 10:23:14.560  8821  8821 D configMap rain extras.getString("targetMethods") : ChildB.methodB,ChildC.methodC
10-04 10:23:14.560  8821  8821 D configMap rain : [ChildB.methodB, ChildC.methodC] 30 100 2
10-04 10:23:14.560  8821  8821 D delay:  : 0
10-04 10:23:14.560  8821  8821 D weather:AddressScan2: #4_1_1#
10-04 10:23:14.560 17314 17314 I HBD     : h load selected json info : {"version":"1.0","currentLanguageOrder":0,"selected":[{"activeOptionList":["auto_replace","auto_spacing"],"engName":"English","id":65538,"inputType":"qwerty","isUsed":true}]} 
10-04 10:23:14.560  8821  8821 D weather:AddressScan2: #4_1_0#0
10-04 10:23:14.560  8821  8821 D delay:  : 21
10-04 10:23:14.561 17314 17314 I HBD     : a [UpdatePolicy] [post] a: 0 cl: 65538 kit: [0/0] vt: 0 ir: 1 
10-04 10:23:14.562  2602  2602 I SurfaceControl: nativeRelease nativeObject s[-5476376636676292336]
10-04 10:23:14.562  2602  2602 I SurfaceControl: nativeRelease nativeObject e[-5476376636676292336]
10-04 10:23:14.562 17314 17314 I HBD     : HoneyBoardService [PF_OP][onStartInput]  5488698 ns 
10-04 10:23:14.562  1044  1255 I SurfaceFlinger: id=640 Removed Surface(name=b7d7543 InputMethod)/@0xa8c443e - animation-leash#1 (67)
10-04 10:23:14.566  1044  1044 I Layer   : id=640[1] Destroyed Surface(name=b7d7543 InputMethod)/@0xa8c443e - animation-leash#1
10-04 10:23:14.570   975  7745 I sensors-hal: handle_sns_std_sensor_event:225, [SSC_LIGHT] P: 14(14),als:71,green:12,ir:5,delta_avg:1,delta_max:26,stdev:8,stdev_per_4sample:2,magig_code or itime:576
10-04 10:23:14.576  1159  1159 I CocktailBarManagerServiceContainer: handleMessage: entry what = 5
10-04 10:23:14.578  1159  1206 D GameManagerService: noteResumeComponent(), received resumed-component: org.woheller69.weather
10-04 10:23:14.578  1159  1206 I GameSDK@LifeCycle: noteResumeComponent(): package name  : org.woheller69.weather
10-04 10:23:14.578  1159  2064 D GameManagerService: onLooperPrepared(), msg: MSG_APP_RESUME, resumeComponent: ComponentInfo{org.woheller69.weather/org.woheller69.weather.activities.RainViewerActivity}
10-04 10:23:14.578  1159  2064 D GameManagerService: handleResume().
10-04 10:23:14.578  1159  2064 D GameManagerService:   handleResume(). same package with Prev KILL_YOURSELF. ignore
10-04 10:23:14.581  8821  8821 D weather:AddressScan2: #4_2_1#
10-04 10:23:14.604  8821  9583 W System  : A resource failed to call close. 
10-04 10:23:14.604  8821  9583 W System  : A resource failed to call close. 
10-04 10:23:14.877  5669  5669 I Utils   : isCurrentUser current = 0, ownerId = 0
10-04 10:23:14.878  5669  5669 I TrayVisibilityController: getComputedTrayVisible : keyguardState = 1
10-04 10:23:14.878  5669  5669 I TrayVisibilityController: updateTrayVisible: State=1 visible=1 mCurrentVisible=1 specificMode=0
10-04 10:23:14.878  5669  5669 I TrayStateController: onNotifyUpdateTray: 0 to need to visible? true
10-04 10:23:14.969  8821  8821 D weather:AddressScan2: #4_2_0#16187
10-04 10:23:14.970  8821  8821 D delay:  : 16
10-04 10:23:14.986  8821  8821 D weather:AddressScan2: #4_1_1#
10-04 10:23:14.986  8821  8821 D weather:AddressScan2: #4_1_0#0
10-04 10:23:14.986  8821  8821 D delay:  : 162
10-04 10:23:15.011  8821  9583 W System  : A resource failed to call close. 
10-04 10:23:15.041  1159  9633 D TspStateManager: update cmd=set_grip_data,1,45,7,24,720
10-04 10:23:15.148  8821  8821 D weather:AddressScan2: #4_2_1#
10-04 10:23:15.503  1159  1159 I WindowManager: Reparenting to leash, surface=Surface(name=9b1e7d4 Toast)/@0xc22a5be, leashParent=Surface(name=WindowToken{3135437 android.os.Binder@f255d36})/@0x834a61f
10-04 10:23:15.503  1044  1132 I SurfaceFlinger: id=665 createSurf (0x0),-1 flag=24000, Surface(name=9b1e7d4 Toast)/@0xc22a5be - animation-leash#0
10-04 10:23:15.504  1159  1159 D WindowManager: makeSurface duration=1 leash=Surface(name=Surface(name=9b1e7d4 Toast)/@0xc22a5be - animation-leash)/@0x7028b2a
10-04 10:23:15.530   975  7745 I sensors-hal: handle_sns_std_sensor_event:225, [SSC_LIGHT] P: 14(14),als:71,green:12,ir:5,delta_avg:2,delta_max:25,stdev:6,stdev_per_4sample:2,magig_code or itime:576
10-04 10:23:15.765  2311  2458 D NetworkController.SecMobileSignalController(0/1): onSignalStrengthsChanged level=2
10-04 10:23:15.765  2311  2458 D MobileSignalIconsSelector: getDataIconGroup(): 13
10-04 10:23:15.946   678   678 I io_stats: !@   8,0 r 291962 10909620 w 470816 15064796 d 246318 243910248 f 190080 99048 iot 356052 235293 th 102400 0 0 pt 0 inp 0 0 67859.163
10-04 10:23:15.953  2311  2458 D NetworkController.SecMobileSignalController(0/1): onSignalStrengthsChanged level=2
10-04 10:23:15.953  2311  2458 D MobileSignalIconsSelector: getDataIconGroup(): 13
10-04 10:23:16.014  1159  1207 I WindowManager: Reparenting to original parent: Surface(name=WindowToken{3135437 android.os.Binder@f255d36})/@0x834a61f, destroy=true, surface=Surface(name=9b1e7d4 Toast)/@0xc22a5be
10-04 10:23:16.014  1159  1207 I SurfaceControl: nativeRelease nativeObject s[-5476376636675291424]
10-04 10:23:16.014  1159  1207 I SurfaceControl: nativeRelease nativeObject e[-5476376636675291424]
10-04 10:23:16.017  1044  1255 I Layer   : id=665 removeFromCurrentState Surface(name=9b1e7d4 Toast)/@0xc22a5be - animation-leash#0 (67)
10-04 10:23:16.018  1044  1255 I SurfaceFlinger: id=665 Removed Surface(name=9b1e7d4 Toast)/@0xc22a5be - animation-leash#0 (67)
10-04 10:23:16.022  1044  1044 I Layer   : id=665[1] Destroyed Surface(name=9b1e7d4 Toast)/@0xc22a5be - animation-leash#0
10-04 10:23:16.490   975  7745 I sensors-hal: handle_sns_std_sensor_event:225, [SSC_LIGHT] P: 14(14),als:71,green:12,ir:5,delta_avg:1,delta_max:26,stdev:7,stdev_per_4sample:2,magig_code or itime:576
10-04 10:23:16.496  1159  3042 I SemDvfsHyPerManager: acquire hyper - AMS_RESUME_TAIL/1159@17, type = -999
10-04 10:23:16.496  1159  3042 I SemDvfsHyPerManager: acquire hyper - AMS_ACT_LAZY/1159@18, type = -999
10-04 10:23:16.496  1159  3042 D ActivityManagerPerformance: AMP_acquire() TAIL
10-04 10:23:16.497  1159  3042 D ActivityManagerPerformance: AMP_release() ACT_START
10-04 10:23:16.497   978  1069 I HYPER-HAL: [RequestManager.cpp]acquire(): Acquired ID : 692093  [1159 / 17]    HINT : AMS_RESUME_TAIL    list : 
10-04 10:23:16.498  8821  9616 D CacheScan_DexInfo: sidescandb GetTimes Loglength 27888
10-04 10:23:16.498  8821  9616 D CacheScan_DexInfo: sidescandb getLogs
10-04 10:23:16.498  8821  9616 D sidescandb: returned from getLogs
10-04 10:23:16.498  8821  9616 D CacheScan_DexInfo: sidescandb timingCounts 27888
10-04 10:23:16.499  8821  9616 D CacheScan_DexInfo: sidescandb GetAddresses Loglength 27888
10-04 10:23:16.499   978  1069 I HYPER-HAL: [ResourceManager.cpp]updateResource(): [CPUMinFreq] UpdateResource Request ID : 692093    Value : 1248000
10-04 10:23:16.499   978  1069 I HYPER-HAL: [RequestManager.cpp]acquire(): Acquired ID : 693271  [1159 / 18]    HINT : AMS_ACT_LAZY    list : 
10-04 10:23:16.499  8821  9616 D sidescandb:  addresses: 27888
10-04 10:23:16.499  8821  9616 D sidescandb:  logs: 27888
10-04 10:23:16.499  8821  9616 D sidescandb:  times: 27888
10-04 10:23:16.500   978  1069 I HYPER-HAL: [ResourceManager.cpp]removeResource(): [CPULittleMinFreq] RemoveResource Request ID : 689740
10-04 10:23:16.502   978  1069 I HYPER-HAL: [ResourceManager.cpp]removeResource(): [CPUMinFreq] RemoveResource Request ID : 689740
10-04 10:23:16.503   978  1069 I HYPER-HAL: [RequestManager.cpp]releaseLocked(): Released ID : 689740
10-04 10:23:16.541  8821  9616 D sidescandb: sideChannelValues.size() 27888
10-04 10:23:16.693  1159  3475 E TaskPersister: File error accessing recents directory (directory doesn't exist?).
10-04 10:23:16.711  8821  8821 D weather:AddressScan2: #4_2_0#46181
10-04 10:23:16.713  8821  8821 I DecorView: [INFO] isPopOver=false, config=true
10-04 10:23:16.713  8821  8821 I DecorView: updateCaptionType >> DecorView@7f3ce2f[], isFloating=false, isApplication=true, hasWindowDecorCaption=false, hasWindowControllerCallback=true
10-04 10:23:16.713  8821  8821 D DecorView: setCaptionType = 0, this = DecorView@7f3ce2f[]
10-04 10:23:16.727  8821  8821 I WebViewFactory: Loading com.google.android.webview version 94.0.4606.61 (code 460606134)
10-04 10:23:16.744  8821  8821 I cr_WVCFactoryProvider: Loaded version=94.0.4606.61 minSdkVersion=29 isBundle=true multiprocess=true packageId=2
10-04 10:23:16.768  8821  8821 I cr_LibraryLoader: Successfully loaded native library
10-04 10:23:16.768  8821  8821 I cr_CachingUmaRecorder: Flushed 8 samples from 8 histograms.
10-04 10:23:16.781  1159  2104 D CompatibilityChangeReporter: Compat change id reported: 135634846; UID 10466; state: DISABLED
10-04 10:23:16.781  1159  2104 D CompatibilityChangeReporter: Compat change id reported: 135754954; UID 10466; state: ENABLED
10-04 10:23:16.781  1159  1217 D CompatibilityChangeReporter: Compat change id reported: 143937733; UID 10466; state: ENABLED
10-04 10:23:16.795  1159  2948 D CompatibilityChangeReporter: Compat change id reported: 136274596; UID 10466; state: DISABLED
10-04 10:23:16.796  1159  2948 I ActivityManager: Changes in 10240 5 to 3, 0 to 7 Caller=com.android.server.am.OomAdjuster.updateOomAdjLocked:402 com.android.server.am.OomAdjuster.updateOomAdjLocked:449 com.android.server.am.ActivityManagerService.updateOomAdjLocked:21546 com.android.server.am.ActiveServices.bindServiceLocked:2318 com.android.server.am.ActivityManagerService.bindIsolatedService:18124 android.app.IActivityManager$Stub.onTransact:3006 com.android.server.am.ActivityManagerService.onTransact:3628 
10-04 10:23:16.796  1159  2948 I AppOps  : updateUidProcState uid: 10240 procState: 3 capability:7
10-04 10:23:16.796  1159  2948 I AppOps  : commitUidPendingStateLocked() :: UID - 10240, 500 > 500, 0 > 7
10-04 10:23:16.800   978  9647 I HYPER-HAL: [ResourceManager.cpp]removeResource(): [CPUMinFreq] RemoveResource Request ID : 692093
10-04 10:23:16.800   978  9647 I HYPER-HAL: [RequestManager.cpp]releaseLocked(): Released ID : 692093
10-04 10:23:16.807  2403  2403 D Zygote  : Forked child process 9666
10-04 10:23:16.808  1159  1217 I ActivityManager: Start proc 9666:com.google.android.webview:sandboxed_process0:org.chromium.content.app.SandboxedProcessService0:0/u0i17 for  {org.woheller69.weather/org.chromium.content.app.SandboxedProcessService0:0}
10-04 10:23:16.808  1159  1217 I ActivityManager: check webview name : com.google.android.webview:sandboxed_process0:org.chromium.content.app.SandboxedProcessService0:0check hostingname webview : {org.woheller69.weather/org.chromium.content.app.SandboxedProcessService0:0}
10-04 10:23:16.808  1159  2104 I GenerationRegistry: mBackingStore.isClosed() : false
10-04 10:23:16.814  8821  9661 W chromium: [WARNING:dns_config_service_android.cc(153)] Failed to read DnsConfig.
10-04 10:23:16.824  9666  9666 E libc    : SetHeapTaggingLevel: re-enabling tagging after it was disabled is not supported
10-04 10:23:16.835  1159  4514 D ActivityManager: The following uid has registered to recieve broadcast for proxy related updates 10466
10-04 10:23:16.835  1159  4514 W ContextImpl: Calling a method in the system process without a qualified user: android.app.ContextImpl.sendBroadcast:1196 com.android.server.am.ActivityManagerService.requestKnoxVpnToSendProxyBroadcast:23974 com.android.server.am.ActivityManagerService.registerReceiverWithFeature:18651 android.app.IActivityManager$Stub.onTransact:2611 com.android.server.am.ActivityManagerService.onTransact:3628 
10-04 10:23:16.852  9666  9666 E ocessService0:: Not starting debugger since process cannot load the jdwp agent.
10-04 10:23:16.855  9666  9666 D ActivityThread: setConscryptValidator
10-04 10:23:16.855  9666  9666 D ActivityThread: setConscryptValidator - put
10-04 10:23:16.863  1159  2269 I ActivityManager: DSS OFF for org.woheller69.weather
10-04 10:23:16.864  1159  2269 D ActivityManager: attachApplicationLocked() app=ProcessRecord{3f33485 9666:com.google.android.webview:sandboxed_process0:org.chromium.content.app.SandboxedProcessService0:0/u0a466i17} app.isolatedEntryPoint=null instr2=null
10-04 10:23:16.865  1159  2269 D CompatibilityChangeReporter: Compat change id reported: 136274596; UID 10466; state: DISABLED
10-04 10:23:16.866  1159  2269 I ActivityManager: Changes in 99017 20 to 3, 0 to 7 Caller=com.android.server.am.OomAdjuster.updateOomAdjLocked:402 com.android.server.am.OomAdjuster.updateOomAdjLocked:449 com.android.server.am.ActivityManagerService.updateOomAdjLocked:21546 com.android.server.am.ActiveServices.realStartServiceLocked:3343 com.android.server.am.ActiveServices.attachApplicationLocked:4073 com.android.server.am.ActivityManagerService.attachApplicationLocked:6654 com.android.server.am.ActivityManagerService.attachApplication:6732 
10-04 10:23:16.866  1159  2269 I AppOps  : updateUidProcState uid: 99017 procState: 3 capability:7
10-04 10:23:16.866  1159  2269 I AppOps  : commitUidPendingStateLocked() :: UID - 99017, 700 > 500, 0 > 7
10-04 10:23:16.877  9666  9666 D ActivityThread: handleBindApplication()++ app=com.google.android.webview:sandboxed_process0:org.chromium.content.app.SandboxedProcessService0:0
10-04 10:23:16.877  8821  8821 V AutofillManager: receiver results: flags=7 enabled=true, enabledForAugmentedOnly: false
10-04 10:23:16.883   612   624 I servicemanager: network_management is isloated, getService has failed.
10-04 10:23:16.884   612   624 I servicemanager: connectivity is isloated, getService has failed.
10-04 10:23:16.899  9666  9666 D LoadedApk: LoadedApk::makeApplication() appContext=android.app.ContextImpl@5c7f2b9 appContext.mOpPackageName=org.woheller69.weather appContext.mBasePackageName=org.woheller69.weather appContext.mPackageInfo=android.app.LoadedApk@62ce6fe
10-04 10:23:16.899  9666  9666 D NetworkSecurityConfig: No Network Security Config specified, using platform default
10-04 10:23:16.905  9666  9666 D NetworkSecurityConfig: No Network Security Config specified, using platform default
10-04 10:23:16.906  9666  9666 I cr_WebViewApkApp: Launched version=94.0.4606.61 minSdkVersion=29 isBundle=true processName=com.google.android.webview:sandboxed_process0:org.chromium.content.app.SandboxedProcessService0:0
10-04 10:23:16.907  9666  9666 D ActivityThread: handleBindApplication() -- skipGraphicsSupport=false
10-04 10:23:16.910  9666  9666 I cr_ChildProcessService: Creating new ChildProcessService pid=9666
10-04 10:23:16.952  1159  2206 I WifiConnectivityMonitor: scoreQcCheck - less than 50 : s2Score : 48
10-04 10:23:16.964  8821  8821 D RainViewerActivity: Inside onStart
10-04 10:23:16.964  1159  2269 V WindowManager: Prepare app transition: transit=TRANSIT_ACTIVITY_CLOSE mNextAppTransition=TRANSIT_ACTIVITY_OPEN alwaysKeepCurrent=false displayId=0 Callers=com.android.server.wm.DisplayContent.prepareAppTransition:5809 com.android.server.wm.DisplayContent.prepareAppTransition:5803 com.android.server.wm.ActivityRecord.finishIfPossible:3181 com.android.server.wm.ActivityTaskManagerService.finishActivity:2434 android.app.IActivityTaskManager$Stub.onTransact:2140 
10-04 10:23:16.966  1159  2269 I ActivityTaskManager: Remove from unknown app
10-04 10:23:16.968  1159  2060 I InputDispatcher: d699f74 org.woheller69.weather/org.woheller69.weather.activities.SplashActivity (server) spent 2418ms [seq=17055] processing FocusEvent(hasFocus=false)
10-04 10:23:16.970  8821  8821 D InputMethodManager: prepareNavigationBarInfo() DecorView@75efae0[SplashActivity]
10-04 10:23:16.970  8821  8821 D InputMethodManager: getNavigationBarColor() -16711423
10-04 10:23:16.970  8821  8821 V InputMethodManager: Starting input: tba=org.woheller69.weather ic=null mNaviBarColor -16711423 mIsGetNaviBarColorSuccess true , NavVisible : true , NavTrans : false
10-04 10:23:16.970  8821  8821 D InputMethodManager: startInputInner - Id : 0
10-04 10:23:16.971  8821  8821 I SurfaceControl: nativeRelease nativeObject s[510206125024]
10-04 10:23:16.971  8821  8821 I SurfaceControl: nativeRelease nativeObject e[510206125024]
10-04 10:23:16.971  8821  8821 I SurfaceControl: nativeRelease nativeObject s[510206102848]
10-04 10:23:16.971  8821  8821 I SurfaceControl: nativeRelease nativeObject e[510206102848]
10-04 10:23:16.973  8821  8821 I ViewRootImpl@a77c5b1[Toast]: dispatchDetachedFromWindow
10-04 10:23:16.973  8821  8821 I SurfaceControl: nativeRelease nativeObject s[510206114112]
10-04 10:23:16.973  8821  8821 I SurfaceControl: nativeRelease nativeObject e[510206114112]
10-04 10:23:16.974  1159  2104 D InputTransport: Input channel destroyed: '9b1e7d4', fd=657
10-04 10:23:16.974  1159  2269 D SamsungIMMSHWKeyboard: isConnectedDexOnPC false
10-04 10:23:16.974  1159  2104 I WindowManager: Reparenting to leash, surface=Surface(name=9b1e7d4 Toast)/@0xc22a5be, leashParent=Surface(name=WindowToken{3135437 android.os.Binder@f255d36})/@0x834a61f
10-04 10:23:16.974  1044  1132 I SurfaceFlinger: id=666 createSurf (0x0),-1 flag=24000, Surface(name=9b1e7d4 Toast)/@0xc22a5be - animation-leash#0
10-04 10:23:16.975  1159  2104 D WindowManager: makeSurface duration=1 leash=Surface(name=Surface(name=9b1e7d4 Toast)/@0xc22a5be - animation-leash)/@0x8b95965
10-04 10:23:16.975  1159  2104 V WindowManager: removeIfPossible 2, Window{9b1e7d4 u0 Toast}: mAnimatingExit=true caller=com.android.server.wm.WindowState.removeIfPossible:2688 com.android.server.wm.WindowManagerService.removeWindow:2186 com.android.server.wm.Session.remove:199 android.view.IWindowSession$Stub.onTransact:813 com.android.server.wm.Session.onTransact:145 
10-04 10:23:16.976  8821  8821 D InputTransport: Input channel destroyed: '9b1e7d4', fd=86
10-04 10:23:16.976  1159  4481 W NotificationService: Toast already killed. pkg=org.woheller69.weather token=android.os.BinderProxy@946063a
10-04 10:23:16.983  1159  2269 D InputMethodManagerService: isImeSwitcherDisabledPackage : false
10-04 10:23:16.987  1159  1206 D GameManagerService: notePauseComponent(), received paused-component: org.woheller69.weather
10-04 10:23:16.987  1159  2269 D MARsPolicyManager: onPackageResumedFG pkgName = org.woheller69.weather, userId = 0
10-04 10:23:16.987  1159  2269 I SemDvfsHyPerManager: acquire hyper - AMS_ACT_RESUME/1159@19, type = -999
10-04 10:23:16.988   978  1069 I HYPER-HAL: [RequestManager.cpp]acquire(): Acquired ID : 694450  [1159 / 19]    HINT : AMS_ACT_RESUME    list : 
10-04 10:23:16.989  1159  2269 D ActivityManagerPerformance: AMP_acquire() ACT_RESUME
10-04 10:23:16.990   978  1069 I HYPER-HAL: [ResourceManager.cpp]updateResource(): [CPUMinFreq] UpdateResource Request ID : 694450    Value : 1766400
10-04 10:23:16.991  1159  2269 V WindowManager: Prepare app transition: transit=TRANSIT_ACTIVITY_CLOSE mNextAppTransition=TRANSIT_ACTIVITY_OPEN alwaysKeepCurrent=false displayId=0 Callers=com.android.server.wm.DisplayContent.prepareAppTransition:5809 com.android.server.wm.DisplayContent.prepareAppTransition:5803 com.android.server.wm.ActivityStack.resumeTopActivityInnerLocked:2243 com.android.server.wm.ActivityStack.resumeTopActivityUncheckedLocked:1873 com.android.server.wm.RootWindowContainer.resumeFocusedStacksTopActivities:2678 
10-04 10:23:16.991  1159  2269 D InputDispatcher: Focused application set to (0): 2e6e654
10-04 10:23:16.993  1159  2269 V WindowManager: Changing focus from null to Window{d699f74 u0 org.woheller69.weather/org.woheller69.weather.activities.SplashActivity} displayId=0 Callers=com.android.server.wm.RootWindowContainer.updateFocusedWindowLocked:567 com.android.server.wm.WindowManagerService.updateFocusedWindowLocked:6311 com.android.server.wm.DisplayContent.setFocusedApp:6775 com.android.server.wm.ActivityTaskManagerService.setResumedActivityUncheckLocked:6725 
10-04 10:23:16.993  1159  2269 D StatusBarManagerService: notifyRequestedSystemKey recent=false home=false
10-04 10:23:16.994  1159  2269 V WindowManager: rotationForOrientation(orient=SCREEN_ORIENTATION_UNSPECIFIED (-1), last=ROTATION_0 (0)); user=ROTATION_0 (0) 
10-04 10:23:16.994  1159  2269 D WindowManager: rotationForOrientation, orientationSource=ActivityRecord{2e6e654 u0 org.woheller69.weather/.activities.SplashActivity t460}
10-04 10:23:16.994  1159  2269 V WindowOrientationListener: getProposedRotation: -1
10-04 10:23:16.995  1159  2269 V WindowManager: Computed rotation=ROTATION_0 (0) for display id=0 based on lastOrientation=SCREEN_ORIENTATION_UNSPECIFIED (-1) and oldRotation=ROTATION_0 (0), caller=com.android.server.wm.DisplayRotation.updateOrientation:394 com.android.server.wm.DisplayContent.updateOrientation:1698 com.android.server.wm.DisplayContent.updateOrientation:1626 com.android.server.wm.RootWindowContainer.ensureVisibilityAndConfig:2165 com.android.server.wm.ActivityStack.resumeTopActivityInnerLocked:2340 com.android.server.wm.ActivityStack.resumeTopActivityUncheckedLocked:1873 
10-04 10:23:16.995  1159  2269 D TspStateManager: updateCustomValue customSetting=
10-04 10:23:16.997  1159  2269 D TspStateManager: updateCustomValue customSetting=
10-04 10:23:16.998  1159  2269 D MARsPolicyManager: onPackageResumedFG pkgName = org.woheller69.weather, userId = 0
10-04 10:23:16.999  1159  2269 W WindowManager: Execute app transition: mNextAppTransition=TRANSIT_ACTIVITY_OPEN, displayId: 0 Callers=com.android.server.wm.RootWindowContainer.executeAppTransitionForAllDisplay:2599 com.android.server.wm.ActivityStackSupervisor.reportResumedActivityLocked:2274 com.android.server.wm.ActivityRecord.completeResumeLocked:5710 com.android.server.wm.ActivityStack.resumeTopActivityInnerLocked:2434 com.android.server.wm.ActivityStack.resumeTopActivityUncheckedLocked:1873 
10-04 10:23:17.002  1159  2269 D ActivityTaskManager: finishFixedRotationTransform, r=ActivityRecord{b9ae946 u0 org.woheller69.weather/.activities.RainViewerActivity t460 f}}, caller=com.android.server.wm.WindowToken.finishFixedRotationTransform:664 com.android.server.wm.DisplayContent$FixedRotationTransitionListener.onAppTransitionFinishedLocked:7025 com.android.server.wm.AppTransition.notifyAppTransitionFinishedLocked:552 com.android.server.wm.ActivityRecord.onAnimationFinished:7164 com.android.server.wm.ActivityRecord.postApplyAnimation:5013 
10-04 10:23:17.003  1159  2269 D ActivityTaskManager: finishFixedRotationTransform, r=ActivityRecord{2e6e654 u0 org.woheller69.weather/.activities.SplashActivity t460}, caller=com.android.server.wm.WindowToken.finishFixedRotationTransform:664 com.android.server.wm.DisplayContent$FixedRotationTransitionListener.onAppTransitionFinishedLocked:7025 com.android.server.wm.AppTransition.notifyAppTransitionFinishedLocked:552 com.android.server.wm.DisplayContent.handleAnimatingStoppedAndTransition:5836 com.android.server.wm.RootWindowContainer.checkAppTransitionReady:1265 
10-04 10:23:17.005  8821  8821 I ViewRootImpl@475a93c[SplashActivity]: MSG_WINDOW_FOCUS_CHANGED 0 1
10-04 10:23:17.005  8821  8821 D SplashActivity: Inside onActivityResult requestCode 1 resultCode: 0
10-04 10:23:17.014  1159  2948 I InputDispatcher: Focus entered window (8821): d699f74 in display 0 0
10-04 10:23:17.020  1159  1159 I CocktailBarManagerServiceContainer: handleMessage: entry what = 5
10-04 10:23:17.024  1159  1206 D GameManagerService: noteResumeComponent(), received resumed-component: org.woheller69.weather
10-04 10:23:17.025  1159  1206 I GameSDK@LifeCycle: noteResumeComponent(): package name  : org.woheller69.weather
10-04 10:23:17.025  1159  2064 D GameManagerService: onLooperPrepared(), msg: MSG_APP_RESUME, resumeComponent: ComponentInfo{org.woheller69.weather/org.woheller69.weather.activities.SplashActivity}
10-04 10:23:17.025  1159  2064 D GameManagerService: handleResume().
10-04 10:23:17.025  1159  2064 D GameManagerService:   handleResume(). same package with Prev KILL_YOURSELF. ignore
10-04 10:23:17.057  1159  1206 D PowerManagerService: [api] release WakeLock SCREEN_BRIGHT_WAKE_LOCK        'WindowManager' ON_AFTER_RELEASE ACQ=-3s403ms (uid=1000 pid=1159 pkg=android ws=WorkSource{10466})
10-04 10:23:17.057  1159  1206 D EdgeLightingManager: hideForWakeLock packageName=android
10-04 10:23:17.057  1159  1206 D EdgeLightingManager: isCallingUserSupported : callingUserId=0, mUserId=0, isDualAppId=false, isKnoxId=false
10-04 10:23:17.057  1159  1206 D EdgeLightingClientManager: isAvailableEdgeLighting: condition=2 mCondition=3 mIsConnected=false0
10-04 10:23:17.057  1159  1206 D EdgeLightingPolicyManager: isAcceptableApplication:  pkg=android , range=4 , includeAllApp=false , userId=0 , infoRange=0 , infoCategory=0
10-04 10:23:17.057  1159  1206 D EdgeLightingManager: hideForWakeLockInternal : return false by isAcceptableApplication.
10-04 10:23:17.057  1159  1206 D PowerManagerService: [api] applyWakeLockFlagsOnReleaseLocked : userActivityNoUpdateLocked is called : SCREEN_BRIGHT_WAKE_LOCK        'WindowManager' ON_AFTER_RELEASE (uid=1000 pid=1159 pkg=android ws=WorkSource{10466})
10-04 10:23:17.321  5669  5669 I Utils   : isCurrentUser current = 0, ownerId = 0
10-04 10:23:17.322  5669  5669 I TrayVisibilityController: getComputedTrayVisible : keyguardState = 1
10-04 10:23:17.322  5669  5669 I TrayVisibilityController: updateTrayVisible: State=1 visible=1 mCurrentVisible=1 specificMode=0
10-04 10:23:17.322  5669  5669 I TrayStateController: onNotifyUpdateTray: 0 to need to visible? true
10-04 10:23:17.450   975  7745 I sensors-hal: handle_sns_std_sensor_event:225, [SSC_LIGHT] P: 14(14),als:71,green:12,ir:5,delta_avg:1,delta_max:26,stdev:10,stdev_per_4sample:3,magig_code or itime:576
10-04 10:23:17.479  1159  1207 I WindowManager: Reparenting to original parent: Surface(name=WindowToken{3135437 android.os.Binder@f255d36})/@0x834a61f, destroy=true, surface=Surface(name=9b1e7d4 Toast)/@0xc22a5be
10-04 10:23:17.480  1159  1207 I SurfaceControl: nativeRelease nativeObject s[-5476376636675291424]
10-04 10:23:17.480  1159  1207 I SurfaceControl: nativeRelease nativeObject e[-5476376636675291424]
10-04 10:23:17.488  1044  1255 I Layer   : id=666 removeFromCurrentState Surface(name=9b1e7d4 Toast)/@0xc22a5be - animation-leash#0 (67)
10-04 10:23:17.489  1044  1255 I SurfaceFlinger: id=666 Removed Surface(name=9b1e7d4 Toast)/@0xc22a5be - animation-leash#0 (67)
10-04 10:23:17.491  1044  1044 D SurfaceFlinger: Display 19261213734341249 HWC layers:
10-04 10:23:17.491  1044  1044 D SurfaceFlinger:      DEVICE | 0xb4000076498d5840 | 0002 | RGBA_8888    |    0.0    0.0 1080.0 2400.0 |    0    0 1080 2400 | org.woheller69.weather/org.woheller6[...]er.activities.SplashActivity$_8821#0
10-04 10:23:17.491  1044  1044 D SurfaceFlinger:      DEVICE | 0xb4000076498cd6e0 | 0000 | RGBA_8888    |    0.0    0.0 1080.0   87.0 |    0    0 1080   87 | StatusBar$_2311#0
10-04 10:23:17.491  1044  1044 D SurfaceFlinger:      DEVICE | 0xb4000076498ddac0 | 0000 | RGBA_8888    |    0.0    0.0   67.0  342.0 | 1013  458 1080  800 | com.samsung.android.app.cocktailbars[...]arservice.CocktailBarService$_5669#0
10-04 10:23:17.491  1044  1044 D SurfaceFlinger:      DEVICE | 0xb4000076498dcef0 | 0000 | RGBA_8888    |    0.0    0.0 1080.0  126.0 |    0 2274 1080 2400 | NavigationBar0$_2311#0
10-04 10:23:17.491  1044  1044 D SurfaceFlinger: 
